19:58:00 **** Incremental Build of configuration Debug for project Discovery_USB_HOST_001 ****
make -j4 all 
arm-none-eabi-gcc "../Middlewares/ST/STM32_USB_Host_Library/Class/HID/Src/usbh_hid_test.c" -mcpu=cortex-m4 -std=gnu11 -g3 -DUSE_HAL_DRIVER -DDEBUG -DSTM32F407xx -c -I../USB_HOST/App -I../Drivers/CMSIS/Include -I../Middlewares/ST/STM32_USB_Host_Library/Class/HID/Inc -I../Drivers/STM32F4xx_HAL_Driver/Inc -I../Core/Inc -I../Drivers/CMSIS/Device/ST/STM32F4xx/Include -I../USB_HOST/Target -I../Drivers/STM32F4xx_HAL_Driver/Inc/Legacy -I../Middlewares/ST/STM32_USB_Host_Library/Core/Inc -O0 -ffunction-sections -fdata-sections -Wall -fstack-usage -MMD -MP -MF"Middlewares/ST/STM32_USB_Host_Library/Class/HID/Src/usbh_hid_test.d" -MT"Middlewares/ST/STM32_USB_Host_Library/Class/HID/Src/usbh_hid_test.o" --specs=nano.specs -mfpu=fpv4-sp-d16 -mfloat-abi=hard -mthumb -o "Middlewares/ST/STM32_USB_Host_Library/Class/HID/Src/usbh_hid_test.o"
../Middlewares/ST/STM32_USB_Host_Library/Class/HID/Src/usbh_hid_test.c: In function 'USBH_PRT_Process':
../Middlewares/ST/STM32_USB_Host_Library/Class/HID/Src/usbh_hid_test.c:193:18: warning: pointer targets in passing argument 1 of 'strlen' differ in signedness [-Wpointer-sign]
  193 |       if( strlen(buff) > 0 ) break;
      |                  ^~~~
      |                  |
      |                  uint8_t * {aka unsigned char *}
In file included from ../USB_HOST/Target/usbh_conf.h:32,
                 from ../Middlewares/ST/STM32_USB_Host_Library/Core/Inc/usbh_core.h:28,
                 from ../Middlewares/ST/STM32_USB_Host_Library/Class/HID/Inc/usbh_hid_test.h:11,
                 from ../Middlewares/ST/STM32_USB_Host_Library/Class/HID/Src/usbh_hid_test.c:8:
c:\st\stm32cubeide_1.6.0\stm32cubeide\plugins\com.st.stm32cube.ide.mcu.externaltools.gnu-tools-for-stm32.9-2020-q2-update.win32_1.5.0.202011040924\tools\arm-none-eabi\include\string.h:41:17: note: expected 'const char *' but argument is of type 'uint8_t *' {aka 'unsigned char *'}
   41 | size_t  strlen (const char *);
      |                 ^~~~~~~~~~~~
../Middlewares/ST/STM32_USB_Host_Library/Class/HID/Src/usbh_hid_test.c:197:17: warning: pointer targets in passing argument 1 of 'strlen' differ in signedness [-Wpointer-sign]
  197 |      if( strlen(buff) > 0 )
      |                 ^~~~
      |                 |
      |                 uint8_t * {aka unsigned char *}
In file included from ../USB_HOST/Target/usbh_conf.h:32,
                 from ../Middlewares/ST/STM32_USB_Host_Library/Core/Inc/usbh_core.h:28,
                 from ../Middlewares/ST/STM32_USB_Host_Library/Class/HID/Inc/usbh_hid_test.h:11,
                 from ../Middlewares/ST/STM32_USB_Host_Library/Class/HID/Src/usbh_hid_test.c:8:
c:\st\stm32cubeide_1.6.0\stm32cubeide\plugins\com.st.stm32cube.ide.mcu.externaltools.gnu-tools-for-stm32.9-2020-q2-update.win32_1.5.0.202011040924\tools\arm-none-eabi\include\string.h:41:17: note: expected 'const char *' but argument is of type 'uint8_t *' {aka 'unsigned char *'}
   41 | size_t  strlen (const char *);
      |                 ^~~~~~~~~~~~
../Middlewares/ST/STM32_USB_Host_Library/Class/HID/Src/usbh_hid_test.c:211:16: warning: pointer targets in passing argument 1 of 'strlen' differ in signedness [-Wpointer-sign]
  211 |      if(strlen(buff) > 16)
      |                ^~~~
      |                |
      |                uint8_t * {aka unsigned char *}
In file included from ../USB_HOST/Target/usbh_conf.h:32,
                 from ../Middlewares/ST/STM32_USB_Host_Library/Core/Inc/usbh_core.h:28,
                 from ../Middlewares/ST/STM32_USB_Host_Library/Class/HID/Inc/usbh_hid_test.h:11,
                 from ../Middlewares/ST/STM32_USB_Host_Library/Class/HID/Src/usbh_hid_test.c:8:
c:\st\stm32cubeide_1.6.0\stm32cubeide\plugins\com.st.stm32cube.ide.mcu.externaltools.gnu-tools-for-stm32.9-2020-q2-update.win32_1.5.0.202011040924\tools\arm-none-eabi\include\string.h:41:17: note: expected 'const char *' but argument is of type 'uint8_t *' {aka 'unsigned char *'}
   41 | size_t  strlen (const char *);
      |                 ^~~~~~~~~~~~
../Middlewares/ST/STM32_USB_Host_Library/Class/HID/Src/usbh_hid_test.c:243:28: warning: pointer targets in passing argument 1 of 'strlen' differ in signedness [-Wpointer-sign]
  243 |       memset(buff,0,strlen(buff));
      |                            ^~~~
      |                            |
      |                            uint8_t * {aka unsigned char *}
In file included from ../USB_HOST/Target/usbh_conf.h:32,
                 from ../Middlewares/ST/STM32_USB_Host_Library/Core/Inc/usbh_core.h:28,
                 from ../Middlewares/ST/STM32_USB_Host_Library/Class/HID/Inc/usbh_hid_test.h:11,
                 from ../Middlewares/ST/STM32_USB_Host_Library/Class/HID/Src/usbh_hid_test.c:8:
c:\st\stm32cubeide_1.6.0\stm32cubeide\plugins\com.st.stm32cube.ide.mcu.externaltools.gnu-tools-for-stm32.9-2020-q2-update.win32_1.5.0.202011040924\tools\arm-none-eabi\include\string.h:41:17: note: expected 'const char *' but argument is of type 'uint8_t *' {aka 'unsigned char *'}
   41 | size_t  strlen (const char *);
      |                 ^~~~~~~~~~~~
../Middlewares/ST/STM32_USB_Host_Library/Class/HID/Src/usbh_hid_test.c:157:22: warning: variable 'status' set but not used [-Wunused-but-set-variable]
  157 |   USBH_StatusTypeDef status = USBH_OK;
      |                      ^~~~~~
../Middlewares/ST/STM32_USB_Host_Library/Class/HID/Src/usbh_hid_test.c:156:10: warning: unused variable 'stat_flag' [-Wunused-variable]
  156 |   int8_t stat_flag = -1;
      |          ^~~~~~~~~
../Middlewares/ST/STM32_USB_Host_Library/Class/HID/Src/usbh_hid_test.c:154:20: warning: unused variable 'pktcnt' [-Wunused-variable]
  154 |   uint8_t temp[64],pktcnt;
      |                    ^~~~~~
../Middlewares/ST/STM32_USB_Host_Library/Class/HID/Src/usbh_hid_test.c:153:12: warning: variable 'XferSize' set but not used [-Wunused-but-set-variable]
  153 |   uint16_t XferSize=0;
      |            ^~~~~~~~
In file included from ../Middlewares/ST/STM32_USB_Host_Library/Class/HID/Src/usbh_hid_test.c:10:
../Middlewares/ST/STM32_USB_Host_Library/Class/HID/Src/usbh_hid_test.c: At top level:
../Middlewares/ST/STM32_USB_Host_Library/Class/HID/Inc/usbh_printer.h:33:13: warning: 'reverse' declared 'static' but never defined [-Wunused-function]
   33 | static void reverse(uint8_t * temp);
      |             ^~~~~~~
../Middlewares/ST/STM32_USB_Host_Library/Class/HID/Inc/usbh_printer.h:34:12: warning: 'CheckCMD' declared 'static' but never defined [-Wunused-function]
   34 | static int CheckCMD(const uint8_t *cmd);
      |            ^~~~~~~~
../Middlewares/ST/STM32_USB_Host_Library/Class/HID/Inc/usbh_printer.h:35:13: warning: 'I2A' declared 'static' but never defined [-Wunused-function]
   35 | static void I2A(uint8_t *temp, uint32_t num);
      |             ^~~
../Middlewares/ST/STM32_USB_Host_Library/Class/HID/Inc/usbh_printer.h:36:17: warning: 'A2I' declared 'static' but never defined [-Wunused-function]
   36 | static uint32_t A2I(uint8_t *temp);
      |                 ^~~
../Middlewares/ST/STM32_USB_Host_Library/Class/HID/Inc/usbh_printer.h:37:18: warning: 'checkBudrate' declared 'static' but never defined [-Wunused-function]
   37 | static uint32_t  checkBudrate(uint8_t *temp);
      |                  ^~~~~~~~~~~~
../Middlewares/ST/STM32_USB_Host_Library/Class/HID/Inc/usbh_printer.h:38:16: warning: 'ChangeBaudrate' declared 'static' but never defined [-Wunused-function]
   38 | static uint8_t ChangeBaudrate( uint32_t Budrate );
      |                ^~~~~~~~~~~~~~
../Middlewares/ST/STM32_USB_Host_Library/Class/HID/Src/usbh_hid_test.c:303:27: warning: 'USBH_PRT_Soft_Reset' defined but not used [-Wunused-function]
  303 | static USBH_StatusTypeDef USBH_PRT_Soft_Reset(USBH_HandleTypeDef *phost, uint8_t *Buff, uint16_t Devlen){
      |                           ^~~~~~~~~~~~~~~~~~~
arm-none-eabi-gcc -o "Discovery_USB_HOST_001.elf" @"objects.list"   -mcpu=cortex-m4 -T"D:\Company_Projects_by_vivek\Axis_Company_Project\USB-STM32\USB_HOST\USB_HOST_PRINTER_Backup\Project Backup\Backup_1662020\Discovery_USB_HOST_001\STM32F407VGTX_FLASH.ld" --specs=nosys.specs -Wl,-Map="Discovery_USB_HOST_001.map" -Wl,--gc-sections -static --specs=nano.specs -mfpu=fpv4-sp-d16 -mfloat-abi=hard -mthumb -Wl,--start-group -lc -lm -Wl,--end-group
Finished building target: Discovery_USB_HOST_001.elf
 
arm-none-eabi-objdump -h -S  Discovery_USB_HOST_001.elf  > "Discovery_USB_HOST_001.list"
arm-none-eabi-objcopy  -O binary  Discovery_USB_HOST_001.elf  "Discovery_USB_HOST_001.bin"
arm-none-eabi-size   Discovery_USB_HOST_001.elf 
   text	   data	    bss	    dec	    hex	filename
  32712	    152	   5400	  38264	   9578	Discovery_USB_HOST_001.elf
Finished building: default.size.stdout
 
Finished building: Discovery_USB_HOST_001.bin
 
Finished building: Discovery_USB_HOST_001.list
 

19:58:01 Build Finished. 0 errors, 15 warnings. (took 973ms)

