11:51:26 **** Incremental Build of configuration Debug for project Discovery_USB_HOST_001 ****
make -j4 all 
arm-none-eabi-gcc "../Core/Src/main.c" -mcpu=cortex-m4 -std=gnu11 -g3 -DUSE_HAL_DRIVER -DDEBUG -DSTM32F407xx -c -I../USB_HOST/App -I../Drivers/CMSIS/Include -I../Middlewares/ST/STM32_USB_Host_Library/Class/HID/Inc -I../Drivers/STM32F4xx_HAL_Driver/Inc -I../Core/Inc -I../Drivers/CMSIS/Device/ST/STM32F4xx/Include -I../USB_HOST/Target -I../Drivers/STM32F4xx_HAL_Driver/Inc/Legacy -I../Middlewares/ST/STM32_USB_Host_Library/Core/Inc -O0 -ffunction-sections -fdata-sections -Wall -fstack-usage -MMD -MP -MF"Core/Src/main.d" -MT"Core/Src/main.o" --specs=nano.specs -mfpu=fpv4-sp-d16 -mfloat-abi=hard -mthumb -o "Core/Src/main.o"
../Core/Src/main.c: In function 'main':
../Core/Src/main.c:125:15: warning: pointer targets in passing argument 1 of 'strlen' differ in signedness [-Wpointer-sign]
  125 |    if( strlen(buff) > 100 )
      |               ^~~~
      |               |
      |               uint8_t * {aka unsigned char *}
In file included from ../USB_HOST/Target/usbh_conf.h:32,
                 from ../Middlewares/ST/STM32_USB_Host_Library/Core/Inc/usbh_core.h:28,
                 from ../Middlewares/ST/STM32_USB_Host_Library/Class/HID/Inc/usbh_hid.h:29,
                 from ../Middlewares/ST/STM32_USB_Host_Library/Class/HID/Inc/usbh_hid_mouse.h:29,
                 from ../Core/Src/main.c:27:
c:\st\stm32cubeide_1.6.0\stm32cubeide\plugins\com.st.stm32cube.ide.mcu.externaltools.gnu-tools-for-stm32.9-2020-q2-update.win32_1.5.0.202011040924\tools\arm-none-eabi\include\string.h:41:17: note: expected 'const char *' but argument is of type 'uint8_t *' {aka 'unsigned char *'}
   41 | size_t  strlen (const char *);
      |                 ^~~~~~~~~~~~
../Core/Src/main.c:127:68: warning: pointer targets in passing argument 1 of 'strlen' differ in signedness [-Wpointer-sign]
  127 |     HAL_UART_Transmit_IT(&huart2, (uint8_t *)buff,(uint16_t)strlen(buff));
      |                                                                    ^~~~
      |                                                                    |
      |                                                                    uint8_t * {aka unsigned char *}
In file included from ../USB_HOST/Target/usbh_conf.h:32,
                 from ../Middlewares/ST/STM32_USB_Host_Library/Core/Inc/usbh_core.h:28,
                 from ../Middlewares/ST/STM32_USB_Host_Library/Class/HID/Inc/usbh_hid.h:29,
                 from ../Middlewares/ST/STM32_USB_Host_Library/Class/HID/Inc/usbh_hid_mouse.h:29,
                 from ../Core/Src/main.c:27:
c:\st\stm32cubeide_1.6.0\stm32cubeide\plugins\com.st.stm32cube.ide.mcu.externaltools.gnu-tools-for-stm32.9-2020-q2-update.win32_1.5.0.202011040924\tools\arm-none-eabi\include\string.h:41:17: note: expected 'const char *' but argument is of type 'uint8_t *' {aka 'unsigned char *'}
   41 | size_t  strlen (const char *);
      |                 ^~~~~~~~~~~~
../Core/Src/main.c:81:7: warning: unused variable 'max' [-Wunused-variable]
   81 |   int max;
      |       ^~~
../Core/Src/main.c: In function 'USBH_HID_EventCallback':
../Core/Src/main.c:265:32: warning: passing argument 2 of 'USB_ReadPacket' from incompatible pointer type [-Wincompatible-pointer-types]
  265 |  data[0]= USB_ReadPacket(USBx, &dest,  len);
      |                                ^~~~~
      |                                |
      |                                uint8_t (*)[8] {aka unsigned char (*)[8]}
In file included from ../Drivers/STM32F4xx_HAL_Driver/Inc/stm32f4xx_hal_hcd.h:29,
                 from ../Core/Inc/stm32f4xx_hal_conf.h:388,
                 from ../Drivers/STM32F4xx_HAL_Driver/Inc/stm32f4xx_hal.h:30,
                 from ../Core/Inc/main.h:31,
                 from ../Core/Src/main.c:22:
../Drivers/STM32F4xx_HAL_Driver/Inc/stm32f4xx_ll_usb.h:446:19: note: expected 'uint8_t *' {aka 'unsigned char *'} but argument is of type 'uint8_t (*)[8]' {aka 'unsigned char (*)[8]'}
  446 | void             *USB_ReadPacket(USB_OTG_GlobalTypeDef *USBx, uint8_t *dest, uint16_t len);
      |                   ^~~~~~~~~~~~~~
../Core/Src/main.c:269:22: warning: variable 'temp4' set but not used [-Wunused-but-set-variable]
  269 |    uint32_t temp3=0, temp4=0;
      |                      ^~~~~
../Core/Src/main.c:269:13: warning: variable 'temp3' set but not used [-Wunused-but-set-variable]
  269 |    uint32_t temp3=0, temp4=0;
      |             ^~~~~
../Core/Src/main.c:260:18: warning: variable 'temp2' set but not used [-Wunused-but-set-variable]
  260 |  uint8_t *temp1, temp2=0;
      |                  ^~~~~
../Core/Src/main.c:260:11: warning: unused variable 'temp1' [-Wunused-variable]
  260 |  uint8_t *temp1, temp2=0;
      |           ^~~~~
../Core/Src/main.c:265:11: warning: 'USBx' is used uninitialized in this function [-Wuninitialized]
  265 |  data[0]= USB_ReadPacket(USBx, &dest,  len);
      |           ^~~~~~~~~~~~~~~~~~~~~~~~~~~~~~~~~
arm-none-eabi-gcc -o "Discovery_USB_HOST_001.elf" @"objects.list"   -mcpu=cortex-m4 -T"D:\Company_Projects_by_vivek\Axis_Company_Project\USB-STM32\USB_HOST\USB_HOST_PRINTER_Backup\Project Backup\Backup_1662020\Discovery_USB_HOST_001\STM32F407VGTX_FLASH.ld" --specs=nosys.specs -Wl,-Map="Discovery_USB_HOST_001.map" -Wl,--gc-sections -static --specs=nano.specs -mfpu=fpv4-sp-d16 -mfloat-abi=hard -mthumb -Wl,--start-group -lc -lm -Wl,--end-group
Finished building target: Discovery_USB_HOST_001.elf
 
arm-none-eabi-objdump -h -S  Discovery_USB_HOST_001.elf  > "Discovery_USB_HOST_001.list"
arm-none-eabi-objcopy  -O binary  Discovery_USB_HOST_001.elf  "Discovery_USB_HOST_001.bin"
arm-none-eabi-size   Discovery_USB_HOST_001.elf 
   text	   data	    bss	    dec	    hex	filename
  29216	    152	   5400	  34768	   87d0	Discovery_USB_HOST_001.elf
Finished building: default.size.stdout
 
Finished building: Discovery_USB_HOST_001.bin
 
Finished building: Discovery_USB_HOST_001.list
 
11:51:31 **** Incremental Build of configuration Debug for project Discovery_USB_HOST_001 ****
make -j4 all 
arm-none-eabi-size   Discovery_USB_HOST_001.elf 
   text	   data	    bss	    dec	    hex	filename
  29216	    152	   5400	  34768	   87d0	Discovery_USB_HOST_001.elf
Finished building: default.size.stdout
 
11:52:49 **** Incremental Build of configuration Debug for project Discovery_USB_HOST_001 ****
make -j4 all 
arm-none-eabi-size   Discovery_USB_HOST_001.elf 
   text	   data	    bss	    dec	    hex	filename
  29216	    152	   5400	  34768	   87d0	Discovery_USB_HOST_001.elf
Finished building: default.size.stdout
 
11:53:54 **** Incremental Build of configuration Debug for project Discovery_USB_HOST_001 ****
make -j4 all 
arm-none-eabi-gcc "../Drivers/STM32F4xx_HAL_Driver/Src/stm32f4xx_hal_uart.c" -mcpu=cortex-m4 -std=gnu11 -g3 -DUSE_HAL_DRIVER -DDEBUG -DSTM32F407xx -c -I../USB_HOST/App -I../Drivers/CMSIS/Include -I../Middlewares/ST/STM32_USB_Host_Library/Class/HID/Inc -I../Drivers/STM32F4xx_HAL_Driver/Inc -I../Core/Inc -I../Drivers/CMSIS/Device/ST/STM32F4xx/Include -I../USB_HOST/Target -I../Drivers/STM32F4xx_HAL_Driver/Inc/Legacy -I../Middlewares/ST/STM32_USB_Host_Library/Core/Inc -O0 -ffunction-sections -fdata-sections -Wall -fstack-usage -MMD -MP -MF"Drivers/STM32F4xx_HAL_Driver/Src/stm32f4xx_hal_uart.d" -MT"Drivers/STM32F4xx_HAL_Driver/Src/stm32f4xx_hal_uart.o" --specs=nano.specs -mfpu=fpv4-sp-d16 -mfloat-abi=hard -mthumb -o "Drivers/STM32F4xx_HAL_Driver/Src/stm32f4xx_hal_uart.o"
arm-none-eabi-gcc -o "Discovery_USB_HOST_001.elf" @"objects.list"   -mcpu=cortex-m4 -T"D:\Company_Projects_by_vivek\Axis_Company_Project\USB-STM32\USB_HOST\USB_HOST_PRINTER_Backup\Project Backup\Backup_1662020\Discovery_USB_HOST_001\STM32F407VGTX_FLASH.ld" --specs=nosys.specs -Wl,-Map="Discovery_USB_HOST_001.map" -Wl,--gc-sections -static --specs=nano.specs -mfpu=fpv4-sp-d16 -mfloat-abi=hard -mthumb -Wl,--start-group -lc -lm -Wl,--end-group
Finished building target: Discovery_USB_HOST_001.elf
 
arm-none-eabi-objdump -h -S  Discovery_USB_HOST_001.elf  > "Discovery_USB_HOST_001.list"
arm-none-eabi-objcopy  -O binary  Discovery_USB_HOST_001.elf  "Discovery_USB_HOST_001.bin"
arm-none-eabi-size   Discovery_USB_HOST_001.elf 
   text	   data	    bss	    dec	    hex	filename
  29200	    152	   5400	  34752	   87c0	Discovery_USB_HOST_001.elf
Finished building: default.size.stdout
 
Finished building: Discovery_USB_HOST_001.bin
 
Finished building: Discovery_USB_HOST_001.list
 
11:54:29 **** Incremental Build of configuration Debug for project Discovery_USB_HOST_001 ****
make -j4 all 
arm-none-eabi-gcc "../Core/Src/main.c" -mcpu=cortex-m4 -std=gnu11 -g3 -DUSE_HAL_DRIVER -DDEBUG -DSTM32F407xx -c -I../USB_HOST/App -I../Drivers/CMSIS/Include -I../Middlewares/ST/STM32_USB_Host_Library/Class/HID/Inc -I../Drivers/STM32F4xx_HAL_Driver/Inc -I../Core/Inc -I../Drivers/CMSIS/Device/ST/STM32F4xx/Include -I../USB_HOST/Target -I../Drivers/STM32F4xx_HAL_Driver/Inc/Legacy -I../Middlewares/ST/STM32_USB_Host_Library/Core/Inc -O0 -ffunction-sections -fdata-sections -Wall -fstack-usage -MMD -MP -MF"Core/Src/main.d" -MT"Core/Src/main.o" --specs=nano.specs -mfpu=fpv4-sp-d16 -mfloat-abi=hard -mthumb -o "Core/Src/main.o"
../Core/Src/main.c: In function 'main':
../Core/Src/main.c:125:15: warning: pointer targets in passing argument 1 of 'strlen' differ in signedness [-Wpointer-sign]
  125 |    if( strlen(buff) > 100 )
      |               ^~~~
      |               |
      |               uint8_t * {aka unsigned char *}
In file included from ../USB_HOST/Target/usbh_conf.h:32,
                 from ../Middlewares/ST/STM32_USB_Host_Library/Core/Inc/usbh_core.h:28,
                 from ../Middlewares/ST/STM32_USB_Host_Library/Class/HID/Inc/usbh_hid.h:29,
                 from ../Middlewares/ST/STM32_USB_Host_Library/Class/HID/Inc/usbh_hid_mouse.h:29,
                 from ../Core/Src/main.c:27:
c:\st\stm32cubeide_1.6.0\stm32cubeide\plugins\com.st.stm32cube.ide.mcu.externaltools.gnu-tools-for-stm32.9-2020-q2-update.win32_1.5.0.202011040924\tools\arm-none-eabi\include\string.h:41:17: note: expected 'const char *' but argument is of type 'uint8_t *' {aka 'unsigned char *'}
   41 | size_t  strlen (const char *);
      |                 ^~~~~~~~~~~~
../Core/Src/main.c:127:68: warning: pointer targets in passing argument 1 of 'strlen' differ in signedness [-Wpointer-sign]
  127 |     HAL_UART_Transmit_IT(&huart2, (uint8_t *)buff,(uint16_t)strlen(buff));
      |                                                                    ^~~~
      |                                                                    |
      |                                                                    uint8_t * {aka unsigned char *}
In file included from ../USB_HOST/Target/usbh_conf.h:32,
                 from ../Middlewares/ST/STM32_USB_Host_Library/Core/Inc/usbh_core.h:28,
                 from ../Middlewares/ST/STM32_USB_Host_Library/Class/HID/Inc/usbh_hid.h:29,
                 from ../Middlewares/ST/STM32_USB_Host_Library/Class/HID/Inc/usbh_hid_mouse.h:29,
                 from ../Core/Src/main.c:27:
c:\st\stm32cubeide_1.6.0\stm32cubeide\plugins\com.st.stm32cube.ide.mcu.externaltools.gnu-tools-for-stm32.9-2020-q2-update.win32_1.5.0.202011040924\tools\arm-none-eabi\include\string.h:41:17: note: expected 'const char *' but argument is of type 'uint8_t *' {aka 'unsigned char *'}
   41 | size_t  strlen (const char *);
      |                 ^~~~~~~~~~~~
../Core/Src/main.c:81:7: warning: unused variable 'max' [-Wunused-variable]
   81 |   int max;
      |       ^~~
../Core/Src/main.c: In function 'USBH_HID_EventCallback':
../Core/Src/main.c:265:32: warning: passing argument 2 of 'USB_ReadPacket' from incompatible pointer type [-Wincompatible-pointer-types]
  265 |  data[0]= USB_ReadPacket(USBx, &dest,  len);
      |                                ^~~~~
      |                                |
      |                                uint8_t (*)[8] {aka unsigned char (*)[8]}
In file included from ../Drivers/STM32F4xx_HAL_Driver/Inc/stm32f4xx_hal_hcd.h:29,
                 from ../Core/Inc/stm32f4xx_hal_conf.h:388,
                 from ../Drivers/STM32F4xx_HAL_Driver/Inc/stm32f4xx_hal.h:30,
                 from ../Core/Inc/main.h:31,
                 from ../Core/Src/main.c:22:
../Drivers/STM32F4xx_HAL_Driver/Inc/stm32f4xx_ll_usb.h:446:19: note: expected 'uint8_t *' {aka 'unsigned char *'} but argument is of type 'uint8_t (*)[8]' {aka 'unsigned char (*)[8]'}
  446 | void             *USB_ReadPacket(USB_OTG_GlobalTypeDef *USBx, uint8_t *dest, uint16_t len);
      |                   ^~~~~~~~~~~~~~
../Core/Src/main.c:269:22: warning: variable 'temp4' set but not used [-Wunused-but-set-variable]
  269 |    uint32_t temp3=0, temp4=0;
      |                      ^~~~~
../Core/Src/main.c:269:13: warning: variable 'temp3' set but not used [-Wunused-but-set-variable]
  269 |    uint32_t temp3=0, temp4=0;
      |             ^~~~~
../Core/Src/main.c:260:18: warning: variable 'temp2' set but not used [-Wunused-but-set-variable]
  260 |  uint8_t *temp1, temp2=0;
      |                  ^~~~~
../Core/Src/main.c:260:11: warning: unused variable 'temp1' [-Wunused-variable]
  260 |  uint8_t *temp1, temp2=0;
      |           ^~~~~
../Core/Src/main.c:265:11: warning: 'USBx' is used uninitialized in this function [-Wuninitialized]
  265 |  data[0]= USB_ReadPacket(USBx, &dest,  len);
      |           ^~~~~~~~~~~~~~~~~~~~~~~~~~~~~~~~~
arm-none-eabi-gcc -o "Discovery_USB_HOST_001.elf" @"objects.list"   -mcpu=cortex-m4 -T"D:\Company_Projects_by_vivek\Axis_Company_Project\USB-STM32\USB_HOST\USB_HOST_PRINTER_Backup\Project Backup\Backup_1662020\Discovery_USB_HOST_001\STM32F407VGTX_FLASH.ld" --specs=nosys.specs -Wl,-Map="Discovery_USB_HOST_001.map" -Wl,--gc-sections -static --specs=nano.specs -mfpu=fpv4-sp-d16 -mfloat-abi=hard -mthumb -Wl,--start-group -lc -lm -Wl,--end-group
Finished building target: Discovery_USB_HOST_001.elf
 
arm-none-eabi-objdump -h -S  Discovery_USB_HOST_001.elf  > "Discovery_USB_HOST_001.list"
arm-none-eabi-objcopy  -O binary  Discovery_USB_HOST_001.elf  "Discovery_USB_HOST_001.bin"
arm-none-eabi-size   Discovery_USB_HOST_001.elf 
   text	   data	    bss	    dec	    hex	filename
  29184	    152	   5400	  34736	   87b0	Discovery_USB_HOST_001.elf
Finished building: default.size.stdout
 
Finished building: Discovery_USB_HOST_001.bin
 
Finished building: Discovery_USB_HOST_001.list
 
11:56:40 **** Incremental Build of configuration Debug for project Discovery_USB_HOST_001 ****
make -j4 all 
arm-none-eabi-gcc "../Core/Src/main.c" -mcpu=cortex-m4 -std=gnu11 -g3 -DUSE_HAL_DRIVER -DDEBUG -DSTM32F407xx -c -I../USB_HOST/App -I../Drivers/CMSIS/Include -I../Middlewares/ST/STM32_USB_Host_Library/Class/HID/Inc -I../Drivers/STM32F4xx_HAL_Driver/Inc -I../Core/Inc -I../Drivers/CMSIS/Device/ST/STM32F4xx/Include -I../USB_HOST/Target -I../Drivers/STM32F4xx_HAL_Driver/Inc/Legacy -I../Middlewares/ST/STM32_USB_Host_Library/Core/Inc -O0 -ffunction-sections -fdata-sections -Wall -fstack-usage -MMD -MP -MF"Core/Src/main.d" -MT"Core/Src/main.o" --specs=nano.specs -mfpu=fpv4-sp-d16 -mfloat-abi=hard -mthumb -o "Core/Src/main.o"
../Core/Src/main.c: In function 'main':
../Core/Src/main.c:124:67: warning: pointer targets in passing argument 1 of 'strlen' differ in signedness [-Wpointer-sign]
  124 |    HAL_UART_Transmit_IT(&huart2, (uint8_t *)buff,(uint16_t)strlen(buff));
      |                                                                   ^~~~
      |                                                                   |
      |                                                                   uint8_t * {aka unsigned char *}
In file included from ../USB_HOST/Target/usbh_conf.h:32,
                 from ../Middlewares/ST/STM32_USB_Host_Library/Core/Inc/usbh_core.h:28,
                 from ../Middlewares/ST/STM32_USB_Host_Library/Class/HID/Inc/usbh_hid.h:29,
                 from ../Middlewares/ST/STM32_USB_Host_Library/Class/HID/Inc/usbh_hid_mouse.h:29,
                 from ../Core/Src/main.c:27:
c:\st\stm32cubeide_1.6.0\stm32cubeide\plugins\com.st.stm32cube.ide.mcu.externaltools.gnu-tools-for-stm32.9-2020-q2-update.win32_1.5.0.202011040924\tools\arm-none-eabi\include\string.h:41:17: note: expected 'const char *' but argument is of type 'uint8_t *' {aka 'unsigned char *'}
   41 | size_t  strlen (const char *);
      |                 ^~~~~~~~~~~~
../Core/Src/main.c:125:15: warning: pointer targets in passing argument 1 of 'strlen' differ in signedness [-Wpointer-sign]
  125 |    if( strlen(buff) > 100 )
      |               ^~~~
      |               |
      |               uint8_t * {aka unsigned char *}
In file included from ../USB_HOST/Target/usbh_conf.h:32,
                 from ../Middlewares/ST/STM32_USB_Host_Library/Core/Inc/usbh_core.h:28,
                 from ../Middlewares/ST/STM32_USB_Host_Library/Class/HID/Inc/usbh_hid.h:29,
                 from ../Middlewares/ST/STM32_USB_Host_Library/Class/HID/Inc/usbh_hid_mouse.h:29,
                 from ../Core/Src/main.c:27:
c:\st\stm32cubeide_1.6.0\stm32cubeide\plugins\com.st.stm32cube.ide.mcu.externaltools.gnu-tools-for-stm32.9-2020-q2-update.win32_1.5.0.202011040924\tools\arm-none-eabi\include\string.h:41:17: note: expected 'const char *' but argument is of type 'uint8_t *' {aka 'unsigned char *'}
   41 | size_t  strlen (const char *);
      |                 ^~~~~~~~~~~~
../Core/Src/main.c:81:7: warning: unused variable 'max' [-Wunused-variable]
   81 |   int max;
      |       ^~~
../Core/Src/main.c: In function 'USBH_HID_EventCallback':
../Core/Src/main.c:265:32: warning: passing argument 2 of 'USB_ReadPacket' from incompatible pointer type [-Wincompatible-pointer-types]
  265 |  data[0]= USB_ReadPacket(USBx, &dest,  len);
      |                                ^~~~~
      |                                |
      |                                uint8_t (*)[8] {aka unsigned char (*)[8]}
In file included from ../Drivers/STM32F4xx_HAL_Driver/Inc/stm32f4xx_hal_hcd.h:29,
                 from ../Core/Inc/stm32f4xx_hal_conf.h:388,
                 from ../Drivers/STM32F4xx_HAL_Driver/Inc/stm32f4xx_hal.h:30,
                 from ../Core/Inc/main.h:31,
                 from ../Core/Src/main.c:22:
../Drivers/STM32F4xx_HAL_Driver/Inc/stm32f4xx_ll_usb.h:446:19: note: expected 'uint8_t *' {aka 'unsigned char *'} but argument is of type 'uint8_t (*)[8]' {aka 'unsigned char (*)[8]'}
  446 | void             *USB_ReadPacket(USB_OTG_GlobalTypeDef *USBx, uint8_t *dest, uint16_t len);
      |                   ^~~~~~~~~~~~~~
../Core/Src/main.c:269:22: warning: variable 'temp4' set but not used [-Wunused-but-set-variable]
  269 |    uint32_t temp3=0, temp4=0;
      |                      ^~~~~
../Core/Src/main.c:269:13: warning: variable 'temp3' set but not used [-Wunused-but-set-variable]
  269 |    uint32_t temp3=0, temp4=0;
      |             ^~~~~
../Core/Src/main.c:260:18: warning: variable 'temp2' set but not used [-Wunused-but-set-variable]
  260 |  uint8_t *temp1, temp2=0;
      |                  ^~~~~
../Core/Src/main.c:260:11: warning: unused variable 'temp1' [-Wunused-variable]
  260 |  uint8_t *temp1, temp2=0;
      |           ^~~~~
../Core/Src/main.c:265:11: warning: 'USBx' is used uninitialized in this function [-Wuninitialized]
  265 |  data[0]= USB_ReadPacket(USBx, &dest,  len);
      |           ^~~~~~~~~~~~~~~~~~~~~~~~~~~~~~~~~
arm-none-eabi-gcc -o "Discovery_USB_HOST_001.elf" @"objects.list"   -mcpu=cortex-m4 -T"D:\Company_Projects_by_vivek\Axis_Company_Project\USB-STM32\USB_HOST\USB_HOST_PRINTER_Backup\Project Backup\Backup_1662020\Discovery_USB_HOST_001\STM32F407VGTX_FLASH.ld" --specs=nosys.specs -Wl,-Map="Discovery_USB_HOST_001.map" -Wl,--gc-sections -static --specs=nano.specs -mfpu=fpv4-sp-d16 -mfloat-abi=hard -mthumb -Wl,--start-group -lc -lm -Wl,--end-group
Finished building target: Discovery_USB_HOST_001.elf
 
arm-none-eabi-objdump -h -S  Discovery_USB_HOST_001.elf  > "Discovery_USB_HOST_001.list"
arm-none-eabi-objcopy  -O binary  Discovery_USB_HOST_001.elf  "Discovery_USB_HOST_001.bin"
arm-none-eabi-size   Discovery_USB_HOST_001.elf 
   text	   data	    bss	    dec	    hex	filename
  29208	    152	   5400	  34760	   87c8	Discovery_USB_HOST_001.elf
Finished building: default.size.stdout
 
Finished building: Discovery_USB_HOST_001.bin
 
Finished building: Discovery_USB_HOST_001.list
 
12:00:21 **** Incremental Build of configuration Debug for project Discovery_USB_HOST_001 ****
make -j4 all 
arm-none-eabi-gcc "../Middlewares/ST/STM32_USB_Host_Library/Class/HID/Src/usbh_hid_test.c" -mcpu=cortex-m4 -std=gnu11 -g3 -DUSE_HAL_DRIVER -DDEBUG -DSTM32F407xx -c -I../USB_HOST/App -I../Drivers/CMSIS/Include -I../Middlewares/ST/STM32_USB_Host_Library/Class/HID/Inc -I../Drivers/STM32F4xx_HAL_Driver/Inc -I../Core/Inc -I../Drivers/CMSIS/Device/ST/STM32F4xx/Include -I../USB_HOST/Target -I../Drivers/STM32F4xx_HAL_Driver/Inc/Legacy -I../Middlewares/ST/STM32_USB_Host_Library/Core/Inc -O0 -ffunction-sections -fdata-sections -Wall -fstack-usage -MMD -MP -MF"Middlewares/ST/STM32_USB_Host_Library/Class/HID/Src/usbh_hid_test.d" -MT"Middlewares/ST/STM32_USB_Host_Library/Class/HID/Src/usbh_hid_test.o" --specs=nano.specs -mfpu=fpv4-sp-d16 -mfloat-abi=hard -mthumb -o "Middlewares/ST/STM32_USB_Host_Library/Class/HID/Src/usbh_hid_test.o"
../Middlewares/ST/STM32_USB_Host_Library/Class/HID/Src/usbh_hid_test.c: In function 'USBH_PRT_Process':
../Middlewares/ST/STM32_USB_Host_Library/Class/HID/Src/usbh_hid_test.c:195:20: warning: pointer targets in passing argument 1 of 'strlen' differ in signedness [-Wpointer-sign]
  195 |      while( strlen(buff) > 10  );
      |                    ^~~~
      |                    |
      |                    uint8_t * {aka unsigned char *}
In file included from ../USB_HOST/Target/usbh_conf.h:32,
                 from ../Middlewares/ST/STM32_USB_Host_Library/Core/Inc/usbh_core.h:28,
                 from ../Middlewares/ST/STM32_USB_Host_Library/Class/HID/Inc/usbh_hid_test.h:11,
                 from ../Middlewares/ST/STM32_USB_Host_Library/Class/HID/Src/usbh_hid_test.c:8:
c:\st\stm32cubeide_1.6.0\stm32cubeide\plugins\com.st.stm32cube.ide.mcu.externaltools.gnu-tools-for-stm32.9-2020-q2-update.win32_1.5.0.202011040924\tools\arm-none-eabi\include\string.h:41:17: note: expected 'const char *' but argument is of type 'uint8_t *' {aka 'unsigned char *'}
   41 | size_t  strlen (const char *);
      |                 ^~~~~~~~~~~~
../Middlewares/ST/STM32_USB_Host_Library/Class/HID/Src/usbh_hid_test.c:195:6: warning: this 'while' clause does not guard... [-Wmisleading-indentation]
  195 |      while( strlen(buff) > 10  );
      |      ^~~~~
../Middlewares/ST/STM32_USB_Host_Library/Class/HID/Src/usbh_hid_test.c:197:6: note: ...this statement, but the latter is misleadingly indented as if it were guarded by the 'while'
  197 |      {
      |      ^
../Middlewares/ST/STM32_USB_Host_Library/Class/HID/Src/usbh_hid_test.c:198:17: warning: conversion from 'unsigned int' to 'char' changes value from '8000' to '64' [-Woverflow]
  198 |       char ch = sizeof(buff);
      |                 ^~~~~~
../Middlewares/ST/STM32_USB_Host_Library/Class/HID/Src/usbh_hid_test.c:199:70: warning: passing argument 1 of 'strlen' makes pointer from integer without a cast [-Wint-conversion]
  199 |       HAL_UART_Transmit_IT(&huart2, (uint8_t *)&ch, (uint16_t)strlen(ch) );
      |                                                                      ^~
      |                                                                      |
      |                                                                      char
In file included from ../USB_HOST/Target/usbh_conf.h:32,
                 from ../Middlewares/ST/STM32_USB_Host_Library/Core/Inc/usbh_core.h:28,
                 from ../Middlewares/ST/STM32_USB_Host_Library/Class/HID/Inc/usbh_hid_test.h:11,
                 from ../Middlewares/ST/STM32_USB_Host_Library/Class/HID/Src/usbh_hid_test.c:8:
c:\st\stm32cubeide_1.6.0\stm32cubeide\plugins\com.st.stm32cube.ide.mcu.externaltools.gnu-tools-for-stm32.9-2020-q2-update.win32_1.5.0.202011040924\tools\arm-none-eabi\include\string.h:41:17: note: expected 'const char *' but argument is of type 'char'
   41 | size_t  strlen (const char *);
      |                 ^~~~~~~~~~~~
../Middlewares/ST/STM32_USB_Host_Library/Class/HID/Src/usbh_hid_test.c:202:71: warning: pointer targets in passing argument 1 of 'strlen' differ in signedness [-Wpointer-sign]
  202 |      HAL_UART_Transmit_IT(&huart2, (uint8_t *)buff, (uint16_t)strlen( buff ) );
      |                                                                       ^~~~
      |                                                                       |
      |                                                                       uint8_t * {aka unsigned char *}
In file included from ../USB_HOST/Target/usbh_conf.h:32,
                 from ../Middlewares/ST/STM32_USB_Host_Library/Core/Inc/usbh_core.h:28,
                 from ../Middlewares/ST/STM32_USB_Host_Library/Class/HID/Inc/usbh_hid_test.h:11,
                 from ../Middlewares/ST/STM32_USB_Host_Library/Class/HID/Src/usbh_hid_test.c:8:
c:\st\stm32cubeide_1.6.0\stm32cubeide\plugins\com.st.stm32cube.ide.mcu.externaltools.gnu-tools-for-stm32.9-2020-q2-update.win32_1.5.0.202011040924\tools\arm-none-eabi\include\string.h:41:17: note: expected 'const char *' but argument is of type 'uint8_t *' {aka 'unsigned char *'}
   41 | size_t  strlen (const char *);
      |                 ^~~~~~~~~~~~
../Middlewares/ST/STM32_USB_Host_Library/Class/HID/Src/usbh_hid_test.c:212:16: warning: pointer targets in passing argument 1 of 'strlen' differ in signedness [-Wpointer-sign]
  212 |      if(strlen(buff) > 16)
      |                ^~~~
      |                |
      |                uint8_t * {aka unsigned char *}
In file included from ../USB_HOST/Target/usbh_conf.h:32,
                 from ../Middlewares/ST/STM32_USB_Host_Library/Core/Inc/usbh_core.h:28,
                 from ../Middlewares/ST/STM32_USB_Host_Library/Class/HID/Inc/usbh_hid_test.h:11,
                 from ../Middlewares/ST/STM32_USB_Host_Library/Class/HID/Src/usbh_hid_test.c:8:
c:\st\stm32cubeide_1.6.0\stm32cubeide\plugins\com.st.stm32cube.ide.mcu.externaltools.gnu-tools-for-stm32.9-2020-q2-update.win32_1.5.0.202011040924\tools\arm-none-eabi\include\string.h:41:17: note: expected 'const char *' but argument is of type 'uint8_t *' {aka 'unsigned char *'}
   41 | size_t  strlen (const char *);
      |                 ^~~~~~~~~~~~
../Middlewares/ST/STM32_USB_Host_Library/Class/HID/Src/usbh_hid_test.c:157:22: warning: variable 'status' set but not used [-Wunused-but-set-variable]
  157 |   USBH_StatusTypeDef status = USBH_OK;
      |                      ^~~~~~
../Middlewares/ST/STM32_USB_Host_Library/Class/HID/Src/usbh_hid_test.c:156:10: warning: unused variable 'stat_flag' [-Wunused-variable]
  156 |   int8_t stat_flag = -1;
      |          ^~~~~~~~~
../Middlewares/ST/STM32_USB_Host_Library/Class/HID/Src/usbh_hid_test.c:154:20: warning: unused variable 'pktcnt' [-Wunused-variable]
  154 |   uint8_t temp[64],pktcnt;
      |                    ^~~~~~
../Middlewares/ST/STM32_USB_Host_Library/Class/HID/Src/usbh_hid_test.c:153:12: warning: variable 'XferSize' set but not used [-Wunused-but-set-variable]
  153 |   uint16_t XferSize=0;
      |            ^~~~~~~~
In file included from ../Middlewares/ST/STM32_USB_Host_Library/Class/HID/Src/usbh_hid_test.c:10:
../Middlewares/ST/STM32_USB_Host_Library/Class/HID/Src/usbh_hid_test.c: At top level:
../Middlewares/ST/STM32_USB_Host_Library/Class/HID/Inc/usbh_printer.h:33:13: warning: 'reverse' declared 'static' but never defined [-Wunused-function]
   33 | static void reverse(uint8_t * temp);
      |             ^~~~~~~
../Middlewares/ST/STM32_USB_Host_Library/Class/HID/Inc/usbh_printer.h:34:12: warning: 'CheckCMD' declared 'static' but never defined [-Wunused-function]
   34 | static int CheckCMD(const uint8_t *cmd);
      |            ^~~~~~~~
../Middlewares/ST/STM32_USB_Host_Library/Class/HID/Inc/usbh_printer.h:35:13: warning: 'I2A' declared 'static' but never defined [-Wunused-function]
   35 | static void I2A(uint8_t *temp, uint32_t num);
      |             ^~~
../Middlewares/ST/STM32_USB_Host_Library/Class/HID/Inc/usbh_printer.h:36:17: warning: 'A2I' declared 'static' but never defined [-Wunused-function]
   36 | static uint32_t A2I(uint8_t *temp);
      |                 ^~~
../Middlewares/ST/STM32_USB_Host_Library/Class/HID/Inc/usbh_printer.h:37:18: warning: 'checkBudrate' declared 'static' but never defined [-Wunused-function]
   37 | static uint32_t  checkBudrate(uint8_t *temp);
      |                  ^~~~~~~~~~~~
../Middlewares/ST/STM32_USB_Host_Library/Class/HID/Inc/usbh_printer.h:38:16: warning: 'ChangeBaudrate' declared 'static' but never defined [-Wunused-function]
   38 | static uint8_t ChangeBaudrate( uint32_t Budrate );
      |                ^~~~~~~~~~~~~~
../Middlewares/ST/STM32_USB_Host_Library/Class/HID/Src/usbh_hid_test.c:306:27: warning: 'USBH_PRT_Soft_Reset' defined but not used [-Wunused-function]
  306 | static USBH_StatusTypeDef USBH_PRT_Soft_Reset(USBH_HandleTypeDef *phost, uint8_t *Buff, uint16_t Devlen){
      |                           ^~~~~~~~~~~~~~~~~~~
arm-none-eabi-gcc -o "Discovery_USB_HOST_001.elf" @"objects.list"   -mcpu=cortex-m4 -T"D:\Company_Projects_by_vivek\Axis_Company_Project\USB-STM32\USB_HOST\USB_HOST_PRINTER_Backup\Project Backup\Backup_1662020\Discovery_USB_HOST_001\STM32F407VGTX_FLASH.ld" --specs=nosys.specs -Wl,-Map="Discovery_USB_HOST_001.map" -Wl,--gc-sections -static --specs=nano.specs -mfpu=fpv4-sp-d16 -mfloat-abi=hard -mthumb -Wl,--start-group -lc -lm -Wl,--end-group
Finished building target: Discovery_USB_HOST_001.elf
 
arm-none-eabi-objdump -h -S  Discovery_USB_HOST_001.elf  > "Discovery_USB_HOST_001.list"
arm-none-eabi-objcopy  -O binary  Discovery_USB_HOST_001.elf  "Discovery_USB_HOST_001.bin"
arm-none-eabi-size   Discovery_USB_HOST_001.elf 
   text	   data	    bss	    dec	    hex	filename
  29232	    152	   5400	  34784	   87e0	Discovery_USB_HOST_001.elf
Finished building: default.size.stdout
 
Finished building: Discovery_USB_HOST_001.bin
 
Finished building: Discovery_USB_HOST_001.list
 
12:03:07 **** Incremental Build of configuration Debug for project Discovery_USB_HOST_001 ****
make -j4 all 
arm-none-eabi-gcc "../Middlewares/ST/STM32_USB_Host_Library/Class/HID/Src/usbh_hid_test.c" -mcpu=cortex-m4 -std=gnu11 -g3 -DUSE_HAL_DRIVER -DDEBUG -DSTM32F407xx -c -I../USB_HOST/App -I../Drivers/CMSIS/Include -I../Middlewares/ST/STM32_USB_Host_Library/Class/HID/Inc -I../Drivers/STM32F4xx_HAL_Driver/Inc -I../Core/Inc -I../Drivers/CMSIS/Device/ST/STM32F4xx/Include -I../USB_HOST/Target -I../Drivers/STM32F4xx_HAL_Driver/Inc/Legacy -I../Middlewares/ST/STM32_USB_Host_Library/Core/Inc -O0 -ffunction-sections -fdata-sections -Wall -fstack-usage -MMD -MP -MF"Middlewares/ST/STM32_USB_Host_Library/Class/HID/Src/usbh_hid_test.d" -MT"Middlewares/ST/STM32_USB_Host_Library/Class/HID/Src/usbh_hid_test.o" --specs=nano.specs -mfpu=fpv4-sp-d16 -mfloat-abi=hard -mthumb -o "Middlewares/ST/STM32_USB_Host_Library/Class/HID/Src/usbh_hid_test.o"
arm-none-eabi-gcc "../Core/Src/main.c" -mcpu=cortex-m4 -std=gnu11 -g3 -DUSE_HAL_DRIVER -DDEBUG -DSTM32F407xx -c -I../USB_HOST/App -I../Drivers/CMSIS/Include -I../Middlewares/ST/STM32_USB_Host_Library/Class/HID/Inc -I../Drivers/STM32F4xx_HAL_Driver/Inc -I../Core/Inc -I../Drivers/CMSIS/Device/ST/STM32F4xx/Include -I../USB_HOST/Target -I../Drivers/STM32F4xx_HAL_Driver/Inc/Legacy -I../Middlewares/ST/STM32_USB_Host_Library/Core/Inc -O0 -ffunction-sections -fdata-sections -Wall -fstack-usage -MMD -MP -MF"Core/Src/main.d" -MT"Core/Src/main.o" --specs=nano.specs -mfpu=fpv4-sp-d16 -mfloat-abi=hard -mthumb -o "Core/Src/main.o"
../Middlewares/ST/STM32_USB_Host_Library/Class/HID/Src/usbh_hid_test.c: In function 'USBH_PRT_Process':
../Middlewares/ST/STM32_USB_Host_Library/Class/HID/Src/usbh_hid_test.c:195:20: warning: pointer targets in passing argument 1 of 'strlen' differ in signedness [-Wpointer-sign]
  195 |      while( strlen(buff) < 10  );
      |                    ^~~~
      |                    |
      |                    uint8_t * {aka unsigned char *}
In file included from ../USB_HOST/Target/usbh_conf.h:32,
                 from ../Middlewares/ST/STM32_USB_Host_Library/Core/Inc/usbh_core.h:28,
                 from ../Middlewares/ST/STM32_USB_Host_Library/Class/HID/Inc/usbh_hid_test.h:11,
                 from ../Middlewares/ST/STM32_USB_Host_Library/Class/HID/Src/usbh_hid_test.c:8:
c:\st\stm32cubeide_1.6.0\stm32cubeide\plugins\com.st.stm32cube.ide.mcu.externaltools.gnu-tools-for-stm32.9-2020-q2-update.win32_1.5.0.202011040924\tools\arm-none-eabi\include\string.h:41:17: note: expected 'const char *' but argument is of type 'uint8_t *' {aka 'unsigned char *'}
   41 | size_t  strlen (const char *);
      |                 ^~~~~~~~~~~~
../Middlewares/ST/STM32_USB_Host_Library/Class/HID/Src/usbh_hid_test.c:195:6: warning: this 'while' clause does not guard... [-Wmisleading-indentation]
  195 |      while( strlen(buff) < 10  );
      |      ^~~~~
../Middlewares/ST/STM32_USB_Host_Library/Class/HID/Src/usbh_hid_test.c:197:6: note: ...this statement, but the latter is misleadingly indented as if it were guarded by the 'while'
  197 |      {
      |      ^
../Middlewares/ST/STM32_USB_Host_Library/Class/HID/Src/usbh_hid_test.c:198:24: warning: pointer targets in passing argument 1 of 'strlen' differ in signedness [-Wpointer-sign]
  198 |       char ch = strlen(buff);
      |                        ^~~~
      |                        |
      |                        uint8_t * {aka unsigned char *}
../Core/Src/main.c: In function 'main':
In file included from ../USB_HOST/Target/usbh_conf.h:32,
                 from ../Middlewares/ST/STM32_USB_Host_Library/Core/Inc/usbh_core.h:28,
                 from ../Middlewares/ST/STM32_USB_Host_Library/Class/HID/Inc/usbh_hid_test.h:11,
                 from ../Middlewares/ST/STM32_USB_Host_Library/Class/HID/Src/usbh_hid_test.c:8:
c:\st\stm32cubeide_1.6.0\stm32cubeide\plugins\com.st.stm32cube.ide.mcu.externaltools.gnu-tools-for-stm32.9-2020-q2-update.win32_1.5.0.202011040924\tools\arm-none-eabi\include\string.h:41:17: note: expected 'const char *' but argument is of type 'uint8_t *' {aka 'unsigned char *'}
   41 | size_t  strlen (const char *);
      |                 ^~~~~~~~~~~~
../Core/Src/main.c:81:7: warning: unused variable 'max' [-Wunused-variable]
   81 |   int max;
      |       ^~~
../Core/Src/main.c:80:11: warning: unused variable 'buff' [-Wunused-variable]
   80 |   uint8_t buff[SIZE_BUFF];
      |           ^~~~
../Middlewares/ST/STM32_USB_Host_Library/Class/HID/Src/usbh_hid_test.c:199:70: warning: passing argument 1 of 'strlen' makes pointer from integer without a cast [-Wint-conversion]
  199 |       HAL_UART_Transmit_IT(&huart2, (uint8_t *)&ch, (uint16_t)strlen(ch) );
      |                                                                      ^~
      |                                                                      |
      |                                                                      char
../Core/Src/main.c: In function 'USBH_HID_EventCallback':
In file included from ../USB_HOST/Target/usbh_conf.h:32,
                 from ../Middlewares/ST/STM32_USB_Host_Library/Core/Inc/usbh_core.h:28,
                 from ../Middlewares/ST/STM32_USB_Host_Library/Class/HID/Inc/usbh_hid_test.h:11,
                 from ../Middlewares/ST/STM32_USB_Host_Library/Class/HID/Src/usbh_hid_test.c:8:
c:\st\stm32cubeide_1.6.0\stm32cubeide\plugins\com.st.stm32cube.ide.mcu.externaltools.gnu-tools-for-stm32.9-2020-q2-update.win32_1.5.0.202011040924\tools\arm-none-eabi\include\string.h:41:17: note: expected 'const char *' but argument is of type 'char'
   41 | size_t  strlen (const char *);
      |                 ^~~~~~~~~~~~
../Core/Src/main.c:264:32: warning: passing argument 2 of 'USB_ReadPacket' from incompatible pointer type [-Wincompatible-pointer-types]
  264 |  data[0]= USB_ReadPacket(USBx, &dest,  len);
      |                                ^~~~~
      |                                |
      |                                uint8_t (*)[8] {aka unsigned char (*)[8]}
../Middlewares/ST/STM32_USB_Host_Library/Class/HID/Src/usbh_hid_test.c:202:71: warning: pointer targets in passing argument 1 of 'strlen' differ in signedness [-Wpointer-sign]
  202 |      HAL_UART_Transmit_IT(&huart2, (uint8_t *)buff, (uint16_t)strlen( buff ) );
      |                                                                       ^~~~
      |                                                                       |
      |                                                                       uint8_t * {aka unsigned char *}
In file included from ../Drivers/STM32F4xx_HAL_Driver/Inc/stm32f4xx_hal_hcd.h:29,
                 from ../Core/Inc/stm32f4xx_hal_conf.h:388,
                 from ../Drivers/STM32F4xx_HAL_Driver/Inc/stm32f4xx_hal.h:30,
                 from ../Core/Inc/main.h:31,
                 from ../Core/Src/main.c:22:
../Drivers/STM32F4xx_HAL_Driver/Inc/stm32f4xx_ll_usb.h:446:19: note: expected 'uint8_t *' {aka 'unsigned char *'} but argument is of type 'uint8_t (*)[8]' {aka 'unsigned char (*)[8]'}
  446 | void             *USB_ReadPacket(USB_OTG_GlobalTypeDef *USBx, uint8_t *dest, uint16_t len);
      |                   ^~~~~~~~~~~~~~
In file included from ../USB_HOST/Target/usbh_conf.h:32,
                 from ../Middlewares/ST/STM32_USB_Host_Library/Core/Inc/usbh_core.h:28,
                 from ../Middlewares/ST/STM32_USB_Host_Library/Class/HID/Inc/usbh_hid_test.h:11,
                 from ../Middlewares/ST/STM32_USB_Host_Library/Class/HID/Src/usbh_hid_test.c:8:
c:\st\stm32cubeide_1.6.0\stm32cubeide\plugins\com.st.stm32cube.ide.mcu.externaltools.gnu-tools-for-stm32.9-2020-q2-update.win32_1.5.0.202011040924\tools\arm-none-eabi\include\string.h:41:17: note: expected 'const char *' but argument is of type 'uint8_t *' {aka 'unsigned char *'}
   41 | size_t  strlen (const char *);
      |                 ^~~~~~~~~~~~
../Core/Src/main.c:268:22: warning: variable 'temp4' set but not used [-Wunused-but-set-variable]
  268 |    uint32_t temp3=0, temp4=0;
      |                      ^~~~~
../Middlewares/ST/STM32_USB_Host_Library/Class/HID/Src/usbh_hid_test.c:212:16: warning: pointer targets in passing argument 1 of 'strlen' differ in signedness [-Wpointer-sign]
  212 |      if(strlen(buff) > 16)
      |                ^~~~
      |                |
      |                uint8_t * {aka unsigned char *}
../Core/Src/main.c:268:13: warning: variable 'temp3' set but not used [-Wunused-but-set-variable]
  268 |    uint32_t temp3=0, temp4=0;
      |             ^~~~~
In file included from ../USB_HOST/Target/usbh_conf.h:32,
                 from ../Middlewares/ST/STM32_USB_Host_Library/Core/Inc/usbh_core.h:28,
                 from ../Middlewares/ST/STM32_USB_Host_Library/Class/HID/Inc/usbh_hid_test.h:11,
                 from ../Middlewares/ST/STM32_USB_Host_Library/Class/HID/Src/usbh_hid_test.c:8:
c:\st\stm32cubeide_1.6.0\stm32cubeide\plugins\com.st.stm32cube.ide.mcu.externaltools.gnu-tools-for-stm32.9-2020-q2-update.win32_1.5.0.202011040924\tools\arm-none-eabi\include\string.h:41:17: note: expected 'const char *' but argument is of type 'uint8_t *' {aka 'unsigned char *'}
   41 | size_t  strlen (const char *);
      |                 ^~~~~~~~~~~~
../Core/Src/main.c:259:18: warning: variable 'temp2' set but not used [-Wunused-but-set-variable]
  259 |  uint8_t *temp1, temp2=0;
      |                  ^~~~~
../Core/Src/main.c:259:11: warning: unused variable 'temp1' [-Wunused-variable]
  259 |  uint8_t *temp1, temp2=0;
      |           ^~~~~
../Middlewares/ST/STM32_USB_Host_Library/Class/HID/Src/usbh_hid_test.c:157:22: warning: variable 'status' set but not used [-Wunused-but-set-variable]
  157 |   USBH_StatusTypeDef status = USBH_OK;
      |                      ^~~~~~
../Core/Src/main.c:264:11: warning: 'USBx' is used uninitialized in this function [-Wuninitialized]
  264 |  data[0]= USB_ReadPacket(USBx, &dest,  len);
      |           ^~~~~~~~~~~~~~~~~~~~~~~~~~~~~~~~~
../Middlewares/ST/STM32_USB_Host_Library/Class/HID/Src/usbh_hid_test.c:156:10: warning: unused variable 'stat_flag' [-Wunused-variable]
  156 |   int8_t stat_flag = -1;
      |          ^~~~~~~~~
../Middlewares/ST/STM32_USB_Host_Library/Class/HID/Src/usbh_hid_test.c:154:20: warning: unused variable 'pktcnt' [-Wunused-variable]
  154 |   uint8_t temp[64],pktcnt;
      |                    ^~~~~~
../Middlewares/ST/STM32_USB_Host_Library/Class/HID/Src/usbh_hid_test.c:153:12: warning: variable 'XferSize' set but not used [-Wunused-but-set-variable]
  153 |   uint16_t XferSize=0;
      |            ^~~~~~~~
In file included from ../Middlewares/ST/STM32_USB_Host_Library/Class/HID/Src/usbh_hid_test.c:10:
../Middlewares/ST/STM32_USB_Host_Library/Class/HID/Src/usbh_hid_test.c: At top level:
../Middlewares/ST/STM32_USB_Host_Library/Class/HID/Inc/usbh_printer.h:33:13: warning: 'reverse' declared 'static' but never defined [-Wunused-function]
   33 | static void reverse(uint8_t * temp);
      |             ^~~~~~~
../Middlewares/ST/STM32_USB_Host_Library/Class/HID/Inc/usbh_printer.h:34:12: warning: 'CheckCMD' declared 'static' but never defined [-Wunused-function]
   34 | static int CheckCMD(const uint8_t *cmd);
      |            ^~~~~~~~
../Middlewares/ST/STM32_USB_Host_Library/Class/HID/Inc/usbh_printer.h:35:13: warning: 'I2A' declared 'static' but never defined [-Wunused-function]
   35 | static void I2A(uint8_t *temp, uint32_t num);
      |             ^~~
../Middlewares/ST/STM32_USB_Host_Library/Class/HID/Inc/usbh_printer.h:36:17: warning: 'A2I' declared 'static' but never defined [-Wunused-function]
   36 | static uint32_t A2I(uint8_t *temp);
      |                 ^~~
../Middlewares/ST/STM32_USB_Host_Library/Class/HID/Inc/usbh_printer.h:37:18: warning: 'checkBudrate' declared 'static' but never defined [-Wunused-function]
   37 | static uint32_t  checkBudrate(uint8_t *temp);
      |                  ^~~~~~~~~~~~
../Middlewares/ST/STM32_USB_Host_Library/Class/HID/Inc/usbh_printer.h:38:16: warning: 'ChangeBaudrate' declared 'static' but never defined [-Wunused-function]
   38 | static uint8_t ChangeBaudrate( uint32_t Budrate );
      |                ^~~~~~~~~~~~~~
../Middlewares/ST/STM32_USB_Host_Library/Class/HID/Src/usbh_hid_test.c:306:27: warning: 'USBH_PRT_Soft_Reset' defined but not used [-Wunused-function]
  306 | static USBH_StatusTypeDef USBH_PRT_Soft_Reset(USBH_HandleTypeDef *phost, uint8_t *Buff, uint16_t Devlen){
      |                           ^~~~~~~~~~~~~~~~~~~
arm-none-eabi-gcc -o "Discovery_USB_HOST_001.elf" @"objects.list"   -mcpu=cortex-m4 -T"D:\Company_Projects_by_vivek\Axis_Company_Project\USB-STM32\USB_HOST\USB_HOST_PRINTER_Backup\Project Backup\Backup_1662020\Discovery_USB_HOST_001\STM32F407VGTX_FLASH.ld" --specs=nosys.specs -Wl,-Map="Discovery_USB_HOST_001.map" -Wl,--gc-sections -static --specs=nano.specs -mfpu=fpv4-sp-d16 -mfloat-abi=hard -mthumb -Wl,--start-group -lc -lm -Wl,--end-group
Finished building target: Discovery_USB_HOST_001.elf
 
arm-none-eabi-objdump -h -S  Discovery_USB_HOST_001.elf  > "Discovery_USB_HOST_001.list"
arm-none-eabi-objcopy  -O binary  Discovery_USB_HOST_001.elf  "Discovery_USB_HOST_001.bin"
arm-none-eabi-size   Discovery_USB_HOST_001.elf 
   text	   data	    bss	    dec	    hex	filename
  32868	    152	   5400	  38420	   9614	Discovery_USB_HOST_001.elf
Finished building: default.size.stdout
 
Finished building: Discovery_USB_HOST_001.bin
 
Finished building: Discovery_USB_HOST_001.list
 
12:07:59 **** Incremental Build of configuration Debug for project Discovery_USB_HOST_001 ****
make -j4 all 
arm-none-eabi-gcc "../Middlewares/ST/STM32_USB_Host_Library/Class/HID/Src/usbh_hid_test.c" -mcpu=cortex-m4 -std=gnu11 -g3 -DUSE_HAL_DRIVER -DDEBUG -DSTM32F407xx -c -I../USB_HOST/App -I../Drivers/CMSIS/Include -I../Middlewares/ST/STM32_USB_Host_Library/Class/HID/Inc -I../Drivers/STM32F4xx_HAL_Driver/Inc -I../Core/Inc -I../Drivers/CMSIS/Device/ST/STM32F4xx/Include -I../USB_HOST/Target -I../Drivers/STM32F4xx_HAL_Driver/Inc/Legacy -I../Middlewares/ST/STM32_USB_Host_Library/Core/Inc -O0 -ffunction-sections -fdata-sections -Wall -fstack-usage -MMD -MP -MF"Middlewares/ST/STM32_USB_Host_Library/Class/HID/Src/usbh_hid_test.d" -MT"Middlewares/ST/STM32_USB_Host_Library/Class/HID/Src/usbh_hid_test.o" --specs=nano.specs -mfpu=fpv4-sp-d16 -mfloat-abi=hard -mthumb -o "Middlewares/ST/STM32_USB_Host_Library/Class/HID/Src/usbh_hid_test.o"
../Middlewares/ST/STM32_USB_Host_Library/Class/HID/Src/usbh_hid_test.c: In function 'USBH_PRT_Process':
../Middlewares/ST/STM32_USB_Host_Library/Class/HID/Src/usbh_hid_test.c:190:27: warning: pointer targets in passing argument 1 of 'strlen' differ in signedness [-Wpointer-sign]
  190 |      memset(buff,0,strlen(buff));
      |                           ^~~~
      |                           |
      |                           uint8_t * {aka unsigned char *}
In file included from ../USB_HOST/Target/usbh_conf.h:32,
                 from ../Middlewares/ST/STM32_USB_Host_Library/Core/Inc/usbh_core.h:28,
                 from ../Middlewares/ST/STM32_USB_Host_Library/Class/HID/Inc/usbh_hid_test.h:11,
                 from ../Middlewares/ST/STM32_USB_Host_Library/Class/HID/Src/usbh_hid_test.c:8:
c:\st\stm32cubeide_1.6.0\stm32cubeide\plugins\com.st.stm32cube.ide.mcu.externaltools.gnu-tools-for-stm32.9-2020-q2-update.win32_1.5.0.202011040924\tools\arm-none-eabi\include\string.h:41:17: note: expected 'const char *' but argument is of type 'uint8_t *' {aka 'unsigned char *'}
   41 | size_t  strlen (const char *);
      |                 ^~~~~~~~~~~~
../Middlewares/ST/STM32_USB_Host_Library/Class/HID/Src/usbh_hid_test.c:192:68: warning: pointer targets in passing argument 1 of 'strlen' differ in signedness [-Wpointer-sign]
  192 |      HAL_UART_Transmit(&huart2, (uint8_t *)buff, (uint16_t)strlen( buff ), 5000 );
      |                                                                    ^~~~
      |                                                                    |
      |                                                                    uint8_t * {aka unsigned char *}
In file included from ../USB_HOST/Target/usbh_conf.h:32,
                 from ../Middlewares/ST/STM32_USB_Host_Library/Core/Inc/usbh_core.h:28,
                 from ../Middlewares/ST/STM32_USB_Host_Library/Class/HID/Inc/usbh_hid_test.h:11,
                 from ../Middlewares/ST/STM32_USB_Host_Library/Class/HID/Src/usbh_hid_test.c:8:
c:\st\stm32cubeide_1.6.0\stm32cubeide\plugins\com.st.stm32cube.ide.mcu.externaltools.gnu-tools-for-stm32.9-2020-q2-update.win32_1.5.0.202011040924\tools\arm-none-eabi\include\string.h:41:17: note: expected 'const char *' but argument is of type 'uint8_t *' {aka 'unsigned char *'}
   41 | size_t  strlen (const char *);
      |                 ^~~~~~~~~~~~
../Middlewares/ST/STM32_USB_Host_Library/Class/HID/Src/usbh_hid_test.c:202:16: warning: pointer targets in passing argument 1 of 'strlen' differ in signedness [-Wpointer-sign]
  202 |      if(strlen(buff) > 16)
      |                ^~~~
      |                |
      |                uint8_t * {aka unsigned char *}
In file included from ../USB_HOST/Target/usbh_conf.h:32,
                 from ../Middlewares/ST/STM32_USB_Host_Library/Core/Inc/usbh_core.h:28,
                 from ../Middlewares/ST/STM32_USB_Host_Library/Class/HID/Inc/usbh_hid_test.h:11,
                 from ../Middlewares/ST/STM32_USB_Host_Library/Class/HID/Src/usbh_hid_test.c:8:
c:\st\stm32cubeide_1.6.0\stm32cubeide\plugins\com.st.stm32cube.ide.mcu.externaltools.gnu-tools-for-stm32.9-2020-q2-update.win32_1.5.0.202011040924\tools\arm-none-eabi\include\string.h:41:17: note: expected 'const char *' but argument is of type 'uint8_t *' {aka 'unsigned char *'}
   41 | size_t  strlen (const char *);
      |                 ^~~~~~~~~~~~
../Middlewares/ST/STM32_USB_Host_Library/Class/HID/Src/usbh_hid_test.c:157:22: warning: variable 'status' set but not used [-Wunused-but-set-variable]
  157 |   USBH_StatusTypeDef status = USBH_OK;
      |                      ^~~~~~
../Middlewares/ST/STM32_USB_Host_Library/Class/HID/Src/usbh_hid_test.c:156:10: warning: unused variable 'stat_flag' [-Wunused-variable]
  156 |   int8_t stat_flag = -1;
      |          ^~~~~~~~~
../Middlewares/ST/STM32_USB_Host_Library/Class/HID/Src/usbh_hid_test.c:154:20: warning: unused variable 'pktcnt' [-Wunused-variable]
  154 |   uint8_t temp[64],pktcnt;
      |                    ^~~~~~
../Middlewares/ST/STM32_USB_Host_Library/Class/HID/Src/usbh_hid_test.c:153:12: warning: variable 'XferSize' set but not used [-Wunused-but-set-variable]
  153 |   uint16_t XferSize=0;
      |            ^~~~~~~~
In file included from ../Middlewares/ST/STM32_USB_Host_Library/Class/HID/Src/usbh_hid_test.c:10:
../Middlewares/ST/STM32_USB_Host_Library/Class/HID/Src/usbh_hid_test.c: At top level:
../Middlewares/ST/STM32_USB_Host_Library/Class/HID/Inc/usbh_printer.h:33:13: warning: 'reverse' declared 'static' but never defined [-Wunused-function]
   33 | static void reverse(uint8_t * temp);
      |             ^~~~~~~
../Middlewares/ST/STM32_USB_Host_Library/Class/HID/Inc/usbh_printer.h:34:12: warning: 'CheckCMD' declared 'static' but never defined [-Wunused-function]
   34 | static int CheckCMD(const uint8_t *cmd);
      |            ^~~~~~~~
../Middlewares/ST/STM32_USB_Host_Library/Class/HID/Inc/usbh_printer.h:35:13: warning: 'I2A' declared 'static' but never defined [-Wunused-function]
   35 | static void I2A(uint8_t *temp, uint32_t num);
      |             ^~~
../Middlewares/ST/STM32_USB_Host_Library/Class/HID/Inc/usbh_printer.h:36:17: warning: 'A2I' declared 'static' but never defined [-Wunused-function]
   36 | static uint32_t A2I(uint8_t *temp);
      |                 ^~~
../Middlewares/ST/STM32_USB_Host_Library/Class/HID/Inc/usbh_printer.h:37:18: warning: 'checkBudrate' declared 'static' but never defined [-Wunused-function]
   37 | static uint32_t  checkBudrate(uint8_t *temp);
      |                  ^~~~~~~~~~~~
../Middlewares/ST/STM32_USB_Host_Library/Class/HID/Inc/usbh_printer.h:38:16: warning: 'ChangeBaudrate' declared 'static' but never defined [-Wunused-function]
   38 | static uint8_t ChangeBaudrate( uint32_t Budrate );
      |                ^~~~~~~~~~~~~~
../Middlewares/ST/STM32_USB_Host_Library/Class/HID/Src/usbh_hid_test.c:296:27: warning: 'USBH_PRT_Soft_Reset' defined but not used [-Wunused-function]
  296 | static USBH_StatusTypeDef USBH_PRT_Soft_Reset(USBH_HandleTypeDef *phost, uint8_t *Buff, uint16_t Devlen){
      |                           ^~~~~~~~~~~~~~~~~~~
arm-none-eabi-gcc -o "Discovery_USB_HOST_001.elf" @"objects.list"   -mcpu=cortex-m4 -T"D:\Company_Projects_by_vivek\Axis_Company_Project\USB-STM32\USB_HOST\USB_HOST_PRINTER_Backup\Project Backup\Backup_1662020\Discovery_USB_HOST_001\STM32F407VGTX_FLASH.ld" --specs=nosys.specs -Wl,-Map="Discovery_USB_HOST_001.map" -Wl,--gc-sections -static --specs=nano.specs -mfpu=fpv4-sp-d16 -mfloat-abi=hard -mthumb -Wl,--start-group -lc -lm -Wl,--end-group
Finished building target: Discovery_USB_HOST_001.elf
 
arm-none-eabi-objdump -h -S  Discovery_USB_HOST_001.elf  > "Discovery_USB_HOST_001.list"
arm-none-eabi-objcopy  -O binary  Discovery_USB_HOST_001.elf  "Discovery_USB_HOST_001.bin"
arm-none-eabi-size   Discovery_USB_HOST_001.elf 
   text	   data	    bss	    dec	    hex	filename
  32516	    152	   5400	  38068	   94b4	Discovery_USB_HOST_001.elf
Finished building: default.size.stdout
 
Finished building: Discovery_USB_HOST_001.bin
 
Finished building: Discovery_USB_HOST_001.list
 
12:24:24 **** Incremental Build of configuration Debug for project Discovery_USB_HOST_001 ****
make -j4 all 
arm-none-eabi-gcc "../Middlewares/ST/STM32_USB_Host_Library/Class/HID/Src/usbh_hid_test.c" -mcpu=cortex-m4 -std=gnu11 -g3 -DUSE_HAL_DRIVER -DDEBUG -DSTM32F407xx -c -I../USB_HOST/App -I../Drivers/CMSIS/Include -I../Middlewares/ST/STM32_USB_Host_Library/Class/HID/Inc -I../Drivers/STM32F4xx_HAL_Driver/Inc -I../Core/Inc -I../Drivers/CMSIS/Device/ST/STM32F4xx/Include -I../USB_HOST/Target -I../Drivers/STM32F4xx_HAL_Driver/Inc/Legacy -I../Middlewares/ST/STM32_USB_Host_Library/Core/Inc -O0 -ffunction-sections -fdata-sections -Wall -fstack-usage -MMD -MP -MF"Middlewares/ST/STM32_USB_Host_Library/Class/HID/Src/usbh_hid_test.d" -MT"Middlewares/ST/STM32_USB_Host_Library/Class/HID/Src/usbh_hid_test.o" --specs=nano.specs -mfpu=fpv4-sp-d16 -mfloat-abi=hard -mthumb -o "Middlewares/ST/STM32_USB_Host_Library/Class/HID/Src/usbh_hid_test.o"
../Middlewares/ST/STM32_USB_Host_Library/Class/HID/Src/usbh_hid_test.c: In function 'USBH_PRT_Process':
../Middlewares/ST/STM32_USB_Host_Library/Class/HID/Src/usbh_hid_test.c:190:27: warning: pointer targets in passing argument 1 of 'strlen' differ in signedness [-Wpointer-sign]
  190 |      memset(buff,0,strlen(buff));
      |                           ^~~~
      |                           |
      |                           uint8_t * {aka unsigned char *}
In file included from ../USB_HOST/Target/usbh_conf.h:32,
                 from ../Middlewares/ST/STM32_USB_Host_Library/Core/Inc/usbh_core.h:28,
                 from ../Middlewares/ST/STM32_USB_Host_Library/Class/HID/Inc/usbh_hid_test.h:11,
                 from ../Middlewares/ST/STM32_USB_Host_Library/Class/HID/Src/usbh_hid_test.c:8:
c:\st\stm32cubeide_1.6.0\stm32cubeide\plugins\com.st.stm32cube.ide.mcu.externaltools.gnu-tools-for-stm32.9-2020-q2-update.win32_1.5.0.202011040924\tools\arm-none-eabi\include\string.h:41:17: note: expected 'const char *' but argument is of type 'uint8_t *' {aka 'unsigned char *'}
   41 | size_t  strlen (const char *);
      |                 ^~~~~~~~~~~~
../Middlewares/ST/STM32_USB_Host_Library/Class/HID/Src/usbh_hid_test.c:202:16: warning: pointer targets in passing argument 1 of 'strlen' differ in signedness [-Wpointer-sign]
  202 |      if(strlen(buff) > 16)
      |                ^~~~
      |                |
      |                uint8_t * {aka unsigned char *}
In file included from ../USB_HOST/Target/usbh_conf.h:32,
                 from ../Middlewares/ST/STM32_USB_Host_Library/Core/Inc/usbh_core.h:28,
                 from ../Middlewares/ST/STM32_USB_Host_Library/Class/HID/Inc/usbh_hid_test.h:11,
                 from ../Middlewares/ST/STM32_USB_Host_Library/Class/HID/Src/usbh_hid_test.c:8:
c:\st\stm32cubeide_1.6.0\stm32cubeide\plugins\com.st.stm32cube.ide.mcu.externaltools.gnu-tools-for-stm32.9-2020-q2-update.win32_1.5.0.202011040924\tools\arm-none-eabi\include\string.h:41:17: note: expected 'const char *' but argument is of type 'uint8_t *' {aka 'unsigned char *'}
   41 | size_t  strlen (const char *);
      |                 ^~~~~~~~~~~~
../Middlewares/ST/STM32_USB_Host_Library/Class/HID/Src/usbh_hid_test.c:157:22: warning: variable 'status' set but not used [-Wunused-but-set-variable]
  157 |   USBH_StatusTypeDef status = USBH_OK;
      |                      ^~~~~~
../Middlewares/ST/STM32_USB_Host_Library/Class/HID/Src/usbh_hid_test.c:156:10: warning: unused variable 'stat_flag' [-Wunused-variable]
  156 |   int8_t stat_flag = -1;
      |          ^~~~~~~~~
../Middlewares/ST/STM32_USB_Host_Library/Class/HID/Src/usbh_hid_test.c:154:20: warning: unused variable 'pktcnt' [-Wunused-variable]
  154 |   uint8_t temp[64],pktcnt;
      |                    ^~~~~~
../Middlewares/ST/STM32_USB_Host_Library/Class/HID/Src/usbh_hid_test.c:153:12: warning: variable 'XferSize' set but not used [-Wunused-but-set-variable]
  153 |   uint16_t XferSize=0;
      |            ^~~~~~~~
In file included from ../Middlewares/ST/STM32_USB_Host_Library/Class/HID/Src/usbh_hid_test.c:10:
../Middlewares/ST/STM32_USB_Host_Library/Class/HID/Src/usbh_hid_test.c: At top level:
../Middlewares/ST/STM32_USB_Host_Library/Class/HID/Inc/usbh_printer.h:33:13: warning: 'reverse' declared 'static' but never defined [-Wunused-function]
   33 | static void reverse(uint8_t * temp);
      |             ^~~~~~~
../Middlewares/ST/STM32_USB_Host_Library/Class/HID/Inc/usbh_printer.h:34:12: warning: 'CheckCMD' declared 'static' but never defined [-Wunused-function]
   34 | static int CheckCMD(const uint8_t *cmd);
      |            ^~~~~~~~
../Middlewares/ST/STM32_USB_Host_Library/Class/HID/Inc/usbh_printer.h:35:13: warning: 'I2A' declared 'static' but never defined [-Wunused-function]
   35 | static void I2A(uint8_t *temp, uint32_t num);
      |             ^~~
../Middlewares/ST/STM32_USB_Host_Library/Class/HID/Inc/usbh_printer.h:36:17: warning: 'A2I' declared 'static' but never defined [-Wunused-function]
   36 | static uint32_t A2I(uint8_t *temp);
      |                 ^~~
../Middlewares/ST/STM32_USB_Host_Library/Class/HID/Inc/usbh_printer.h:37:18: warning: 'checkBudrate' declared 'static' but never defined [-Wunused-function]
   37 | static uint32_t  checkBudrate(uint8_t *temp);
      |                  ^~~~~~~~~~~~
../Middlewares/ST/STM32_USB_Host_Library/Class/HID/Inc/usbh_printer.h:38:16: warning: 'ChangeBaudrate' declared 'static' but never defined [-Wunused-function]
   38 | static uint8_t ChangeBaudrate( uint32_t Budrate );
      |                ^~~~~~~~~~~~~~
../Middlewares/ST/STM32_USB_Host_Library/Class/HID/Src/usbh_hid_test.c:296:27: warning: 'USBH_PRT_Soft_Reset' defined but not used [-Wunused-function]
  296 | static USBH_StatusTypeDef USBH_PRT_Soft_Reset(USBH_HandleTypeDef *phost, uint8_t *Buff, uint16_t Devlen){
      |                           ^~~~~~~~~~~~~~~~~~~
arm-none-eabi-gcc -o "Discovery_USB_HOST_001.elf" @"objects.list"   -mcpu=cortex-m4 -T"D:\Company_Projects_by_vivek\Axis_Company_Project\USB-STM32\USB_HOST\USB_HOST_PRINTER_Backup\Project Backup\Backup_1662020\Discovery_USB_HOST_001\STM32F407VGTX_FLASH.ld" --specs=nosys.specs -Wl,-Map="Discovery_USB_HOST_001.map" -Wl,--gc-sections -static --specs=nano.specs -mfpu=fpv4-sp-d16 -mfloat-abi=hard -mthumb -Wl,--start-group -lc -lm -Wl,--end-group
Finished building target: Discovery_USB_HOST_001.elf
 
arm-none-eabi-objdump -h -S  Discovery_USB_HOST_001.elf  > "Discovery_USB_HOST_001.list"
arm-none-eabi-objcopy  -O binary  Discovery_USB_HOST_001.elf  "Discovery_USB_HOST_001.bin"
arm-none-eabi-size   Discovery_USB_HOST_001.elf 
   text	   data	    bss	    dec	    hex	filename
  32484	    152	   5400	  38036	   9494	Discovery_USB_HOST_001.elf
Finished building: default.size.stdout
 
Finished building: Discovery_USB_HOST_001.bin
 
Finished building: Discovery_USB_HOST_001.list
 
12:28:41 **** Incremental Build of configuration Debug for project Discovery_USB_HOST_001 ****
make -j4 all 
arm-none-eabi-gcc "../Middlewares/ST/STM32_USB_Host_Library/Class/HID/Src/usbh_hid_test.c" -mcpu=cortex-m4 -std=gnu11 -g3 -DUSE_HAL_DRIVER -DDEBUG -DSTM32F407xx -c -I../USB_HOST/App -I../Drivers/CMSIS/Include -I../Middlewares/ST/STM32_USB_Host_Library/Class/HID/Inc -I../Drivers/STM32F4xx_HAL_Driver/Inc -I../Core/Inc -I../Drivers/CMSIS/Device/ST/STM32F4xx/Include -I../USB_HOST/Target -I../Drivers/STM32F4xx_HAL_Driver/Inc/Legacy -I../Middlewares/ST/STM32_USB_Host_Library/Core/Inc -O0 -ffunction-sections -fdata-sections -Wall -fstack-usage -MMD -MP -MF"Middlewares/ST/STM32_USB_Host_Library/Class/HID/Src/usbh_hid_test.d" -MT"Middlewares/ST/STM32_USB_Host_Library/Class/HID/Src/usbh_hid_test.o" --specs=nano.specs -mfpu=fpv4-sp-d16 -mfloat-abi=hard -mthumb -o "Middlewares/ST/STM32_USB_Host_Library/Class/HID/Src/usbh_hid_test.o"
../Middlewares/ST/STM32_USB_Host_Library/Class/HID/Src/usbh_hid_test.c: In function 'USBH_PRT_Process':
../Middlewares/ST/STM32_USB_Host_Library/Class/HID/Src/usbh_hid_test.c:190:27: warning: pointer targets in passing argument 1 of 'strlen' differ in signedness [-Wpointer-sign]
  190 |      memset(buff,0,strlen(buff));
      |                           ^~~~
      |                           |
      |                           uint8_t * {aka unsigned char *}
In file included from ../USB_HOST/Target/usbh_conf.h:32,
                 from ../Middlewares/ST/STM32_USB_Host_Library/Core/Inc/usbh_core.h:28,
                 from ../Middlewares/ST/STM32_USB_Host_Library/Class/HID/Inc/usbh_hid_test.h:11,
                 from ../Middlewares/ST/STM32_USB_Host_Library/Class/HID/Src/usbh_hid_test.c:8:
c:\st\stm32cubeide_1.6.0\stm32cubeide\plugins\com.st.stm32cube.ide.mcu.externaltools.gnu-tools-for-stm32.9-2020-q2-update.win32_1.5.0.202011040924\tools\arm-none-eabi\include\string.h:41:17: note: expected 'const char *' but argument is of type 'uint8_t *' {aka 'unsigned char *'}
   41 | size_t  strlen (const char *);
      |                 ^~~~~~~~~~~~
../Middlewares/ST/STM32_USB_Host_Library/Class/HID/Src/usbh_hid_test.c:202:16: warning: pointer targets in passing argument 1 of 'strlen' differ in signedness [-Wpointer-sign]
  202 |      if(strlen(buff) > 16)
      |                ^~~~
      |                |
      |                uint8_t * {aka unsigned char *}
In file included from ../USB_HOST/Target/usbh_conf.h:32,
                 from ../Middlewares/ST/STM32_USB_Host_Library/Core/Inc/usbh_core.h:28,
                 from ../Middlewares/ST/STM32_USB_Host_Library/Class/HID/Inc/usbh_hid_test.h:11,
                 from ../Middlewares/ST/STM32_USB_Host_Library/Class/HID/Src/usbh_hid_test.c:8:
c:\st\stm32cubeide_1.6.0\stm32cubeide\plugins\com.st.stm32cube.ide.mcu.externaltools.gnu-tools-for-stm32.9-2020-q2-update.win32_1.5.0.202011040924\tools\arm-none-eabi\include\string.h:41:17: note: expected 'const char *' but argument is of type 'uint8_t *' {aka 'unsigned char *'}
   41 | size_t  strlen (const char *);
      |                 ^~~~~~~~~~~~
../Middlewares/ST/STM32_USB_Host_Library/Class/HID/Src/usbh_hid_test.c:157:22: warning: variable 'status' set but not used [-Wunused-but-set-variable]
  157 |   USBH_StatusTypeDef status = USBH_OK;
      |                      ^~~~~~
../Middlewares/ST/STM32_USB_Host_Library/Class/HID/Src/usbh_hid_test.c:156:10: warning: unused variable 'stat_flag' [-Wunused-variable]
  156 |   int8_t stat_flag = -1;
      |          ^~~~~~~~~
../Middlewares/ST/STM32_USB_Host_Library/Class/HID/Src/usbh_hid_test.c:154:20: warning: unused variable 'pktcnt' [-Wunused-variable]
  154 |   uint8_t temp[64],pktcnt;
      |                    ^~~~~~
../Middlewares/ST/STM32_USB_Host_Library/Class/HID/Src/usbh_hid_test.c:153:12: warning: variable 'XferSize' set but not used [-Wunused-but-set-variable]
  153 |   uint16_t XferSize=0;
      |            ^~~~~~~~
In file included from ../Middlewares/ST/STM32_USB_Host_Library/Class/HID/Src/usbh_hid_test.c:10:
../Middlewares/ST/STM32_USB_Host_Library/Class/HID/Src/usbh_hid_test.c: At top level:
../Middlewares/ST/STM32_USB_Host_Library/Class/HID/Inc/usbh_printer.h:33:13: warning: 'reverse' declared 'static' but never defined [-Wunused-function]
   33 | static void reverse(uint8_t * temp);
      |             ^~~~~~~
../Middlewares/ST/STM32_USB_Host_Library/Class/HID/Inc/usbh_printer.h:34:12: warning: 'CheckCMD' declared 'static' but never defined [-Wunused-function]
   34 | static int CheckCMD(const uint8_t *cmd);
      |            ^~~~~~~~
../Middlewares/ST/STM32_USB_Host_Library/Class/HID/Inc/usbh_printer.h:35:13: warning: 'I2A' declared 'static' but never defined [-Wunused-function]
   35 | static void I2A(uint8_t *temp, uint32_t num);
      |             ^~~
../Middlewares/ST/STM32_USB_Host_Library/Class/HID/Inc/usbh_printer.h:36:17: warning: 'A2I' declared 'static' but never defined [-Wunused-function]
   36 | static uint32_t A2I(uint8_t *temp);
      |                 ^~~
../Middlewares/ST/STM32_USB_Host_Library/Class/HID/Inc/usbh_printer.h:37:18: warning: 'checkBudrate' declared 'static' but never defined [-Wunused-function]
   37 | static uint32_t  checkBudrate(uint8_t *temp);
      |                  ^~~~~~~~~~~~
../Middlewares/ST/STM32_USB_Host_Library/Class/HID/Inc/usbh_printer.h:38:16: warning: 'ChangeBaudrate' declared 'static' but never defined [-Wunused-function]
   38 | static uint8_t ChangeBaudrate( uint32_t Budrate );
      |                ^~~~~~~~~~~~~~
../Middlewares/ST/STM32_USB_Host_Library/Class/HID/Src/usbh_hid_test.c:296:27: warning: 'USBH_PRT_Soft_Reset' defined but not used [-Wunused-function]
  296 | static USBH_StatusTypeDef USBH_PRT_Soft_Reset(USBH_HandleTypeDef *phost, uint8_t *Buff, uint16_t Devlen){
      |                           ^~~~~~~~~~~~~~~~~~~
arm-none-eabi-gcc -o "Discovery_USB_HOST_001.elf" @"objects.list"   -mcpu=cortex-m4 -T"D:\Company_Projects_by_vivek\Axis_Company_Project\USB-STM32\USB_HOST\USB_HOST_PRINTER_Backup\Project Backup\Backup_1662020\Discovery_USB_HOST_001\STM32F407VGTX_FLASH.ld" --specs=nosys.specs -Wl,-Map="Discovery_USB_HOST_001.map" -Wl,--gc-sections -static --specs=nano.specs -mfpu=fpv4-sp-d16 -mfloat-abi=hard -mthumb -Wl,--start-group -lc -lm -Wl,--end-group
Finished building target: Discovery_USB_HOST_001.elf
 
arm-none-eabi-objdump -h -S  Discovery_USB_HOST_001.elf  > "Discovery_USB_HOST_001.list"
arm-none-eabi-objcopy  -O binary  Discovery_USB_HOST_001.elf  "Discovery_USB_HOST_001.bin"
arm-none-eabi-size   Discovery_USB_HOST_001.elf 
   text	   data	    bss	    dec	    hex	filename
  32484	    152	   5400	  38036	   9494	Discovery_USB_HOST_001.elf
Finished building: default.size.stdout
 
Finished building: Discovery_USB_HOST_001.bin
 
Finished building: Discovery_USB_HOST_001.list
 
12:29:28 **** Incremental Build of configuration Debug for project Discovery_USB_HOST_001 ****
make -j4 all 
arm-none-eabi-gcc "../Middlewares/ST/STM32_USB_Host_Library/Class/HID/Src/usbh_hid_test.c" -mcpu=cortex-m4 -std=gnu11 -g3 -DUSE_HAL_DRIVER -DDEBUG -DSTM32F407xx -c -I../USB_HOST/App -I../Drivers/CMSIS/Include -I../Middlewares/ST/STM32_USB_Host_Library/Class/HID/Inc -I../Drivers/STM32F4xx_HAL_Driver/Inc -I../Core/Inc -I../Drivers/CMSIS/Device/ST/STM32F4xx/Include -I../USB_HOST/Target -I../Drivers/STM32F4xx_HAL_Driver/Inc/Legacy -I../Middlewares/ST/STM32_USB_Host_Library/Core/Inc -O0 -ffunction-sections -fdata-sections -Wall -fstack-usage -MMD -MP -MF"Middlewares/ST/STM32_USB_Host_Library/Class/HID/Src/usbh_hid_test.d" -MT"Middlewares/ST/STM32_USB_Host_Library/Class/HID/Src/usbh_hid_test.o" --specs=nano.specs -mfpu=fpv4-sp-d16 -mfloat-abi=hard -mthumb -o "Middlewares/ST/STM32_USB_Host_Library/Class/HID/Src/usbh_hid_test.o"
../Middlewares/ST/STM32_USB_Host_Library/Class/HID/Src/usbh_hid_test.c: In function 'USBH_PRT_Process':
../Middlewares/ST/STM32_USB_Host_Library/Class/HID/Src/usbh_hid_test.c:190:27: warning: pointer targets in passing argument 1 of 'strlen' differ in signedness [-Wpointer-sign]
  190 |      memset(buff,0,strlen(buff));
      |                           ^~~~
      |                           |
      |                           uint8_t * {aka unsigned char *}
In file included from ../USB_HOST/Target/usbh_conf.h:32,
                 from ../Middlewares/ST/STM32_USB_Host_Library/Core/Inc/usbh_core.h:28,
                 from ../Middlewares/ST/STM32_USB_Host_Library/Class/HID/Inc/usbh_hid_test.h:11,
                 from ../Middlewares/ST/STM32_USB_Host_Library/Class/HID/Src/usbh_hid_test.c:8:
c:\st\stm32cubeide_1.6.0\stm32cubeide\plugins\com.st.stm32cube.ide.mcu.externaltools.gnu-tools-for-stm32.9-2020-q2-update.win32_1.5.0.202011040924\tools\arm-none-eabi\include\string.h:41:17: note: expected 'const char *' but argument is of type 'uint8_t *' {aka 'unsigned char *'}
   41 | size_t  strlen (const char *);
      |                 ^~~~~~~~~~~~
../Middlewares/ST/STM32_USB_Host_Library/Class/HID/Src/usbh_hid_test.c:202:16: warning: pointer targets in passing argument 1 of 'strlen' differ in signedness [-Wpointer-sign]
  202 |      if(strlen(buff) > 16)
      |                ^~~~
      |                |
      |                uint8_t * {aka unsigned char *}
In file included from ../USB_HOST/Target/usbh_conf.h:32,
                 from ../Middlewares/ST/STM32_USB_Host_Library/Core/Inc/usbh_core.h:28,
                 from ../Middlewares/ST/STM32_USB_Host_Library/Class/HID/Inc/usbh_hid_test.h:11,
                 from ../Middlewares/ST/STM32_USB_Host_Library/Class/HID/Src/usbh_hid_test.c:8:
c:\st\stm32cubeide_1.6.0\stm32cubeide\plugins\com.st.stm32cube.ide.mcu.externaltools.gnu-tools-for-stm32.9-2020-q2-update.win32_1.5.0.202011040924\tools\arm-none-eabi\include\string.h:41:17: note: expected 'const char *' but argument is of type 'uint8_t *' {aka 'unsigned char *'}
   41 | size_t  strlen (const char *);
      |                 ^~~~~~~~~~~~
../Middlewares/ST/STM32_USB_Host_Library/Class/HID/Src/usbh_hid_test.c:157:22: warning: variable 'status' set but not used [-Wunused-but-set-variable]
  157 |   USBH_StatusTypeDef status = USBH_OK;
      |                      ^~~~~~
../Middlewares/ST/STM32_USB_Host_Library/Class/HID/Src/usbh_hid_test.c:156:10: warning: unused variable 'stat_flag' [-Wunused-variable]
  156 |   int8_t stat_flag = -1;
      |          ^~~~~~~~~
../Middlewares/ST/STM32_USB_Host_Library/Class/HID/Src/usbh_hid_test.c:154:20: warning: unused variable 'pktcnt' [-Wunused-variable]
  154 |   uint8_t temp[64],pktcnt;
      |                    ^~~~~~
../Middlewares/ST/STM32_USB_Host_Library/Class/HID/Src/usbh_hid_test.c:153:12: warning: variable 'XferSize' set but not used [-Wunused-but-set-variable]
  153 |   uint16_t XferSize=0;
      |            ^~~~~~~~
In file included from ../Middlewares/ST/STM32_USB_Host_Library/Class/HID/Src/usbh_hid_test.c:10:
../Middlewares/ST/STM32_USB_Host_Library/Class/HID/Src/usbh_hid_test.c: At top level:
../Middlewares/ST/STM32_USB_Host_Library/Class/HID/Inc/usbh_printer.h:33:13: warning: 'reverse' declared 'static' but never defined [-Wunused-function]
   33 | static void reverse(uint8_t * temp);
      |             ^~~~~~~
../Middlewares/ST/STM32_USB_Host_Library/Class/HID/Inc/usbh_printer.h:34:12: warning: 'CheckCMD' declared 'static' but never defined [-Wunused-function]
   34 | static int CheckCMD(const uint8_t *cmd);
      |            ^~~~~~~~
../Middlewares/ST/STM32_USB_Host_Library/Class/HID/Inc/usbh_printer.h:35:13: warning: 'I2A' declared 'static' but never defined [-Wunused-function]
   35 | static void I2A(uint8_t *temp, uint32_t num);
      |             ^~~
../Middlewares/ST/STM32_USB_Host_Library/Class/HID/Inc/usbh_printer.h:36:17: warning: 'A2I' declared 'static' but never defined [-Wunused-function]
   36 | static uint32_t A2I(uint8_t *temp);
      |                 ^~~
../Middlewares/ST/STM32_USB_Host_Library/Class/HID/Inc/usbh_printer.h:37:18: warning: 'checkBudrate' declared 'static' but never defined [-Wunused-function]
   37 | static uint32_t  checkBudrate(uint8_t *temp);
      |                  ^~~~~~~~~~~~
../Middlewares/ST/STM32_USB_Host_Library/Class/HID/Inc/usbh_printer.h:38:16: warning: 'ChangeBaudrate' declared 'static' but never defined [-Wunused-function]
   38 | static uint8_t ChangeBaudrate( uint32_t Budrate );
      |                ^~~~~~~~~~~~~~
../Middlewares/ST/STM32_USB_Host_Library/Class/HID/Src/usbh_hid_test.c:296:27: warning: 'USBH_PRT_Soft_Reset' defined but not used [-Wunused-function]
  296 | static USBH_StatusTypeDef USBH_PRT_Soft_Reset(USBH_HandleTypeDef *phost, uint8_t *Buff, uint16_t Devlen){
      |                           ^~~~~~~~~~~~~~~~~~~
arm-none-eabi-gcc -o "Discovery_USB_HOST_001.elf" @"objects.list"   -mcpu=cortex-m4 -T"D:\Company_Projects_by_vivek\Axis_Company_Project\USB-STM32\USB_HOST\USB_HOST_PRINTER_Backup\Project Backup\Backup_1662020\Discovery_USB_HOST_001\STM32F407VGTX_FLASH.ld" --specs=nosys.specs -Wl,-Map="Discovery_USB_HOST_001.map" -Wl,--gc-sections -static --specs=nano.specs -mfpu=fpv4-sp-d16 -mfloat-abi=hard -mthumb -Wl,--start-group -lc -lm -Wl,--end-group
Finished building target: Discovery_USB_HOST_001.elf
 
arm-none-eabi-objdump -h -S  Discovery_USB_HOST_001.elf  > "Discovery_USB_HOST_001.list"
arm-none-eabi-objcopy  -O binary  Discovery_USB_HOST_001.elf  "Discovery_USB_HOST_001.bin"
arm-none-eabi-size   Discovery_USB_HOST_001.elf 
   text	   data	    bss	    dec	    hex	filename
  32484	    152	   5400	  38036	   9494	Discovery_USB_HOST_001.elf
Finished building: default.size.stdout
 
Finished building: Discovery_USB_HOST_001.bin
 
Finished building: Discovery_USB_HOST_001.list
 
12:49:51 **** Incremental Build of configuration Debug for project Discovery_USB_HOST_001 ****
make -j4 all 
arm-none-eabi-gcc "../Core/Src/stm32f4xx_it.c" -mcpu=cortex-m4 -std=gnu11 -g3 -DUSE_HAL_DRIVER -DDEBUG -DSTM32F407xx -c -I../USB_HOST/App -I../Drivers/CMSIS/Include -I../Middlewares/ST/STM32_USB_Host_Library/Class/HID/Inc -I../Drivers/STM32F4xx_HAL_Driver/Inc -I../Core/Inc -I../Drivers/CMSIS/Device/ST/STM32F4xx/Include -I../USB_HOST/Target -I../Drivers/STM32F4xx_HAL_Driver/Inc/Legacy -I../Middlewares/ST/STM32_USB_Host_Library/Core/Inc -O0 -ffunction-sections -fdata-sections -Wall -fstack-usage -MMD -MP -MF"Core/Src/stm32f4xx_it.d" -MT"Core/Src/stm32f4xx_it.o" --specs=nano.specs -mfpu=fpv4-sp-d16 -mfloat-abi=hard -mthumb -o "Core/Src/stm32f4xx_it.o"
../Core/Src/stm32f4xx_it.c: In function 'HardFault_Handler':
../Core/Src/stm32f4xx_it.c:93:4: warning: implicit declaration of function 'MX_USB_HOST_Process' [-Wimplicit-function-declaration]
   93 |    MX_USB_HOST_Process();
      |    ^~~~~~~~~~~~~~~~~~~
arm-none-eabi-gcc -o "Discovery_USB_HOST_001.elf" @"objects.list"   -mcpu=cortex-m4 -T"D:\Company_Projects_by_vivek\Axis_Company_Project\USB-STM32\USB_HOST\USB_HOST_PRINTER_Backup\Project Backup\Backup_1662020\Discovery_USB_HOST_001\STM32F407VGTX_FLASH.ld" --specs=nosys.specs -Wl,-Map="Discovery_USB_HOST_001.map" -Wl,--gc-sections -static --specs=nano.specs -mfpu=fpv4-sp-d16 -mfloat-abi=hard -mthumb -Wl,--start-group -lc -lm -Wl,--end-group
Finished building target: Discovery_USB_HOST_001.elf
 
arm-none-eabi-objdump -h -S  Discovery_USB_HOST_001.elf  > "Discovery_USB_HOST_001.list"
arm-none-eabi-objcopy  -O binary  Discovery_USB_HOST_001.elf  "Discovery_USB_HOST_001.bin"
arm-none-eabi-size   Discovery_USB_HOST_001.elf 
   text	   data	    bss	    dec	    hex	filename
  32488	    152	   5400	  38040	   9498	Discovery_USB_HOST_001.elf
Finished building: default.size.stdout
 
Finished building: Discovery_USB_HOST_001.bin
 
Finished building: Discovery_USB_HOST_001.list
 
12:58:24 **** Incremental Build of configuration Debug for project Discovery_USB_HOST_001 ****
make -j4 all 
arm-none-eabi-gcc "../Core/Src/main.c" -mcpu=cortex-m4 -std=gnu11 -g3 -DUSE_HAL_DRIVER -DDEBUG -DSTM32F407xx -c -I../USB_HOST/App -I../Drivers/CMSIS/Include -I../Middlewares/ST/STM32_USB_Host_Library/Class/HID/Inc -I../Drivers/STM32F4xx_HAL_Driver/Inc -I../Core/Inc -I../Drivers/CMSIS/Device/ST/STM32F4xx/Include -I../USB_HOST/Target -I../Drivers/STM32F4xx_HAL_Driver/Inc/Legacy -I../Middlewares/ST/STM32_USB_Host_Library/Core/Inc -O0 -ffunction-sections -fdata-sections -Wall -fstack-usage -MMD -MP -MF"Core/Src/main.d" -MT"Core/Src/main.o" --specs=nano.specs -mfpu=fpv4-sp-d16 -mfloat-abi=hard -mthumb -o "Core/Src/main.o"
../Core/Src/main.c: In function 'main':
../Core/Src/main.c:81:7: warning: unused variable 'max' [-Wunused-variable]
   81 |   int max;
      |       ^~~
../Core/Src/main.c:80:11: warning: unused variable 'buff' [-Wunused-variable]
   80 |   uint8_t buff[SIZE_BUFF];
      |           ^~~~
../Core/Src/main.c: In function 'USBH_HID_EventCallback':
../Core/Src/main.c:264:32: warning: passing argument 2 of 'USB_ReadPacket' from incompatible pointer type [-Wincompatible-pointer-types]
  264 |  data[0]= USB_ReadPacket(USBx, &dest,  len);
      |                                ^~~~~
      |                                |
      |                                uint8_t (*)[8] {aka unsigned char (*)[8]}
In file included from ../Drivers/STM32F4xx_HAL_Driver/Inc/stm32f4xx_hal_hcd.h:29,
                 from ../Core/Inc/stm32f4xx_hal_conf.h:388,
                 from ../Drivers/STM32F4xx_HAL_Driver/Inc/stm32f4xx_hal.h:30,
                 from ../Core/Inc/main.h:31,
                 from ../Core/Src/main.c:22:
../Drivers/STM32F4xx_HAL_Driver/Inc/stm32f4xx_ll_usb.h:446:19: note: expected 'uint8_t *' {aka 'unsigned char *'} but argument is of type 'uint8_t (*)[8]' {aka 'unsigned char (*)[8]'}
  446 | void             *USB_ReadPacket(USB_OTG_GlobalTypeDef *USBx, uint8_t *dest, uint16_t len);
      |                   ^~~~~~~~~~~~~~
../Core/Src/main.c:268:22: warning: variable 'temp4' set but not used [-Wunused-but-set-variable]
  268 |    uint32_t temp3=0, temp4=0;
      |                      ^~~~~
../Core/Src/main.c:268:13: warning: variable 'temp3' set but not used [-Wunused-but-set-variable]
  268 |    uint32_t temp3=0, temp4=0;
      |             ^~~~~
../Core/Src/main.c:259:18: warning: variable 'temp2' set but not used [-Wunused-but-set-variable]
  259 |  uint8_t *temp1, temp2=0;
      |                  ^~~~~
../Core/Src/main.c:259:11: warning: unused variable 'temp1' [-Wunused-variable]
  259 |  uint8_t *temp1, temp2=0;
      |           ^~~~~
../Core/Src/main.c:264:11: warning: 'USBx' is used uninitialized in this function [-Wuninitialized]
  264 |  data[0]= USB_ReadPacket(USBx, &dest,  len);
      |           ^~~~~~~~~~~~~~~~~~~~~~~~~~~~~~~~~
arm-none-eabi-gcc -o "Discovery_USB_HOST_001.elf" @"objects.list"   -mcpu=cortex-m4 -T"D:\Company_Projects_by_vivek\Axis_Company_Project\USB-STM32\USB_HOST\USB_HOST_PRINTER_Backup\Project Backup\Backup_1662020\Discovery_USB_HOST_001\STM32F407VGTX_FLASH.ld" --specs=nosys.specs -Wl,-Map="Discovery_USB_HOST_001.map" -Wl,--gc-sections -static --specs=nano.specs -mfpu=fpv4-sp-d16 -mfloat-abi=hard -mthumb -Wl,--start-group -lc -lm -Wl,--end-group
Finished building target: Discovery_USB_HOST_001.elf
 
arm-none-eabi-objdump -h -S  Discovery_USB_HOST_001.elf  > "Discovery_USB_HOST_001.list"
arm-none-eabi-objcopy  -O binary  Discovery_USB_HOST_001.elf  "Discovery_USB_HOST_001.bin"
arm-none-eabi-size   Discovery_USB_HOST_001.elf 
   text	   data	    bss	    dec	    hex	filename
  32488	    152	   5400	  38040	   9498	Discovery_USB_HOST_001.elf
Finished building: default.size.stdout
 
Finished building: Discovery_USB_HOST_001.bin
 
Finished building: Discovery_USB_HOST_001.list
 
12:59:48 **** Incremental Build of configuration Debug for project Discovery_USB_HOST_001 ****
make -j4 all 
arm-none-eabi-size   Discovery_USB_HOST_001.elf 
   text	   data	    bss	    dec	    hex	filename
  32488	    152	   5400	  38040	   9498	Discovery_USB_HOST_001.elf
Finished building: default.size.stdout
 
