Archive member included to satisfy reference by file (symbol)

c:/st/stm32cubeide_1.6.0/stm32cubeide/plugins/com.st.stm32cube.ide.mcu.externaltools.gnu-tools-for-stm32.9-2020-q2-update.win32_1.5.0.202011040924/tools/bin/../lib/gcc/arm-none-eabi/9.3.1/../../../../arm-none-eabi/lib/thumb/v7e-m+fp/hard\libc_nano.a(lib_a-errno.o)
                              Core/Src/syscalls.o (__errno)
c:/st/stm32cubeide_1.6.0/stm32cubeide/plugins/com.st.stm32cube.ide.mcu.externaltools.gnu-tools-for-stm32.9-2020-q2-update.win32_1.5.0.202011040924/tools/bin/../lib/gcc/arm-none-eabi/9.3.1/../../../../arm-none-eabi/lib/thumb/v7e-m+fp/hard\libc_nano.a(lib_a-exit.o)
                              c:/st/stm32cubeide_1.6.0/stm32cubeide/plugins/com.st.stm32cube.ide.mcu.externaltools.gnu-tools-for-stm32.9-2020-q2-update.win32_1.5.0.202011040924/tools/bin/../lib/gcc/arm-none-eabi/9.3.1/../../../../arm-none-eabi/lib/thumb/v7e-m+fp/hard/crt0.o (exit)
c:/st/stm32cubeide_1.6.0/stm32cubeide/plugins/com.st.stm32cube.ide.mcu.externaltools.gnu-tools-for-stm32.9-2020-q2-update.win32_1.5.0.202011040924/tools/bin/../lib/gcc/arm-none-eabi/9.3.1/../../../../arm-none-eabi/lib/thumb/v7e-m+fp/hard\libc_nano.a(lib_a-impure.o)
                              c:/st/stm32cubeide_1.6.0/stm32cubeide/plugins/com.st.stm32cube.ide.mcu.externaltools.gnu-tools-for-stm32.9-2020-q2-update.win32_1.5.0.202011040924/tools/bin/../lib/gcc/arm-none-eabi/9.3.1/../../../../arm-none-eabi/lib/thumb/v7e-m+fp/hard\libc_nano.a(lib_a-exit.o) (_global_impure_ptr)
c:/st/stm32cubeide_1.6.0/stm32cubeide/plugins/com.st.stm32cube.ide.mcu.externaltools.gnu-tools-for-stm32.9-2020-q2-update.win32_1.5.0.202011040924/tools/bin/../lib/gcc/arm-none-eabi/9.3.1/../../../../arm-none-eabi/lib/thumb/v7e-m+fp/hard\libc_nano.a(lib_a-init.o)
                              c:/st/stm32cubeide_1.6.0/stm32cubeide/plugins/com.st.stm32cube.ide.mcu.externaltools.gnu-tools-for-stm32.9-2020-q2-update.win32_1.5.0.202011040924/tools/bin/../lib/gcc/arm-none-eabi/9.3.1/../../../../arm-none-eabi/lib/thumb/v7e-m+fp/hard/crt0.o (__libc_init_array)
c:/st/stm32cubeide_1.6.0/stm32cubeide/plugins/com.st.stm32cube.ide.mcu.externaltools.gnu-tools-for-stm32.9-2020-q2-update.win32_1.5.0.202011040924/tools/bin/../lib/gcc/arm-none-eabi/9.3.1/../../../../arm-none-eabi/lib/thumb/v7e-m+fp/hard\libc_nano.a(lib_a-malloc.o)
                              Middlewares/ST/STM32_USB_Host_Library/Class/HID/Src/usbh_hid.o (malloc)
c:/st/stm32cubeide_1.6.0/stm32cubeide/plugins/com.st.stm32cube.ide.mcu.externaltools.gnu-tools-for-stm32.9-2020-q2-update.win32_1.5.0.202011040924/tools/bin/../lib/gcc/arm-none-eabi/9.3.1/../../../../arm-none-eabi/lib/thumb/v7e-m+fp/hard\libc_nano.a(lib_a-memset.o)
                              c:/st/stm32cubeide_1.6.0/stm32cubeide/plugins/com.st.stm32cube.ide.mcu.externaltools.gnu-tools-for-stm32.9-2020-q2-update.win32_1.5.0.202011040924/tools/bin/../lib/gcc/arm-none-eabi/9.3.1/../../../../arm-none-eabi/lib/thumb/v7e-m+fp/hard/crt0.o (memset)
c:/st/stm32cubeide_1.6.0/stm32cubeide/plugins/com.st.stm32cube.ide.mcu.externaltools.gnu-tools-for-stm32.9-2020-q2-update.win32_1.5.0.202011040924/tools/bin/../lib/gcc/arm-none-eabi/9.3.1/../../../../arm-none-eabi/lib/thumb/v7e-m+fp/hard\libc_nano.a(lib_a-nano-freer.o)
                              c:/st/stm32cubeide_1.6.0/stm32cubeide/plugins/com.st.stm32cube.ide.mcu.externaltools.gnu-tools-for-stm32.9-2020-q2-update.win32_1.5.0.202011040924/tools/bin/../lib/gcc/arm-none-eabi/9.3.1/../../../../arm-none-eabi/lib/thumb/v7e-m+fp/hard\libc_nano.a(lib_a-malloc.o) (_free_r)
c:/st/stm32cubeide_1.6.0/stm32cubeide/plugins/com.st.stm32cube.ide.mcu.externaltools.gnu-tools-for-stm32.9-2020-q2-update.win32_1.5.0.202011040924/tools/bin/../lib/gcc/arm-none-eabi/9.3.1/../../../../arm-none-eabi/lib/thumb/v7e-m+fp/hard\libc_nano.a(lib_a-nano-mallocr.o)
                              c:/st/stm32cubeide_1.6.0/stm32cubeide/plugins/com.st.stm32cube.ide.mcu.externaltools.gnu-tools-for-stm32.9-2020-q2-update.win32_1.5.0.202011040924/tools/bin/../lib/gcc/arm-none-eabi/9.3.1/../../../../arm-none-eabi/lib/thumb/v7e-m+fp/hard\libc_nano.a(lib_a-malloc.o) (_malloc_r)
c:/st/stm32cubeide_1.6.0/stm32cubeide/plugins/com.st.stm32cube.ide.mcu.externaltools.gnu-tools-for-stm32.9-2020-q2-update.win32_1.5.0.202011040924/tools/bin/../lib/gcc/arm-none-eabi/9.3.1/../../../../arm-none-eabi/lib/thumb/v7e-m+fp/hard\libc_nano.a(lib_a-sbrkr.o)
                              c:/st/stm32cubeide_1.6.0/stm32cubeide/plugins/com.st.stm32cube.ide.mcu.externaltools.gnu-tools-for-stm32.9-2020-q2-update.win32_1.5.0.202011040924/tools/bin/../lib/gcc/arm-none-eabi/9.3.1/../../../../arm-none-eabi/lib/thumb/v7e-m+fp/hard\libc_nano.a(lib_a-nano-mallocr.o) (_sbrk_r)
c:/st/stm32cubeide_1.6.0/stm32cubeide/plugins/com.st.stm32cube.ide.mcu.externaltools.gnu-tools-for-stm32.9-2020-q2-update.win32_1.5.0.202011040924/tools/bin/../lib/gcc/arm-none-eabi/9.3.1/../../../../arm-none-eabi/lib/thumb/v7e-m+fp/hard\libc_nano.a(lib_a-strcat.o)
[...]
Memory Configuration

Name             Origin             Length             Attributes
CCMRAM           0x0000000010000000 0x0000000000010000 xrw
RAM              0x0000000020000000 0x0000000000020000 xrw
FLASH            0x0000000008000000 0x0000000000100000 xr
*default*        0x0000000000000000 0xffffffffffffffff

Linker script and memory map

LOAD c:/st/stm32cubeide_1.6.0/stm32cubeide/plugins/com.st.stm32cube.ide.mcu.externaltools.gnu-tools-for-stm32.9-2020-q2-update.win32_1.5.0.202011040924/tools/bin/../lib/gcc/arm-none-eabi/9.3.1/thumb/v7e-m+fp/hard/crti.o
LOAD c:/st/stm32cubeide_1.6.0/stm32cubeide/plugins/com.st.stm32cube.ide.mcu.externaltools.gnu-tools-for-stm32.9-2020-q2-update.win32_1.5.0.202011040924/tools/bin/../lib/gcc/arm-none-eabi/9.3.1/thumb/v7e-m+fp/hard/crtbegin.o
LOAD c:/st/stm32cubeide_1.6.0/stm32cubeide/plugins/com.st.stm32cube.ide.mcu.externaltools.gnu-tools-for-stm32.9-2020-q2-update.win32_1.5.0.202011040924/tools/bin/../lib/gcc/arm-none-eabi/9.3.1/../../../../arm-none-eabi/lib/thumb/v7e-m+fp/hard/crt0.o
LOAD Core/Src/main.o
LOAD Core/Src/stm32f4xx_hal_msp.o
LOAD Core/Src/stm32f4xx_it.o
LOAD Core/Src/syscalls.o
LOAD Core/Src/sysmem.o
LOAD Core/Src/system_stm32f4xx.o
LOAD Core/Startup/startup_stm32f405rgtx.o
LOAD Drivers/STM32F4xx_HAL_Driver/Src/stm32f4xx_hal.o
LOAD Drivers/STM32F4xx_HAL_Driver/Src/stm32f4xx_hal_cortex.o
LOAD Drivers/STM32F4xx_HAL_Driver/Src/stm32f4xx_hal_dma.o
LOAD Drivers/STM32F4xx_HAL_Driver/Src/stm32f4xx_hal_dma_ex.o
LOAD Drivers/STM32F4xx_HAL_Driver/Src/stm32f4xx_hal_exti.o
LOAD Drivers/STM32F4xx_HAL_Driver/Src/stm32f4xx_hal_flash.o
LOAD Drivers/STM32F4xx_HAL_Driver/Src/stm32f4xx_hal_flash_ex.o
LOAD Drivers/STM32F4xx_HAL_Driver/Src/stm32f4xx_hal_flash_ramfunc.o
LOAD Drivers/STM32F4xx_HAL_Driver/Src/stm32f4xx_hal_gpio.o
LOAD Drivers/STM32F4xx_HAL_Driver/Src/stm32f4xx_hal_hcd.o
LOAD Drivers/STM32F4xx_HAL_Driver/Src/stm32f4xx_hal_pwr.o
LOAD Drivers/STM32F4xx_HAL_Driver/Src/stm32f4xx_hal_pwr_ex.o
LOAD Drivers/STM32F4xx_HAL_Driver/Src/stm32f4xx_hal_rcc.o
LOAD Drivers/STM32F4xx_HAL_Driver/Src/stm32f4xx_hal_rcc_ex.o
LOAD Drivers/STM32F4xx_HAL_Driver/Src/stm32f4xx_hal_tim.o
LOAD Drivers/STM32F4xx_HAL_Driver/Src/stm32f4xx_hal_tim_ex.o
LOAD Drivers/STM32F4xx_HAL_Driver/Src/stm32f4xx_hal_uart.o
LOAD Drivers/STM32F4xx_HAL_Driver/Src/stm32f4xx_ll_usb.o
LOAD Middlewares/ST/STM32_USB_Host_Library/Class/HID/Src/usbh_hid.o
LOAD Middlewares/ST/STM32_USB_Host_Library/Class/HID/Src/usbh_hid_keybd.o
LOAD Middlewares/ST/STM32_USB_Host_Library/Class/HID/Src/usbh_hid_mouse.o
LOAD Middlewares/ST/STM32_USB_Host_Library/Class/HID/Src/usbh_hid_parser.o
LOAD Middlewares/ST/STM32_USB_Host_Library/Core/Src/usbh_core.o
LOAD Middlewares/ST/STM32_USB_Host_Library/Core/Src/usbh_ctlreq.o
LOAD Middlewares/ST/STM32_USB_Host_Library/Core/Src/usbh_ioreq.o
LOAD Middlewares/ST/STM32_USB_Host_Library/Core/Src/usbh_pipes.o
LOAD Printer_Driver_Files/usbh_hid_test.o
LOAD Printer_Driver_Files/usbh_printer.o
LOAD USB_HOST/App/usb_host.o
LOAD USB_HOST/Target/usbh_conf.o
START GROUP
LOAD c:/st/stm32cubeide_1.6.0/stm32cubeide/plugins/com.st.stm32cube.ide.mcu.externaltools.gnu-tools-for-stm32.9-2020-q2-update.win32_1.5.0.202011040924/tools/bin/../lib/gcc/arm-none-eabi/9.3.1/../../../../arm-none-eabi/lib/thumb/v7e-m+fp/hard\libc_nano.a
LOAD c:/st/stm32cubeide_1.6.0/stm32cubeide/plugins/com.st.stm32cube.ide.mcu.externaltools.gnu-tools-for-stm32.9-2020-q2-update.win32_1.5.0.202011040924/tools/bin/../lib/gcc/arm-none-eabi/9.3.1/../../../../arm-none-eabi/lib/thumb/v7e-m+fp/hard\libm.a
END GROUP
START GROUP
LOAD c:/st/stm32cubeide_1.6.0/stm32cubeide/plugins/com.st.stm32cube.ide.mcu.externaltools.gnu-tools-for-stm32.9-2020-q2-update.win32_1.5.0.202011040924/tools/bin/../lib/gcc/arm-none-eabi/9.3.1/thumb/v7e-m+fp/hard\libgcc.a
LOAD c:/st/stm32cubeide_1.6.0/stm32cubeide/plugins/com.st.stm32cube.ide.mcu.externaltools.gnu-tools-for-stm32.9-2020-q2-update.win32_1.5.0.202011040924/tools/bin/../lib/gcc/arm-none-eabi/9.3.1/../../../../arm-none-eabi/lib/thumb/v7e-m+fp/hard\libc_nano.a
END GROUP
START GROUP
LOAD c:/st/stm32cubeide_1.6.0/stm32cubeide/plugins/com.st.stm32cube.ide.mcu.externaltools.gnu-tools-for-stm32.9-2020-q2-update.win32_1.5.0.202011040924/tools/bin/../lib/gcc/arm-none-eabi/9.3.1/thumb/v7e-m+fp/hard\libgcc.a
LOAD c:/st/stm32cubeide_1.6.0/stm32cubeide/plugins/com.st.stm32cube.ide.mcu.externaltools.gnu-tools-for-stm32.9-2020-q2-update.win32_1.5.0.202011040924/tools/bin/../lib/gcc/arm-none-eabi/9.3.1/../../../../arm-none-eabi/lib/thumb/v7e-m+fp/hard\libc_nano.a
LOAD c:/st/stm32cubeide_1.6.0/stm32cubeide/plugins/com.st.stm32cube.ide.mcu.externaltools.gnu-tools-for-stm32.9-2020-q2-update.win32_1.5.0.202011040924/tools/bin/../lib/gcc/arm-none-eabi/9.3.1/../../../../arm-none-eabi/lib/thumb/v7e-m+fp/hard\libnosys.a
END GROUP
START GROUP
LOAD c:/st/stm32cubeide_1.6.0/stm32cubeide/plugins/com.st.stm32cube.ide.mcu.externaltools.gnu-tools-for-stm32.9-2020-q2-update.win32_1.5.0.202011040924/tools/bin/../lib/gcc/arm-none-eabi/9.3.1/thumb/v7e-m+fp/hard\libgcc.a
LOAD c:/st/stm32cubeide_1.6.0/stm32cubeide/plugins/com.st.stm32cube.ide.mcu.externaltools.gnu-tools-for-stm32.9-2020-q2-update.win32_1.5.0.202011040924/tools/bin/../lib/gcc/arm-none-eabi/9.3.1/../../../../arm-none-eabi/lib/thumb/v7e-m+fp/hard\libc_nano.a
LOAD c:/st/stm32cubeide_1.6.0/stm32cubeide/plugins/com.st.stm32cube.ide.mcu.externaltools.gnu-tools-for-stm32.9-2020-q2-update.win32_1.5.0.202011040924/tools/bin/../lib/gcc/arm-none-eabi/9.3.1/../../../../arm-none-eabi/lib/thumb/v7e-m+fp/hard\libnosys.a
END GROUP
LOAD c:/st/stm32cubeide_1.6.0/stm32cubeide/plugins/com.st.stm32cube.ide.mcu.externaltools.gnu-tools-for-stm32.9-2020-q2-update.win32_1.5.0.202011040924/tools/bin/../lib/gcc/arm-none-eabi/9.3.1/thumb/v7e-m+fp/hard/crtend.o
LOAD c:/st/stm32cubeide_1.6.0/stm32cubeide/plugins/com.st.stm32cube.ide.mcu.externaltools.gnu-tools-for-stm32.9-2020-q2-update.win32_1.5.0.202011040924/tools/bin/../lib/gcc/arm-none-eabi/9.3.1/thumb/v7e-m+fp/hard/crtn.o
                0x0000000020020000                _estack = (ORIGIN (RAM) + LENGTH (RAM))
                0x0000000000000200                _Min_Heap_Size = 0x200
                0x0000000000000400                _Min_Stack_Size = 0x400

.isr_vector     0x0000000008000000      0x188
                0x0000000008000000                . = ALIGN (0x4)
 *(.isr_vector)
 .isr_vector    0x0000000008000000      0x188 Core/Startup/startup_stm32f405rgtx.o
                0x0000000008000000                g_pfnVectors
                0x0000000008000188                . = ALIGN (0x4)

.text           0x0000000008000188     0x6d54
                0x0000000008000188                . = ALIGN (0x4)
 *(.text)
 .text          0x0000000008000188       0x40 c:/st/stm32cubeide_1.6.0/stm32cubeide/plugins/com.st.stm32cube.ide.mcu.externaltools.gnu-tools-for-stm32.9-2020-q2-update.win32_1.5.0.202011040924/tools/bin/../lib/gcc/arm-none-eabi/9.3.1/thumb/v7e-m+fp/hard/crtbegin.o
 .text          0x00000000080001c8       0x10 c:/st/stm32cubeide_1.6.0/stm32cubeide/plugins/com.st.stm32cube.ide.mcu.externaltools.gnu-tools-for-stm32.9-2020-q2-update.win32_1.5.0.202011040924/tools/bin/../lib/gcc/arm-none-eabi/9.3.1/../../../../arm-none-eabi/lib/thumb/v7e-m+fp/hard\libc_nano.a(lib_a-strlen.o)
                0x00000000080001c8                strlen
 .text          0x00000000080001d8       0x30 c:/st/stm32cubeide_1.6.0/stm32cubeide/plugins/com.st.stm32cube.ide.mcu.externaltools.gnu-tools-for-stm32.9-2020-q2-update.win32_1.5.0.202011040924/tools/bin/../lib/gcc/arm-none-eabi/9.3.1/thumb/v7e-m+fp/hard\libgcc.a(_aeabi_uldivmod.o)
                0x00000000080001d8                __aeabi_uldivmod
 .text          0x0000000008000208      0x2c4 c:/st/stm32cubeide_1.6.0/stm32cubeide/plugins/com.st.stm32cube.ide.mcu.externaltools.gnu-tools-for-stm32.9-2020-q2-update.win32_1.5.0.202011040924/tools/bin/../lib/gcc/arm-none-eabi/9.3.1/thumb/v7e-m+fp/hard\libgcc.a(_udivmoddi4.o)
                0x0000000008000208                __udivmoddi4
 .text          0x00000000080004cc        0x4 c:/st/stm32cubeide_1.6.0/stm32cubeide/plugins/com.st.stm32cube.ide.mcu.externaltools.gnu-tools-for-stm32.9-2020-q2-update.win32_1.5.0.202011040924/tools/bin/../lib/gcc/arm-none-eabi/9.3.1/thumb/v7e-m+fp/hard\libgcc.a(_dvmd_tls.o)
                0x00000000080004cc                __aeabi_idiv0
                0x00000000080004cc                __aeabi_ldiv0
 *(.text*)
 .text.main     0x00000000080004d0       0x2c Core/Src/main.o
                0x00000000080004d0                main
 .text.SystemClock_Config
                0x00000000080004fc       0xd4 Core/Src/main.o
                0x00000000080004fc                SystemClock_Config
 .text.MX_USART2_UART_Init
                0x00000000080005d0       0x58 Core/Src/main.o
                0x00000000080005d0                MX_USART2_UART_Init
 .text.MX_GPIO_Init
                0x0000000008000628       0x50 Core/Src/main.o
 .text.Error_Handler
                0x0000000008000678        0xe Core/Src/main.o
                0x0000000008000678                Error_Handler
 *fill*         0x0000000008000686        0x2 
 .text.HAL_MspInit
                0x0000000008000688       0x50 Core/Src/stm32f4xx_hal_msp.o
                0x0000000008000688                HAL_MspInit
 .text.HAL_UART_MspInit
                0x00000000080006d8       0x90 Core/Src/stm32f4xx_hal_msp.o
                0x00000000080006d8                HAL_UART_MspInit
 .text.NMI_Handler
                0x0000000008000768        0x6 Core/Src/stm32f4xx_it.o
                0x0000000008000768                NMI_Handler
 .text.HardFault_Handler
                0x000000000800076e        0x6 Core/Src/stm32f4xx_it.o
                0x000000000800076e                HardFault_Handler
 .text.MemManage_Handler
                0x0000000008000774        0x6 Core/Src/stm32f4xx_it.o
                0x0000000008000774                MemManage_Handler
 .text.BusFault_Handler
                0x000000000800077a        0x6 Core/Src/stm32f4xx_it.o
                0x000000000800077a                BusFault_Handler
 .text.UsageFault_Handler
                0x0000000008000780        0x6 Core/Src/stm32f4xx_it.o
                0x0000000008000780                UsageFault_Handler
 .text.SVC_Handler
                0x0000000008000786        0xe Core/Src/stm32f4xx_it.o
                0x0000000008000786                SVC_Handler
 .text.DebugMon_Handler
                0x0000000008000794        0xe Core/Src/stm32f4xx_it.o
                0x0000000008000794                DebugMon_Handler
 .text.PendSV_Handler
                0x00000000080007a2        0xe Core/Src/stm32f4xx_it.o
                0x00000000080007a2                PendSV_Handler
 .text.SysTick_Handler
                0x00000000080007b0        0xc Core/Src/stm32f4xx_it.o
                0x00000000080007b0                SysTick_Handler
 .text.OTG_FS_IRQHandler
                0x00000000080007bc       0x14 Core/Src/stm32f4xx_it.o
                0x00000000080007bc                OTG_FS_IRQHandler
 .text._sbrk    0x00000000080007d0       0x6c Core/Src/sysmem.o
                0x00000000080007d0                _sbrk
 .text.SystemInit
                0x000000000800083c       0x24 Core/Src/system_stm32f4xx.o
                0x000000000800083c                SystemInit
 .text.Reset_Handler
                0x0000000008000860       0x50 Core/Startup/startup_stm32f405rgtx.o
                0x0000000008000860                Reset_Handler
 .text.Default_Handler
                0x00000000080008b0        0x2 Core/Startup/startup_stm32f405rgtx.o
                0x00000000080008b0                RTC_Alarm_IRQHandler
                0x00000000080008b0                HASH_RNG_IRQHandler
                0x00000000080008b0                EXTI2_IRQHandler
                0x00000000080008b0                TIM8_CC_IRQHandler
                0x00000000080008b0                TIM1_CC_IRQHandler
                0x00000000080008b0                DMA2_Stream5_IRQHandler
                0x00000000080008b0                DMA1_Stream5_IRQHandler
                0x00000000080008b0                PVD_IRQHandler
                0x00000000080008b0                SDIO_IRQHandler
                0x00000000080008b0                TAMP_STAMP_IRQHandler
                0x00000000080008b0                CAN2_RX1_IRQHandler
                0x00000000080008b0                EXTI3_IRQHandler
                0x00000000080008b0                TIM8_TRG_COM_TIM14_IRQHandler
                0x00000000080008b0                TIM1_UP_TIM10_IRQHandler
                0x00000000080008b0                TIM8_UP_TIM13_IRQHandler
                0x00000000080008b0                I2C3_ER_IRQHandler
                0x00000000080008b0                EXTI0_IRQHandler
                0x00000000080008b0                I2C2_EV_IRQHandler
                0x00000000080008b0                DMA1_Stream2_IRQHandler
                0x00000000080008b0                CAN1_RX0_IRQHandler
                0x00000000080008b0                FPU_IRQHandler
                0x00000000080008b0                OTG_HS_WKUP_IRQHandler
                0x00000000080008b0                CAN2_SCE_IRQHandler
                0x00000000080008b0                DMA2_Stream2_IRQHandler
                0x00000000080008b0                SPI1_IRQHandler
                0x00000000080008b0                TIM6_DAC_IRQHandler
                0x00000000080008b0                TIM1_BRK_TIM9_IRQHandler
                0x00000000080008b0                CAN2_RX0_IRQHandler
                0x00000000080008b0                DMA2_Stream3_IRQHandler
                0x00000000080008b0                USART6_IRQHandler
                0x00000000080008b0                USART3_IRQHandler
                0x00000000080008b0                CAN1_RX1_IRQHandler
                0x00000000080008b0                UART5_IRQHandler
                0x00000000080008b0                DMA2_Stream0_IRQHandler
                0x00000000080008b0                TIM4_IRQHandler
                0x00000000080008b0                I2C1_EV_IRQHandler
                0x00000000080008b0                DMA1_Stream6_IRQHandler
                0x00000000080008b0                DMA1_Stream1_IRQHandler
                0x00000000080008b0                UART4_IRQHandler
                0x00000000080008b0                TIM3_IRQHandler
                0x00000000080008b0                RCC_IRQHandler
                0x00000000080008b0                TIM8_BRK_TIM12_IRQHandler
                0x00000000080008b0                Default_Handler
                0x00000000080008b0                EXTI15_10_IRQHandler
                0x00000000080008b0                ADC_IRQHandler
                0x00000000080008b0                DMA1_Stream7_IRQHandler
                0x00000000080008b0                TIM7_IRQHandler
                0x00000000080008b0                CAN2_TX_IRQHandler
                0x00000000080008b0                TIM5_IRQHandler
                0x00000000080008b0                DMA2_Stream7_IRQHandler
                0x00000000080008b0                I2C3_EV_IRQHandler
                0x00000000080008b0                EXTI9_5_IRQHandler
                0x00000000080008b0                RTC_WKUP_IRQHandler
                0x00000000080008b0                SPI2_IRQHandler
                0x00000000080008b0                OTG_HS_EP1_IN_IRQHandler
                0x00000000080008b0                DMA1_Stream0_IRQHandler
                0x00000000080008b0                CAN1_TX_IRQHandler
                0x00000000080008b0                EXTI4_IRQHandler
                0x00000000080008b0                FSMC_IRQHandler
                0x00000000080008b0                OTG_HS_EP1_OUT_IRQHandler
                0x00000000080008b0                WWDG_IRQHandler
                0x00000000080008b0                TIM2_IRQHandler
                0x00000000080008b0                OTG_FS_WKUP_IRQHandler
                0x00000000080008b0                TIM1_TRG_COM_TIM11_IRQHandler
                0x00000000080008b0                OTG_HS_IRQHandler
                0x00000000080008b0                EXTI1_IRQHandler
                0x00000000080008b0                USART2_IRQHandler
                0x00000000080008b0                I2C2_ER_IRQHandler
                0x00000000080008b0                DMA2_Stream1_IRQHandler
                0x00000000080008b0                CAN1_SCE_IRQHandler
                0x00000000080008b0                FLASH_IRQHandler
                0x00000000080008b0                DMA2_Stream4_IRQHandler
                0x00000000080008b0                USART1_IRQHandler
                0x00000000080008b0                SPI3_IRQHandler
                0x00000000080008b0                DMA1_Stream4_IRQHandler
                0x00000000080008b0                I2C1_ER_IRQHandler
                0x00000000080008b0                DMA2_Stream6_IRQHandler
                0x00000000080008b0                DMA1_Stream3_IRQHandler
 *fill*         0x00000000080008b2        0x2 
 .text.HAL_Init
                0x00000000080008b4       0x44 Drivers/STM32F4xx_HAL_Driver/Src/stm32f4xx_hal.o
                0x00000000080008b4                HAL_Init
 .text.HAL_InitTick
                0x00000000080008f8       0x60 Drivers/STM32F4xx_HAL_Driver/Src/stm32f4xx_hal.o
                0x00000000080008f8                HAL_InitTick
 .text.HAL_IncTick
                0x0000000008000958       0x28 Drivers/STM32F4xx_HAL_Driver/Src/stm32f4xx_hal.o
                0x0000000008000958                HAL_IncTick
 .text.HAL_GetTick
                0x0000000008000980       0x18 Drivers/STM32F4xx_HAL_Driver/Src/stm32f4xx_hal.o
                0x0000000008000980                HAL_GetTick
 .text.HAL_Delay
                0x0000000008000998       0x48 Drivers/STM32F4xx_HAL_Driver/Src/stm32f4xx_hal.o
                0x0000000008000998                HAL_Delay
 .text.__NVIC_SetPriorityGrouping
                0x00000000080009e0       0x48 Drivers/STM32F4xx_HAL_Driver/Src/stm32f4xx_hal_cortex.o
 .text.__NVIC_GetPriorityGrouping
                0x0000000008000a28       0x1c Drivers/STM32F4xx_HAL_Driver/Src/stm32f4xx_hal_cortex.o
 .text.__NVIC_EnableIRQ
                0x0000000008000a44       0x3c Drivers/STM32F4xx_HAL_Driver/Src/stm32f4xx_hal_cortex.o
 .text.__NVIC_SetPriority
                0x0000000008000a80       0x54 Drivers/STM32F4xx_HAL_Driver/Src/stm32f4xx_hal_cortex.o
 .text.NVIC_EncodePriority
                0x0000000008000ad4       0x66 Drivers/STM32F4xx_HAL_Driver/Src/stm32f4xx_hal_cortex.o
 *fill*         0x0000000008000b3a        0x2 
 .text.SysTick_Config
                0x0000000008000b3c       0x44 Drivers/STM32F4xx_HAL_Driver/Src/stm32f4xx_hal_cortex.o
 .text.HAL_NVIC_SetPriorityGrouping
                0x0000000008000b80       0x16 Drivers/STM32F4xx_HAL_Driver/Src/stm32f4xx_hal_cortex.o
                0x0000000008000b80                HAL_NVIC_SetPriorityGrouping
 .text.HAL_NVIC_SetPriority
                0x0000000008000b96       0x38 Drivers/STM32F4xx_HAL_Driver/Src/stm32f4xx_hal_cortex.o
                0x0000000008000b96                HAL_NVIC_SetPriority
 .text.HAL_NVIC_EnableIRQ
                0x0000000008000bce       0x1c Drivers/STM32F4xx_HAL_Driver/Src/stm32f4xx_hal_cortex.o
                0x0000000008000bce                HAL_NVIC_EnableIRQ
 .text.HAL_SYSTICK_Config
                0x0000000008000bea       0x18 Drivers/STM32F4xx_HAL_Driver/Src/stm32f4xx_hal_cortex.o
                0x0000000008000bea                HAL_SYSTICK_Config
 *fill*         0x0000000008000c02        0x2 
 .text.HAL_GPIO_Init
                0x0000000008000c04      0x338 Drivers/STM32F4xx_HAL_Driver/Src/stm32f4xx_hal_gpio.o
                0x0000000008000c04                HAL_GPIO_Init
 .text.HAL_HCD_Init
                0x0000000008000f3c       0xc4 Drivers/STM32F4xx_HAL_Driver/Src/stm32f4xx_hal_hcd.o
                0x0000000008000f3c                HAL_HCD_Init
 .text.HAL_HCD_HC_Init
                0x0000000008001000      0x11e Drivers/STM32F4xx_HAL_Driver/Src/stm32f4xx_hal_hcd.o
                0x0000000008001000                HAL_HCD_HC_Init
 .text.HAL_HCD_HC_Halt
                0x000000000800111e       0x46 Drivers/STM32F4xx_HAL_Driver/Src/stm32f4xx_hal_hcd.o
                0x000000000800111e                HAL_HCD_HC_Halt
 .text.HAL_HCD_HC_SubmitRequest
                0x0000000008001164      0x2ac Drivers/STM32F4xx_HAL_Driver/Src/stm32f4xx_hal_hcd.o
                0x0000000008001164                HAL_HCD_HC_SubmitRequest
 .text.HAL_HCD_IRQHandler
                0x0000000008001410      0x208 Drivers/STM32F4xx_HAL_Driver/Src/stm32f4xx_hal_hcd.o
                0x0000000008001410                HAL_HCD_IRQHandler
 .text.HAL_HCD_Start
                0x0000000008001618       0x46 Drivers/STM32F4xx_HAL_Driver/Src/stm32f4xx_hal_hcd.o
                0x0000000008001618                HAL_HCD_Start
 .text.HAL_HCD_Stop
                0x000000000800165e       0x3a Drivers/STM32F4xx_HAL_Driver/Src/stm32f4xx_hal_hcd.o
                0x000000000800165e                HAL_HCD_Stop
 .text.HAL_HCD_ResetPort
                0x0000000008001698       0x1c Drivers/STM32F4xx_HAL_Driver/Src/stm32f4xx_hal_hcd.o
                0x0000000008001698                HAL_HCD_ResetPort
 .text.HAL_HCD_HC_GetURBState
                0x00000000080016b4       0x28 Drivers/STM32F4xx_HAL_Driver/Src/stm32f4xx_hal_hcd.o
                0x00000000080016b4                HAL_HCD_HC_GetURBState
 .text.HAL_HCD_HC_GetXferCount
                0x00000000080016dc       0x28 Drivers/STM32F4xx_HAL_Driver/Src/stm32f4xx_hal_hcd.o
                0x00000000080016dc                HAL_HCD_HC_GetXferCount
 .text.HAL_HCD_GetCurrentFrame
                0x0000000008001704       0x1c Drivers/STM32F4xx_HAL_Driver/Src/stm32f4xx_hal_hcd.o
                0x0000000008001704                HAL_HCD_GetCurrentFrame
 .text.HAL_HCD_GetCurrentSpeed
                0x0000000008001720       0x1c Drivers/STM32F4xx_HAL_Driver/Src/stm32f4xx_hal_hcd.o
                0x0000000008001720                HAL_HCD_GetCurrentSpeed
 .text.HCD_HC_IN_IRQHandler
                0x000000000800173c      0x844 Drivers/STM32F4xx_HAL_Driver/Src/stm32f4xx_hal_hcd.o
 .text.HCD_HC_OUT_IRQHandler
                0x0000000008001f80      0x7fa Drivers/STM32F4xx_HAL_Driver/Src/stm32f4xx_hal_hcd.o
 .text.HCD_RXQLVL_IRQHandler
                0x000000000800277a      0x1a4 Drivers/STM32F4xx_HAL_Driver/Src/stm32f4xx_hal_hcd.o
 .text.HCD_Port_IRQHandler
                0x000000000800291e       0xe6 Drivers/STM32F4xx_HAL_Driver/Src/stm32f4xx_hal_hcd.o
 .text.HAL_RCC_OscConfig
                0x0000000008002a04      0x4f0 Drivers/STM32F4xx_HAL_Driver/Src/stm32f4xx_hal_rcc.o
                0x0000000008002a04                HAL_RCC_OscConfig
 .text.HAL_RCC_ClockConfig
                0x0000000008002ef4      0x1cc Drivers/STM32F4xx_HAL_Driver/Src/stm32f4xx_hal_rcc.o
                0x0000000008002ef4                HAL_RCC_ClockConfig
 .text.HAL_RCC_GetSysClockFreq
                0x00000000080030c0      0x1c4 Drivers/STM32F4xx_HAL_Driver/Src/stm32f4xx_hal_rcc.o
                0x00000000080030c0                HAL_RCC_GetSysClockFreq
 .text.HAL_RCC_GetHCLKFreq
                0x0000000008003284       0x18 Drivers/STM32F4xx_HAL_Driver/Src/stm32f4xx_hal_rcc.o
                0x0000000008003284                HAL_RCC_GetHCLKFreq
 .text.HAL_RCC_GetPCLK1Freq
                0x000000000800329c       0x28 Drivers/STM32F4xx_HAL_Driver/Src/stm32f4xx_hal_rcc.o
                0x000000000800329c                HAL_RCC_GetPCLK1Freq
 .text.HAL_RCC_GetPCLK2Freq
                0x00000000080032c4       0x28 Drivers/STM32F4xx_HAL_Driver/Src/stm32f4xx_hal_rcc.o
                0x00000000080032c4                HAL_RCC_GetPCLK2Freq
 .text.HAL_UART_Init
                0x00000000080032ec       0x9a Drivers/STM32F4xx_HAL_Driver/Src/stm32f4xx_hal_uart.o
                0x00000000080032ec                HAL_UART_Init
 .text.HAL_UART_Transmit
                0x0000000008003386      0x124 Drivers/STM32F4xx_HAL_Driver/Src/stm32f4xx_hal_uart.o
                0x0000000008003386                HAL_UART_Transmit
 .text.HAL_UART_Receive
                0x00000000080034aa      0x144 Drivers/STM32F4xx_HAL_Driver/Src/stm32f4xx_hal_uart.o
                0x00000000080034aa                HAL_UART_Receive
 .text.UART_WaitOnFlagUntilTimeout
                0x00000000080035ee       0x94 Drivers/STM32F4xx_HAL_Driver/Src/stm32f4xx_hal_uart.o
 *fill*         0x0000000008003682        0x2 
 .text.UART_SetConfig
                0x0000000008003684      0x390 Drivers/STM32F4xx_HAL_Driver/Src/stm32f4xx_hal_uart.o
 .text.USB_CoreInit
                0x0000000008003a14       0xc2 Drivers/STM32F4xx_HAL_Driver/Src/stm32f4xx_ll_usb.o
                0x0000000008003a14                USB_CoreInit
 .text.USB_EnableGlobalInt
                0x0000000008003ad6       0x22 Drivers/STM32F4xx_HAL_Driver/Src/stm32f4xx_ll_usb.o
                0x0000000008003ad6                USB_EnableGlobalInt
 .text.USB_DisableGlobalInt
                0x0000000008003af8       0x22 Drivers/STM32F4xx_HAL_Driver/Src/stm32f4xx_ll_usb.o
                0x0000000008003af8                USB_DisableGlobalInt
 .text.USB_SetCurrentMode
                0x0000000008003b1a       0x54 Drivers/STM32F4xx_HAL_Driver/Src/stm32f4xx_ll_usb.o
                0x0000000008003b1a                USB_SetCurrentMode
 *fill*         0x0000000008003b6e        0x2 
 .text.USB_FlushTxFifo
                0x0000000008003b70       0x4c Drivers/STM32F4xx_HAL_Driver/Src/stm32f4xx_ll_usb.o
                0x0000000008003b70                USB_FlushTxFifo
 .text.USB_FlushRxFifo
                0x0000000008003bbc       0x44 Drivers/STM32F4xx_HAL_Driver/Src/stm32f4xx_ll_usb.o
                0x0000000008003bbc                USB_FlushRxFifo
 .text.USB_WritePacket
                0x0000000008003c00       0x6a Drivers/STM32F4xx_HAL_Driver/Src/stm32f4xx_ll_usb.o
                0x0000000008003c00                USB_WritePacket
 .text.USB_ReadPacket
                0x0000000008003c6a       0x52 Drivers/STM32F4xx_HAL_Driver/Src/stm32f4xx_ll_usb.o
                0x0000000008003c6a                USB_ReadPacket
 .text.USB_ReadInterrupts
                0x0000000008003cbc       0x26 Drivers/STM32F4xx_HAL_Driver/Src/stm32f4xx_ll_usb.o
                0x0000000008003cbc                USB_ReadInterrupts
 .text.USB_GetMode
                0x0000000008003ce2       0x1c Drivers/STM32F4xx_HAL_Driver/Src/stm32f4xx_ll_usb.o
                0x0000000008003ce2                USB_GetMode
 *fill*         0x0000000008003cfe        0x2 
 .text.USB_CoreReset
                0x0000000008003d00       0x68 Drivers/STM32F4xx_HAL_Driver/Src/stm32f4xx_ll_usb.o
 .text.USB_HostInit
                0x0000000008003d68      0x178 Drivers/STM32F4xx_HAL_Driver/Src/stm32f4xx_ll_usb.o
                0x0000000008003d68                USB_HostInit
 .text.USB_InitFSLSPClkSel
                0x0000000008003ee0       0x74 Drivers/STM32F4xx_HAL_Driver/Src/stm32f4xx_ll_usb.o
                0x0000000008003ee0                USB_InitFSLSPClkSel
 .text.USB_ResetPort
                0x0000000008003f54       0x54 Drivers/STM32F4xx_HAL_Driver/Src/stm32f4xx_ll_usb.o
                0x0000000008003f54                USB_ResetPort
 .text.USB_DriveVbus
                0x0000000008003fa8       0x72 Drivers/STM32F4xx_HAL_Driver/Src/stm32f4xx_ll_usb.o
                0x0000000008003fa8                USB_DriveVbus
 .text.USB_GetHostSpeed
                0x000000000800401a       0x2e Drivers/STM32F4xx_HAL_Driver/Src/stm32f4xx_ll_usb.o
                0x000000000800401a                USB_GetHostSpeed
 .text.USB_GetCurrentFrame
                0x0000000008004048       0x22 Drivers/STM32F4xx_HAL_Driver/Src/stm32f4xx_ll_usb.o
                0x0000000008004048                USB_GetCurrentFrame
 *fill*         0x000000000800406a        0x2 
 .text.USB_HC_Init
                0x000000000800406c      0x21c Drivers/STM32F4xx_HAL_Driver/Src/stm32f4xx_ll_usb.o
                0x000000000800406c                USB_HC_Init
 .text.USB_HC_StartXfer
                0x0000000008004288      0x284 Drivers/STM32F4xx_HAL_Driver/Src/stm32f4xx_ll_usb.o
                0x0000000008004288                USB_HC_StartXfer
 .text.USB_HC_ReadInterrupt
                0x000000000800450c       0x22 Drivers/STM32F4xx_HAL_Driver/Src/stm32f4xx_ll_usb.o
                0x000000000800450c                USB_HC_ReadInterrupt
 .text.USB_HC_Halt
                0x000000000800452e      0x238 Drivers/STM32F4xx_HAL_Driver/Src/stm32f4xx_ll_usb.o
                0x000000000800452e                USB_HC_Halt
 *fill*         0x0000000008004766        0x2 
 .text.USB_DoPing
                0x0000000008004768       0x78 Drivers/STM32F4xx_HAL_Driver/Src/stm32f4xx_ll_usb.o
                0x0000000008004768                USB_DoPing
 .text.USB_StopHost
                0x00000000080047e0      0x10c Drivers/STM32F4xx_HAL_Driver/Src/stm32f4xx_ll_usb.o
                0x00000000080047e0                USB_StopHost
 .text.USBH_HID_FifoInit
                0x00000000080048ec       0x38 Middlewares/ST/STM32_USB_Host_Library/Class/HID/Src/usbh_hid.o
                0x00000000080048ec                USBH_HID_FifoInit
 .text.USBH_HID_KeybdInit
                0x0000000008004924       0xb0 Middlewares/ST/STM32_USB_Host_Library/Class/HID/Src/usbh_hid_keybd.o
                0x0000000008004924                USBH_HID_KeybdInit
 .text.USBH_Init
                0x00000000080049d4       0x74 Middlewares/ST/STM32_USB_Host_Library/Core/Src/usbh_core.o
                0x00000000080049d4                USBH_Init
 .text.DeInitStateMachine
                0x0000000008004a48       0xa8 Middlewares/ST/STM32_USB_Host_Library/Core/Src/usbh_core.o
 .text.USBH_RegisterClass
                0x0000000008004af0       0x54 Middlewares/ST/STM32_USB_Host_Library/Core/Src/usbh_core.o
                0x0000000008004af0                USBH_RegisterClass
 .text.USBH_FindInterface
                0x0000000008004b44       0x8c Middlewares/ST/STM32_USB_Host_Library/Core/Src/usbh_core.o
                0x0000000008004b44                USBH_FindInterface
 .text.USBH_Start
                0x0000000008004bd0       0x20 Middlewares/ST/STM32_USB_Host_Library/Core/Src/usbh_core.o
                0x0000000008004bd0                USBH_Start
 .text.USBH_Process
                0x0000000008004bf0      0x3c0 Middlewares/ST/STM32_USB_Host_Library/Core/Src/usbh_core.o
                0x0000000008004bf0                USBH_Process
 .text.USBH_HandleEnum
                0x0000000008004fb0      0x3c8 Middlewares/ST/STM32_USB_Host_Library/Core/Src/usbh_core.o
 .text.USBH_LL_SetTimer
                0x0000000008005378       0x1e Middlewares/ST/STM32_USB_Host_Library/Core/Src/usbh_core.o
                0x0000000008005378                USBH_LL_SetTimer
 .text.USBH_LL_IncTimer
                0x0000000008005396       0x24 Middlewares/ST/STM32_USB_Host_Library/Core/Src/usbh_core.o
                0x0000000008005396                USBH_LL_IncTimer
 .text.USBH_HandleSof
                0x00000000080053ba       0x30 Middlewares/ST/STM32_USB_Host_Library/Core/Src/usbh_core.o
 .text.USBH_LL_PortEnabled
                0x00000000080053ea       0x1c Middlewares/ST/STM32_USB_Host_Library/Core/Src/usbh_core.o
                0x00000000080053ea                USBH_LL_PortEnabled
 .text.USBH_LL_PortDisabled
                0x0000000008005406       0x1c Middlewares/ST/STM32_USB_Host_Library/Core/Src/usbh_core.o
                0x0000000008005406                USBH_LL_PortDisabled
 .text.USBH_LL_Connect
                0x0000000008005422       0x2e Middlewares/ST/STM32_USB_Host_Library/Core/Src/usbh_core.o
                0x0000000008005422                USBH_LL_Connect
 .text.USBH_LL_Disconnect
                0x0000000008005450       0x48 Middlewares/ST/STM32_USB_Host_Library/Core/Src/usbh_core.o
                0x0000000008005450                USBH_LL_Disconnect
 .text.USBH_Get_DevDesc
                0x0000000008005498       0x50 Middlewares/ST/STM32_USB_Host_Library/Core/Src/usbh_ctlreq.o
                0x0000000008005498                USBH_Get_DevDesc
 .text.USBH_Get_CfgDesc
                0x00000000080054e8       0x48 Middlewares/ST/STM32_USB_Host_Library/Core/Src/usbh_ctlreq.o
                0x00000000080054e8                USBH_Get_CfgDesc
 .text.USBH_Get_StringDesc
                0x0000000008005530       0x56 Middlewares/ST/STM32_USB_Host_Library/Core/Src/usbh_ctlreq.o
                0x0000000008005530                USBH_Get_StringDesc
 .text.USBH_GetDescriptor
                0x0000000008005586       0x6a Middlewares/ST/STM32_USB_Host_Library/Core/Src/usbh_ctlreq.o
                0x0000000008005586                USBH_GetDescriptor
 .text.USBH_SetAddress
                0x00000000080055f0       0x48 Middlewares/ST/STM32_USB_Host_Library/Core/Src/usbh_ctlreq.o
                0x00000000080055f0                USBH_SetAddress
 .text.USBH_SetCfg
                0x0000000008005638       0x46 Middlewares/ST/STM32_USB_Host_Library/Core/Src/usbh_ctlreq.o
                0x0000000008005638                USBH_SetCfg
 .text.USBH_SetFeature
                0x000000000800567e       0x48 Middlewares/ST/STM32_USB_Host_Library/Core/Src/usbh_ctlreq.o
                0x000000000800567e                USBH_SetFeature
 .text.USBH_ParseDevDesc
                0x00000000080056c6       0xe0 Middlewares/ST/STM32_USB_Host_Library/Core/Src/usbh_ctlreq.o
 .text.USBH_ParseCfgDesc
                0x00000000080057a6      0x144 Middlewares/ST/STM32_USB_Host_Library/Core/Src/usbh_ctlreq.o
 .text.USBH_ParseInterfaceDesc
                0x00000000080058ea       0x5e Middlewares/ST/STM32_USB_Host_Library/Core/Src/usbh_ctlreq.o
 .text.USBH_ParseEPDesc
                0x0000000008005948       0x5a Middlewares/ST/STM32_USB_Host_Library/Core/Src/usbh_ctlreq.o
 .text.USBH_ParseStringDesc
                0x00000000080059a2       0x66 Middlewares/ST/STM32_USB_Host_Library/Core/Src/usbh_ctlreq.o
 .text.USBH_GetNextDesc
                0x0000000008005a08       0x36 Middlewares/ST/STM32_USB_Host_Library/Core/Src/usbh_ctlreq.o
                0x0000000008005a08                USBH_GetNextDesc
 .text.USBH_CtlReq
                0x0000000008005a3e       0x7a Middlewares/ST/STM32_USB_Host_Library/Core/Src/usbh_ctlreq.o
                0x0000000008005a3e                USBH_CtlReq
 .text.USBH_HandleControl
                0x0000000008005ab8      0x2e8 Middlewares/ST/STM32_USB_Host_Library/Core/Src/usbh_ctlreq.o
 .text.USBH_CtlSendSetup
                0x0000000008005da0       0x34 Middlewares/ST/STM32_USB_Host_Library/Core/Src/usbh_ioreq.o
                0x0000000008005da0                USBH_CtlSendSetup
 .text.USBH_CtlSendData
                0x0000000008005dd4       0x4a Middlewares/ST/STM32_USB_Host_Library/Core/Src/usbh_ioreq.o
                0x0000000008005dd4                USBH_CtlSendData
 .text.USBH_CtlReceiveData
                0x0000000008005e1e       0x3c Middlewares/ST/STM32_USB_Host_Library/Core/Src/usbh_ioreq.o
                0x0000000008005e1e                USBH_CtlReceiveData
 .text.USBH_BulkSendData
                0x0000000008005e5a       0x4a Middlewares/ST/STM32_USB_Host_Library/Core/Src/usbh_ioreq.o
                0x0000000008005e5a                USBH_BulkSendData
 .text.USBH_OpenPipe
                0x0000000008005ea4       0x3e Middlewares/ST/STM32_USB_Host_Library/Core/Src/usbh_pipes.o
                0x0000000008005ea4                USBH_OpenPipe
 .text.USBH_ClosePipe
                0x0000000008005ee2       0x20 Middlewares/ST/STM32_USB_Host_Library/Core/Src/usbh_pipes.o
                0x0000000008005ee2                USBH_ClosePipe
 .text.USBH_AllocPipe
                0x0000000008005f02       0x42 Middlewares/ST/STM32_USB_Host_Library/Core/Src/usbh_pipes.o
                0x0000000008005f02                USBH_AllocPipe
 .text.USBH_FreePipe
                0x0000000008005f44       0x3c Middlewares/ST/STM32_USB_Host_Library/Core/Src/usbh_pipes.o
                0x0000000008005f44                USBH_FreePipe
 .text.USBH_GetFreePipe
                0x0000000008005f80       0x48 Middlewares/ST/STM32_USB_Host_Library/Core/Src/usbh_pipes.o
 .text.USBH_PRT_InterfaceInit
                0x0000000008005fc8      0x1cc Printer_Driver_Files/usbh_hid_test.o
 .text.USBH_PRT_InterfaceDeInit
                0x0000000008006194       0x94 Printer_Driver_Files/usbh_hid_test.o
 .text.USBH_PRT_ClassRequest
                0x0000000008006228       0xa4 Printer_Driver_Files/usbh_hid_test.o
 .text.USBH_PRT_Process
                0x00000000080062cc      0x374 Printer_Driver_Files/usbh_hid_test.o
 .text.USBH_PRT_SOFProcess
                0x0000000008006640       0x42 Printer_Driver_Files/usbh_hid_test.o
 .text.USBH_PRT_Get_Device_Id
                0x0000000008006682       0x42 Printer_Driver_Files/usbh_hid_test.o
 .text.USBH_PRT_Get_Port_Status
                0x00000000080066c4       0x42 Printer_Driver_Files/usbh_hid_test.o
 *fill*         0x0000000008006706        0x2 
 .text.MX_USB_HOST_Init
                0x0000000008006708       0x4c USB_HOST/App/usb_host.o
                0x0000000008006708                MX_USB_HOST_Init
 .text.MX_USB_HOST_Process
                0x0000000008006754       0x14 USB_HOST/App/usb_host.o
                0x0000000008006754                MX_USB_HOST_Process
 .text.USBH_UserProcess
                0x0000000008006768       0x5c USB_HOST/App/usb_host.o
 .text.HAL_HCD_MspInit
                0x00000000080067c4       0xa8 USB_HOST/Target/usbh_conf.o
                0x00000000080067c4                HAL_HCD_MspInit
 .text.HAL_HCD_SOF_Callback
                0x000000000800686c       0x1c USB_HOST/Target/usbh_conf.o
                0x000000000800686c                HAL_HCD_SOF_Callback
 .text.HAL_HCD_Connect_Callback
                0x0000000008006888       0x1c USB_HOST/Target/usbh_conf.o
                0x0000000008006888                HAL_HCD_Connect_Callback
 .text.HAL_HCD_Disconnect_Callback
                0x00000000080068a4       0x1c USB_HOST/Target/usbh_conf.o
                0x00000000080068a4                HAL_HCD_Disconnect_Callback
 .text.HAL_HCD_HC_NotifyURBChange_Callback
                0x00000000080068c0       0x1c USB_HOST/Target/usbh_conf.o
                0x00000000080068c0                HAL_HCD_HC_NotifyURBChange_Callback
 .text.HAL_HCD_PortEnabled_Callback
                0x00000000080068dc       0x1c USB_HOST/Target/usbh_conf.o
                0x00000000080068dc                HAL_HCD_PortEnabled_Callback
 .text.HAL_HCD_PortDisabled_Callback
                0x00000000080068f8       0x1c USB_HOST/Target/usbh_conf.o
                0x00000000080068f8                HAL_HCD_PortDisabled_Callback
 .text.USBH_LL_Init
                0x0000000008006914       0x78 USB_HOST/Target/usbh_conf.o
                0x0000000008006914                USBH_LL_Init
 .text.USBH_LL_Start
                0x000000000800698c       0x36 USB_HOST/Target/usbh_conf.o
                0x000000000800698c                USBH_LL_Start
 .text.USBH_LL_Stop
                0x00000000080069c2       0x36 USB_HOST/Target/usbh_conf.o
                0x00000000080069c2                USBH_LL_Stop
 .text.USBH_LL_GetSpeed
                0x00000000080069f8       0x4e USB_HOST/Target/usbh_conf.o
                0x00000000080069f8                USBH_LL_GetSpeed
 .text.USBH_LL_ResetPort
                0x0000000008006a46       0x36 USB_HOST/Target/usbh_conf.o
                0x0000000008006a46                USBH_LL_ResetPort
 .text.USBH_LL_GetLastXferSize
                0x0000000008006a7c       0x26 USB_HOST/Target/usbh_conf.o
                0x0000000008006a7c                USBH_LL_GetLastXferSize
 .text.USBH_LL_OpenPipe
                0x0000000008006aa2       0x5e USB_HOST/Target/usbh_conf.o
                0x0000000008006aa2                USBH_LL_OpenPipe
 .text.USBH_LL_ClosePipe
                0x0000000008006b00       0x3e USB_HOST/Target/usbh_conf.o
                0x0000000008006b00                USBH_LL_ClosePipe
 .text.USBH_LL_SubmitURB
                0x0000000008006b3e       0x62 USB_HOST/Target/usbh_conf.o
                0x0000000008006b3e                USBH_LL_SubmitURB
 .text.USBH_LL_GetURBState
                0x0000000008006ba0       0x26 USB_HOST/Target/usbh_conf.o
                0x0000000008006ba0                USBH_LL_GetURBState
 .text.USBH_LL_DriverVBUS
                0x0000000008006bc6       0x1c USB_HOST/Target/usbh_conf.o
                0x0000000008006bc6                USBH_LL_DriverVBUS
 .text.USBH_LL_SetToggle
                0x0000000008006be2       0x60 USB_HOST/Target/usbh_conf.o
                0x0000000008006be2                USBH_LL_SetToggle
 .text.USBH_Delay
                0x0000000008006c42       0x16 USB_HOST/Target/usbh_conf.o
                0x0000000008006c42                USBH_Delay
 .text.USBH_Get_USB_Status
                0x0000000008006c58       0x58 USB_HOST/Target/usbh_conf.o
                0x0000000008006c58                USBH_Get_USB_Status
 .text.__errno  0x0000000008006cb0        0xc c:/st/stm32cubeide_1.6.0/stm32cubeide/plugins/com.st.stm32cube.ide.mcu.externaltools.gnu-tools-for-stm32.9-2020-q2-update.win32_1.5.0.202011040924/tools/bin/../lib/gcc/arm-none-eabi/9.3.1/../../../../arm-none-eabi/lib/thumb/v7e-m+fp/hard\libc_nano.a(lib_a-errno.o)
                0x0000000008006cb0                __errno
 .text.__libc_init_array
                0x0000000008006cbc       0x48 c:/st/stm32cubeide_1.6.0/stm32cubeide/plugins/com.st.stm32cube.ide.mcu.externaltools.gnu-tools-for-stm32.9-2020-q2-update.win32_1.5.0.202011040924/tools/bin/../lib/gcc/arm-none-eabi/9.3.1/../../../../arm-none-eabi/lib/thumb/v7e-m+fp/hard\libc_nano.a(lib_a-init.o)
                0x0000000008006cbc                __libc_init_array
 .text.malloc   0x0000000008006d04       0x10 c:/st/stm32cubeide_1.6.0/stm32cubeide/plugins/com.st.stm32cube.ide.mcu.externaltools.gnu-tools-for-stm32.9-2020-q2-update.win32_1.5.0.202011040924/tools/bin/../lib/gcc/arm-none-eabi/9.3.1/../../../../arm-none-eabi/lib/thumb/v7e-m+fp/hard\libc_nano.a(lib_a-malloc.o)
                0x0000000008006d04                malloc
 .text.free     0x0000000008006d14       0x10 c:/st/stm32cubeide_1.6.0/stm32cubeide/plugins/com.st.stm32cube.ide.mcu.externaltools.gnu-tools-for-stm32.9-2020-q2-update.win32_1.5.0.202011040924/tools/bin/../lib/gcc/arm-none-eabi/9.3.1/../../../../arm-none-eabi/lib/thumb/v7e-m+fp/hard\libc_nano.a(lib_a-malloc.o)
                0x0000000008006d14                free
 .text.memset   0x0000000008006d24       0x10 c:/st/stm32cubeide_1.6.0/stm32cubeide/plugins/com.st.stm32cube.ide.mcu.externaltools.gnu-tools-for-stm32.9-2020-q2-update.win32_1.5.0.202011040924/tools/bin/../lib/gcc/arm-none-eabi/9.3.1/../../../../arm-none-eabi/lib/thumb/v7e-m+fp/hard\libc_nano.a(lib_a-memset.o)
                0x0000000008006d24                memset
 .text._free_r  0x0000000008006d34       0xa0 c:/st/stm32cubeide_1.6.0/stm32cubeide/plugins/com.st.stm32cube.ide.mcu.externaltools.gnu-tools-for-stm32.9-2020-q2-update.win32_1.5.0.202011040924/tools/bin/../lib/gcc/arm-none-eabi/9.3.1/../../../../arm-none-eabi/lib/thumb/v7e-m+fp/hard\libc_nano.a(lib_a-nano-freer.o)
                0x0000000008006d34                _free_r
 .text._malloc_r
                0x0000000008006dd4       0xb4 c:/st/stm32cubeide_1.6.0/stm32cubeide/plugins/com.st.stm32cube.ide.mcu.externaltools.gnu-tools-for-stm32.9-2020-q2-update.win32_1.5.0.202011040924/tools/bin/../lib/gcc/arm-none-eabi/9.3.1/../../../../arm-none-eabi/lib/thumb/v7e-m+fp/hard\libc_nano.a(lib_a-nano-mallocr.o)
                0x0000000008006dd4                _malloc_r
 .text._sbrk_r  0x0000000008006e88       0x20 c:/st/stm32cubeide_1.6.0/stm32cubeide/plugins/com.st.stm32cube.ide.mcu.externaltools.gnu-tools-for-stm32.9-2020-q2-update.win32_1.5.0.202011040924/tools/bin/../lib/gcc/arm-none-eabi/9.3.1/../../../../arm-none-eabi/lib/thumb/v7e-m+fp/hard\libc_nano.a(lib_a-sbrkr.o)
                0x0000000008006e88                _sbrk_r
 .text.__malloc_lock
                0x0000000008006ea8        0xc c:/st/stm32cubeide_1.6.0/stm32cubeide/plugins/com.st.stm32cube.ide.mcu.externaltools.gnu-tools-for-stm32.9-2020-q2-update.win32_1.5.0.202011040924/tools/bin/../lib/gcc/arm-none-eabi/9.3.1/../../../../arm-none-eabi/lib/thumb/v7e-m+fp/hard\libc_nano.a(lib_a-mlock.o)
                0x0000000008006ea8                __malloc_lock
 .text.__malloc_unlock
                0x0000000008006eb4        0xc c:/st/stm32cubeide_1.6.0/stm32cubeide/plugins/com.st.stm32cube.ide.mcu.externaltools.gnu-tools-for-stm32.9-2020-q2-update.win32_1.5.0.202011040924/tools/bin/../lib/gcc/arm-none-eabi/9.3.1/../../../../arm-none-eabi/lib/thumb/v7e-m+fp/hard\libc_nano.a(lib_a-mlock.o)
                0x0000000008006eb4                __malloc_unlock
 .text.__retarget_lock_acquire_recursive
                0x0000000008006ec0        0x2 c:/st/stm32cubeide_1.6.0/stm32cubeide/plugins/com.st.stm32cube.ide.mcu.externaltools.gnu-tools-for-stm32.9-2020-q2-update.win32_1.5.0.202011040924/tools/bin/../lib/gcc/arm-none-eabi/9.3.1/../../../../arm-none-eabi/lib/thumb/v7e-m+fp/hard\libc_nano.a(lib_a-lock.o)
                0x0000000008006ec0                __retarget_lock_acquire_recursive
 .text.__retarget_lock_release_recursive
                0x0000000008006ec2        0x2 c:/st/stm32cubeide_1.6.0/stm32cubeide/plugins/com.st.stm32cube.ide.mcu.externaltools.gnu-tools-for-stm32.9-2020-q2-update.win32_1.5.0.202011040924/tools/bin/../lib/gcc/arm-none-eabi/9.3.1/../../../../arm-none-eabi/lib/thumb/v7e-m+fp/hard\libc_nano.a(lib_a-lock.o)
                0x0000000008006ec2                __retarget_lock_release_recursive
 *(.glue_7)
 .glue_7        0x0000000008006ec4        0x0 linker stubs
 *(.glue_7t)
 .glue_7t       0x0000000008006ec4        0x0 linker stubs
 *(.eh_frame)
 .eh_frame      0x0000000008006ec4        0x0 c:/st/stm32cubeide_1.6.0/stm32cubeide/plugins/com.st.stm32cube.ide.mcu.externaltools.gnu-tools-for-stm32.9-2020-q2-update.win32_1.5.0.202011040924/tools/bin/../lib/gcc/arm-none-eabi/9.3.1/thumb/v7e-m+fp/hard/crtbegin.o
 *(.init)
 .init          0x0000000008006ec4        0x4 c:/st/stm32cubeide_1.6.0/stm32cubeide/plugins/com.st.stm32cube.ide.mcu.externaltools.gnu-tools-for-stm32.9-2020-q2-update.win32_1.5.0.202011040924/tools/bin/../lib/gcc/arm-none-eabi/9.3.1/thumb/v7e-m+fp/hard/crti.o
                0x0000000008006ec4                _init
 .init          0x0000000008006ec8        0x8 c:/st/stm32cubeide_1.6.0/stm32cubeide/plugins/com.st.stm32cube.ide.mcu.externaltools.gnu-tools-for-stm32.9-2020-q2-update.win32_1.5.0.202011040924/tools/bin/../lib/gcc/arm-none-eabi/9.3.1/thumb/v7e-m+fp/hard/crtn.o
 *(.fini)
 .fini          0x0000000008006ed0        0x4 c:/st/stm32cubeide_1.6.0/stm32cubeide/plugins/com.st.stm32cube.ide.mcu.externaltools.gnu-tools-for-stm32.9-2020-q2-update.win32_1.5.0.202011040924/tools/bin/../lib/gcc/arm-none-eabi/9.3.1/thumb/v7e-m+fp/hard/crti.o
                0x0000000008006ed0                _fini
 .fini          0x0000000008006ed4        0x8 c:/st/stm32cubeide_1.6.0/stm32cubeide/plugins/com.st.stm32cube.ide.mcu.externaltools.gnu-tools-for-stm32.9-2020-q2-update.win32_1.5.0.202011040924/tools/bin/../lib/gcc/arm-none-eabi/9.3.1/thumb/v7e-m+fp/hard/crtn.o
                0x0000000008006edc                . = ALIGN (0x4)
                0x0000000008006edc                _etext = .

.vfp11_veneer   0x0000000008006edc        0x0
 .vfp11_veneer  0x0000000008006edc        0x0 linker stubs

.v4_bx          0x0000000008006edc        0x0
 .v4_bx         0x0000000008006edc        0x0 linker stubs

.iplt           0x0000000008006edc        0x0
 .iplt          0x0000000008006edc        0x0 c:/st/stm32cubeide_1.6.0/stm32cubeide/plugins/com.st.stm32cube.ide.mcu.externaltools.gnu-tools-for-stm32.9-2020-q2-update.win32_1.5.0.202011040924/tools/bin/../lib/gcc/arm-none-eabi/9.3.1/thumb/v7e-m+fp/hard/crtbegin.o

.rodata         0x0000000008006edc       0x48
                0x0000000008006edc                . = ALIGN (0x4)
 *(.rodata)
 .rodata        0x0000000008006edc       0x2d Printer_Driver_Files/usbh_hid_test.o
 *(.rodata*)
 *fill*         0x0000000008006f09        0x3 
 .rodata.AHBPrescTable
                0x0000000008006f0c       0x10 Core/Src/system_stm32f4xx.o
                0x0000000008006f0c                AHBPrescTable
 .rodata.APBPrescTable
                0x0000000008006f1c        0x8 Core/Src/system_stm32f4xx.o
                0x0000000008006f1c                APBPrescTable
                0x0000000008006f24                . = ALIGN (0x4)

.ARM.extab      0x0000000008006f24        0x0
                0x0000000008006f24                . = ALIGN (0x4)
 *(.ARM.extab* .gnu.linkonce.armextab.*)
                0x0000000008006f24                . = ALIGN (0x4)

.ARM            0x0000000008006f24        0x8
                0x0000000008006f24                . = ALIGN (0x4)
                0x0000000008006f24                __exidx_start = .
 *(.ARM.exidx*)
 .ARM.exidx     0x0000000008006f24        0x8 c:/st/stm32cubeide_1.6.0/stm32cubeide/plugins/com.st.stm32cube.ide.mcu.externaltools.gnu-tools-for-stm32.9-2020-q2-update.win32_1.5.0.202011040924/tools/bin/../lib/gcc/arm-none-eabi/9.3.1/thumb/v7e-m+fp/hard\libgcc.a(_udivmoddi4.o)
                0x0000000008006f2c                __exidx_end = .
                0x0000000008006f2c                . = ALIGN (0x4)

.rel.dyn        0x0000000008006f2c        0x0
 .rel.iplt      0x0000000008006f2c        0x0 c:/st/stm32cubeide_1.6.0/stm32cubeide/plugins/com.st.stm32cube.ide.mcu.externaltools.gnu-tools-for-stm32.9-2020-q2-update.win32_1.5.0.202011040924/tools/bin/../lib/gcc/arm-none-eabi/9.3.1/thumb/v7e-m+fp/hard/crtbegin.o

.preinit_array  0x0000000008006f2c        0x0
                0x0000000008006f2c                . = ALIGN (0x4)
                0x0000000008006f2c                PROVIDE (__preinit_array_start = .)
 *(.preinit_array*)
                0x0000000008006f2c                PROVIDE (__preinit_array_end = .)
                0x0000000008006f2c                . = ALIGN (0x4)

.init_array     0x0000000008006f2c        0x4
                0x0000000008006f2c                . = ALIGN (0x4)
                0x0000000008006f2c                PROVIDE (__init_array_start = .)
 *(SORT_BY_NAME(.init_array.*))
 *(.init_array*)
 .init_array    0x0000000008006f2c        0x4 c:/st/stm32cubeide_1.6.0/stm32cubeide/plugins/com.st.stm32cube.ide.mcu.externaltools.gnu-tools-for-stm32.9-2020-q2-update.win32_1.5.0.202011040924/tools/bin/../lib/gcc/arm-none-eabi/9.3.1/thumb/v7e-m+fp/hard/crtbegin.o
                0x0000000008006f30                PROVIDE (__init_array_end = .)
                0x0000000008006f30                . = ALIGN (0x4)

.fini_array     0x0000000008006f30        0x4
                0x0000000008006f30                . = ALIGN (0x4)
                [!provide]                        PROVIDE (__fini_array_start = .)
 *(SORT_BY_NAME(.fini_array.*))
 *(.fini_array*)
 .fini_array    0x0000000008006f30        0x4 c:/st/stm32cubeide_1.6.0/stm32cubeide/plugins/com.st.stm32cube.ide.mcu.externaltools.gnu-tools-for-stm32.9-2020-q2-update.win32_1.5.0.202011040924/tools/bin/../lib/gcc/arm-none-eabi/9.3.1/thumb/v7e-m+fp/hard/crtbegin.o
                [!provide]                        PROVIDE (__fini_array_end = .)
                0x0000000008006f34                . = ALIGN (0x4)
                0x0000000008006f34                _sidata = LOADADDR (.data)

.data           0x0000000020000000       0x90 load address 0x0000000008006f34
                0x0000000020000000                . = ALIGN (0x4)
                0x0000000020000000                _sdata = .
 *(.data)
 *(.data*)
 .data.SystemCoreClock
                0x0000000020000000        0x4 Core/Src/system_stm32f4xx.o
                0x0000000020000000                SystemCoreClock
 .data.uwTickPrio
                0x0000000020000004        0x4 Drivers/STM32F4xx_HAL_Driver/Src/stm32f4xx_hal.o
                0x0000000020000004                uwTickPrio
 .data.uwTickFreq
                0x0000000020000008        0x1 Drivers/STM32F4xx_HAL_Driver/Src/stm32f4xx_hal.o
                0x0000000020000008                uwTickFreq
 *fill*         0x0000000020000009        0x3 
 .data.PRT_Class
                0x000000002000000c       0x20 Printer_Driver_Files/usbh_hid_test.o
                0x000000002000000c                PRT_Class
 .data._impure_ptr
                0x000000002000002c        0x4 c:/st/stm32cubeide_1.6.0/stm32cubeide/plugins/com.st.stm32cube.ide.mcu.externaltools.gnu-tools-for-stm32.9-2020-q2-update.win32_1.5.0.202011040924/tools/bin/../lib/gcc/arm-none-eabi/9.3.1/../../../../arm-none-eabi/lib/thumb/v7e-m+fp/hard\libc_nano.a(lib_a-impure.o)
                0x000000002000002c                _impure_ptr
 .data.impure_data
                0x0000000020000030       0x60 c:/st/stm32cubeide_1.6.0/stm32cubeide/plugins/com.st.stm32cube.ide.mcu.externaltools.gnu-tools-for-stm32.9-2020-q2-update.win32_1.5.0.202011040924/tools/bin/../lib/gcc/arm-none-eabi/9.3.1/../../../../arm-none-eabi/lib/thumb/v7e-m+fp/hard\libc_nano.a(lib_a-impure.o)
 *(.RamFunc)
 *(.RamFunc*)
                0x0000000020000090                . = ALIGN (0x4)
                0x0000000020000090                _edata = .

.igot.plt       0x0000000020000090        0x0 load address 0x0000000008006fc4
 .igot.plt      0x0000000020000090        0x0 c:/st/stm32cubeide_1.6.0/stm32cubeide/plugins/com.st.stm32cube.ide.mcu.externaltools.gnu-tools-for-stm32.9-2020-q2-update.win32_1.5.0.202011040924/tools/bin/../lib/gcc/arm-none-eabi/9.3.1/thumb/v7e-m+fp/hard/crtbegin.o
                0x0000000020000090                . = ALIGN (0x4)

.bss            0x0000000020000090      0x784 load address 0x0000000008006fc4
                0x0000000020000090                _sbss = .
                0x0000000020000090                __bss_start__ = _sbss
 *(.bss)
 .bss           0x0000000020000090       0x1c c:/st/stm32cubeide_1.6.0/stm32cubeide/plugins/com.st.stm32cube.ide.mcu.externaltools.gnu-tools-for-stm32.9-2020-q2-update.win32_1.5.0.202011040924/tools/bin/../lib/gcc/arm-none-eabi/9.3.1/thumb/v7e-m+fp/hard/crtbegin.o
 *(.bss*)
 .bss.__sbrk_heap_end
                0x00000000200000ac        0x4 Core/Src/sysmem.o
 .bss.Appli_state
                0x00000000200000b0        0x1 USB_HOST/App/usb_host.o
                0x00000000200000b0                Appli_state
 *fill*         0x00000000200000b1        0x3 
 .bss.__malloc_free_list
                0x00000000200000b4        0x4 c:/st/stm32cubeide_1.6.0/stm32cubeide/plugins/com.st.stm32cube.ide.mcu.externaltools.gnu-tools-for-stm32.9-2020-q2-update.win32_1.5.0.202011040924/tools/bin/../lib/gcc/arm-none-eabi/9.3.1/../../../../arm-none-eabi/lib/thumb/v7e-m+fp/hard\libc_nano.a(lib_a-nano-mallocr.o)
                0x00000000200000b4                __malloc_free_list
 .bss.__malloc_sbrk_start
                0x00000000200000b8        0x4 c:/st/stm32cubeide_1.6.0/stm32cubeide/plugins/com.st.stm32cube.ide.mcu.externaltools.gnu-tools-for-stm32.9-2020-q2-update.win32_1.5.0.202011040924/tools/bin/../lib/gcc/arm-none-eabi/9.3.1/../../../../arm-none-eabi/lib/thumb/v7e-m+fp/hard\libc_nano.a(lib_a-nano-mallocr.o)
                0x00000000200000b8                __malloc_sbrk_start
 *(COMMON)
 COMMON         0x00000000200000bc       0x48 Core/Src/main.o
                0x00000000200000bc                x
                0x00000000200000be                y
                0x00000000200000c0                huart2
 COMMON         0x0000000020000104        0x4 Drivers/STM32F4xx_HAL_Driver/Src/stm32f4xx_hal.o
                0x0000000020000104                uwTick
 COMMON         0x0000000020000108       0x1f Middlewares/ST/STM32_USB_Host_Library/Class/HID/Src/usbh_hid_keybd.o
                0x0000000020000108                keybd_report_data
                0x0000000020000110                keybd_rx_report_buf
                0x0000000020000118                keybd_info
 *fill*         0x0000000020000127        0x1 
 COMMON         0x0000000020000128      0x3d8 USB_HOST/App/usb_host.o
                0x0000000020000128                hUsbHostFS
 COMMON         0x0000000020000500      0x304 USB_HOST/Target/usbh_conf.o
                0x0000000020000500                hhcd_USB_OTG_FS
 COMMON         0x0000000020000804        0x4 c:/st/stm32cubeide_1.6.0/stm32cubeide/plugins/com.st.stm32cube.ide.mcu.externaltools.gnu-tools-for-stm32.9-2020-q2-update.win32_1.5.0.202011040924/tools/bin/../lib/gcc/arm-none-eabi/9.3.1/../../../../arm-none-eabi/lib/thumb/v7e-m+fp/hard\libc_nano.a(lib_a-reent.o)
                0x0000000020000804                errno
 COMMON         0x0000000020000808        0x9 c:/st/stm32cubeide_1.6.0/stm32cubeide/plugins/com.st.stm32cube.ide.mcu.externaltools.gnu-tools-for-stm32.9-2020-q2-update.win32_1.5.0.202011040924/tools/bin/../lib/gcc/arm-none-eabi/9.3.1/../../../../arm-none-eabi/lib/thumb/v7e-m+fp/hard\libc_nano.a(lib_a-lock.o)
                0x0000000020000808                __lock___atexit_recursive_mutex
                0x0000000020000809                __lock___arc4random_mutex
                0x000000002000080a                __lock___env_recursive_mutex
                0x000000002000080b                __lock___sinit_recursive_mutex
                0x000000002000080c                __lock___malloc_recursive_mutex
                0x000000002000080d                __lock___at_quick_exit_mutex
                0x000000002000080e                __lock___dd_hash_mutex
                0x000000002000080f                __lock___tz_mutex
                0x0000000020000810                __lock___sfp_recursive_mutex
                0x0000000020000814                . = ALIGN (0x4)
 *fill*         0x0000000020000811        0x3 
                0x0000000020000814                _ebss = .
                0x0000000020000814                __bss_end__ = _ebss

._user_heap_stack
                0x0000000020000814      0x604 load address 0x0000000008006fc4
                0x0000000020000818                . = ALIGN (0x8)
 *fill*         0x0000000020000814        0x4 
                [!provide]                        PROVIDE (end = .)
                0x0000000020000818                PROVIDE (_end = .)
                0x0000000020000a18                . = (. + _Min_Heap_Size)
 *fill*         0x0000000020000818      0x200 
                0x0000000020000e18                . = (. + _Min_Stack_Size)
 *fill*         0x0000000020000a18      0x400 
                0x0000000020000e18                . = ALIGN (0x8)

/DISCARD/
 libc.a(*)
 libm.a(*)
 libgcc.a(*)

.ARM.attributes
                0x0000000000000000       0x30
 *(.ARM.attributes)
 .ARM.attributes
                0x0000000000000000       0x1e c:/st/stm32cubeide_1.6.0/stm32cubeide/plugins/com.st.stm32cube.ide.mcu.externaltools.gnu-tools-for-stm32.9-2020-q2-update.win32_1.5.0.202011040924/tools/bin/../lib/gcc/arm-none-eabi/9.3.1/thumb/v7e-m+fp/hard/crti.o
 .ARM.attributes
                0x000000000000001e       0x34 c:/st/stm32cubeide_1.6.0/stm32cubeide/plugins/com.st.stm32cube.ide.mcu.externaltools.gnu-tools-for-stm32.9-2020-q2-update.win32_1.5.0.202011040924/tools/bin/../lib/gcc/arm-none-eabi/9.3.1/thumb/v7e-m+fp/hard/crtbegin.o
 .ARM.attributes
                0x0000000000000052       0x34 Core/Src/main.o
 .ARM.attributes
                0x0000000000000086       0x34 Core/Src/stm32f4xx_hal_msp.o
 .ARM.attributes
                0x00000000000000ba       0x34 Core/Src/stm32f4xx_it.o
 .ARM.attributes
                0x00000000000000ee       0x34 Core/Src/sysmem.o
 .ARM.attributes
                0x0000000000000122       0x34 Core/Src/system_stm32f4xx.o
 .ARM.attributes
                0x0000000000000156       0x21 Core/Startup/startup_stm32f405rgtx.o
 .ARM.attributes
                0x0000000000000177       0x34 Drivers/STM32F4xx_HAL_Driver/Src/stm32f4xx_hal.o
 .ARM.attributes
                0x00000000000001ab       0x34 Drivers/STM32F4xx_HAL_Driver/Src/stm32f4xx_hal_cortex.o
 .ARM.attributes
                0x00000000000001df       0x34 Drivers/STM32F4xx_HAL_Driver/Src/stm32f4xx_hal_gpio.o
 .ARM.attributes
                0x0000000000000213       0x34 Drivers/STM32F4xx_HAL_Driver/Src/stm32f4xx_hal_hcd.o
 .ARM.attributes
                0x0000000000000247       0x34 Drivers/STM32F4xx_HAL_Driver/Src/stm32f4xx_hal_rcc.o
 .ARM.attributes
                0x000000000000027b       0x34 Drivers/STM32F4xx_HAL_Driver/Src/stm32f4xx_hal_uart.o
 .ARM.attributes
                0x00000000000002af       0x34 Drivers/STM32F4xx_HAL_Driver/Src/stm32f4xx_ll_usb.o
 .ARM.attributes
                0x00000000000002e3       0x34 Middlewares/ST/STM32_USB_Host_Library/Class/HID/Src/usbh_hid.o
 .ARM.attributes
                0x0000000000000317       0x34 Middlewares/ST/STM32_USB_Host_Library/Class/HID/Src/usbh_hid_keybd.o
 .ARM.attributes
                0x000000000000034b       0x34 Middlewares/ST/STM32_USB_Host_Library/Core/Src/usbh_core.o
 .ARM.attributes
                0x000000000000037f       0x34 Middlewares/ST/STM32_USB_Host_Library/Core/Src/usbh_ctlreq.o
 .ARM.attributes
                0x00000000000003b3       0x34 Middlewares/ST/STM32_USB_Host_Library/Core/Src/usbh_ioreq.o
 .ARM.attributes
                0x00000000000003e7       0x34 Middlewares/ST/STM32_USB_Host_Library/Core/Src/usbh_pipes.o
 .ARM.attributes
                0x000000000000041b       0x34 Printer_Driver_Files/usbh_hid_test.o
 .ARM.attributes
                0x000000000000044f       0x34 USB_HOST/App/usb_host.o
 .ARM.attributes
                0x0000000000000483       0x34 USB_HOST/Target/usbh_conf.o
 .ARM.attributes
                0x00000000000004b7       0x34 c:/st/stm32cubeide_1.6.0/stm32cubeide/plugins/com.st.stm32cube.ide.mcu.externaltools.gnu-tools-for-stm32.9-2020-q2-update.win32_1.5.0.202011040924/tools/bin/../lib/gcc/arm-none-eabi/9.3.1/../../../../arm-none-eabi/lib/thumb/v7e-m+fp/hard\libc_nano.a(lib_a-errno.o)
 .ARM.attributes
                0x00000000000004eb       0x32 c:/st/stm32cubeide_1.6.0/stm32cubeide/plugins/com.st.stm32cube.ide.mcu.externaltools.gnu-tools-for-stm32.9-2020-q2-update.win32_1.5.0.202011040924/tools/bin/../lib/gcc/arm-none-eabi/9.3.1/../../../../arm-none-eabi/lib/thumb/v7e-m+fp/hard\libc_nano.a(lib_a-impure.o)
 .ARM.attributes
                0x000000000000051d       0x34 c:/st/stm32cubeide_1.6.0/stm32cubeide/plugins/com.st.stm32cube.ide.mcu.externaltools.gnu-tools-for-stm32.9-2020-q2-update.win32_1.5.0.202011040924/tools/bin/../lib/gcc/arm-none-eabi/9.3.1/../../../../arm-none-eabi/lib/thumb/v7e-m+fp/hard\libc_nano.a(lib_a-init.o)
 .ARM.attributes
                0x0000000000000551       0x34 c:/st/stm32cubeide_1.6.0/stm32cubeide/plugins/com.st.stm32cube.ide.mcu.externaltools.gnu-tools-for-stm32.9-2020-q2-update.win32_1.5.0.202011040924/tools/bin/../lib/gcc/arm-none-eabi/9.3.1/../../../../arm-none-eabi/lib/thumb/v7e-m+fp/hard\libc_nano.a(lib_a-malloc.o)
 .ARM.attributes
                0x0000000000000585       0x34 c:/st/stm32cubeide_1.6.0/stm32cubeide/plugins/com.st.stm32cube.ide.mcu.externaltools.gnu-tools-for-stm32.9-2020-q2-update.win32_1.5.0.202011040924/tools/bin/../lib/gcc/arm-none-eabi/9.3.1/../../../../arm-none-eabi/lib/thumb/v7e-m+fp/hard\libc_nano.a(lib_a-memset.o)
 .ARM.attributes
                0x00000000000005b9       0x34 c:/st/stm32cubeide_1.6.0/stm32cubeide/plugins/com.st.stm32cube.ide.mcu.externaltools.gnu-tools-for-stm32.9-2020-q2-update.win32_1.5.0.202011040924/tools/bin/../lib/gcc/arm-none-eabi/9.3.1/../../../../arm-none-eabi/lib/thumb/v7e-m+fp/hard\libc_nano.a(lib_a-nano-freer.o)
 .ARM.attributes
                0x00000000000005ed       0x34 c:/st/stm32cubeide_1.6.0/stm32cubeide/plugins/com.st.stm32cube.ide.mcu.externaltools.gnu-tools-for-stm32.9-2020-q2-update.win32_1.5.0.202011040924/tools/bin/../lib/gcc/arm-none-eabi/9.3.1/../../../../arm-none-eabi/lib/thumb/v7e-m+fp/hard\libc_nano.a(lib_a-nano-mallocr.o)
 .ARM.attributes
                0x0000000000000621       0x34 c:/st/stm32cubeide_1.6.0/stm32cubeide/plugins/com.st.stm32cube.ide.mcu.externaltools.gnu-tools-for-stm32.9-2020-q2-update.win32_1.5.0.202011040924/tools/bin/../lib/gcc/arm-none-eabi/9.3.1/../../../../arm-none-eabi/lib/thumb/v7e-m+fp/hard\libc_nano.a(lib_a-sbrkr.o)
 .ARM.attributes
                0x0000000000000655       0x17 c:/st/stm32cubeide_1.6.0/stm32cubeide/plugins/com.st.stm32cube.ide.mcu.externaltools.gnu-tools-for-stm32.9-2020-q2-update.win32_1.5.0.202011040924/tools/bin/../lib/gcc/arm-none-eabi/9.3.1/../../../../arm-none-eabi/lib/thumb/v7e-m+fp/hard\libc_nano.a(lib_a-strlen.o)
 .ARM.attributes
                0x000000000000066c       0x34 c:/st/stm32cubeide_1.6.0/stm32cubeide/plugins/com.st.stm32cube.ide.mcu.externaltools.gnu-tools-for-stm32.9-2020-q2-update.win32_1.5.0.202011040924/tools/bin/../lib/gcc/arm-none-eabi/9.3.1/../../../../arm-none-eabi/lib/thumb/v7e-m+fp/hard\libc_nano.a(lib_a-mlock.o)
 .ARM.attributes
                0x00000000000006a0       0x34 c:/st/stm32cubeide_1.6.0/stm32cubeide/plugins/com.st.stm32cube.ide.mcu.externaltools.gnu-tools-for-stm32.9-2020-q2-update.win32_1.5.0.202011040924/tools/bin/../lib/gcc/arm-none-eabi/9.3.1/../../../../arm-none-eabi/lib/thumb/v7e-m+fp/hard\libc_nano.a(lib_a-reent.o)
 .ARM.attributes
                0x00000000000006d4       0x34 c:/st/stm32cubeide_1.6.0/stm32cubeide/plugins/com.st.stm32cube.ide.mcu.externaltools.gnu-tools-for-stm32.9-2020-q2-update.win32_1.5.0.202011040924/tools/bin/../lib/gcc/arm-none-eabi/9.3.1/../../../../arm-none-eabi/lib/thumb/v7e-m+fp/hard\libc_nano.a(lib_a-lock.o)
 .ARM.attributes
                0x0000000000000708       0x1e c:/st/stm32cubeide_1.6.0/stm32cubeide/plugins/com.st.stm32cube.ide.mcu.externaltools.gnu-tools-for-stm32.9-2020-q2-update.win32_1.5.0.202011040924/tools/bin/../lib/gcc/arm-none-eabi/9.3.1/thumb/v7e-m+fp/hard\libgcc.a(_aeabi_uldivmod.o)
 .ARM.attributes
                0x0000000000000726       0x34 c:/st/stm32cubeide_1.6.0/stm32cubeide/plugins/com.st.stm32cube.ide.mcu.externaltools.gnu-tools-for-stm32.9-2020-q2-update.win32_1.5.0.202011040924/tools/bin/../lib/gcc/arm-none-eabi/9.3.1/thumb/v7e-m+fp/hard\libgcc.a(_udivmoddi4.o)
 .ARM.attributes
                0x000000000000075a       0x1e c:/st/stm32cubeide_1.6.0/stm32cubeide/plugins/com.st.stm32cube.ide.mcu.externaltools.gnu-tools-for-stm32.9-2020-q2-update.win32_1.5.0.202011040924/tools/bin/../lib/gcc/arm-none-eabi/9.3.1/thumb/v7e-m+fp/hard\libgcc.a(_dvmd_tls.o)
 .ARM.attributes
                0x0000000000000778       0x1e c:/st/stm32cubeide_1.6.0/stm32cubeide/plugins/com.st.stm32cube.ide.mcu.externaltools.gnu-tools-for-stm32.9-2020-q2-update.win32_1.5.0.202011040924/tools/bin/../lib/gcc/arm-none-eabi/9.3.1/thumb/v7e-m+fp/hard/crtn.o
OUTPUT(Port_405.elf elf32-littlearm)
LOAD linker stubs
LOAD c:/st/stm32cubeide_1.6.0/stm32cubeide/plugins/com.st.stm32cube.ide.mcu.externaltools.gnu-tools-for-stm32.9-2020-q2-update.win32_1.5.0.202011040924/tools/bin/../lib/gcc/arm-none-eabi/9.3.1/../../../../arm-none-eabi/lib/thumb/v7e-m+fp/hard\libc.a
LOAD c:/st/stm32cubeide_1.6.0/stm32cubeide/plugins/com.st.stm32cube.ide.mcu.externaltools.gnu-tools-for-stm32.9-2020-q2-update.win32_1.5.0.202011040924/tools/bin/../lib/gcc/arm-none-eabi/9.3.1/../../../../arm-none-eabi/lib/thumb/v7e-m+fp/hard\libm.a
LOAD c:/st/stm32cubeide_1.6.0/stm32cubeide/plugins/com.st.stm32cube.ide.mcu.externaltools.gnu-tools-for-stm32.9-2020-q2-update.win32_1.5.0.202011040924/tools/bin/../lib/gcc/arm-none-eabi/9.3.1/thumb/v7e-m+fp/hard\libgcc.a

.debug_info     0x0000000000000000    0x196b9
 .debug_info    0x0000000000000000     0x1e76 Core/Src/main.o
 .debug_info    0x0000000000001e76      0x9fa Core/Src/stm32f4xx_hal_msp.o
 .debug_info    0x0000000000002870      0xbbb Core/Src/stm32f4xx_it.o
 .debug_info    0x000000000000342b      0xa25 Core/Src/sysmem.o
 .debug_info    0x0000000000003e50      0x5a4 Core/Src/system_stm32f4xx.o
 .debug_info    0x00000000000043f4       0x22 Core/Startup/startup_stm32f405rgtx.o
 .debug_info    0x0000000000004416      0x9a0 Drivers/STM32F4xx_HAL_Driver/Src/stm32f4xx_hal.o
 .debug_info    0x0000000000004db6      0xec5 Drivers/STM32F4xx_HAL_Driver/Src/stm32f4xx_hal_cortex.o
 .debug_info    0x0000000000005c7b      0x83e Drivers/STM32F4xx_HAL_Driver/Src/stm32f4xx_hal_gpio.o
 .debug_info    0x00000000000064b9      0xf67 Drivers/STM32F4xx_HAL_Driver/Src/stm32f4xx_hal_hcd.o
 .debug_info    0x0000000000007420      0x996 Drivers/STM32F4xx_HAL_Driver/Src/stm32f4xx_hal_rcc.o
 .debug_info    0x0000000000007db6     0x1665 Drivers/STM32F4xx_HAL_Driver/Src/stm32f4xx_hal_uart.o
 .debug_info    0x000000000000941b     0x1a8c Drivers/STM32F4xx_HAL_Driver/Src/stm32f4xx_ll_usb.o
 .debug_info    0x000000000000aea7     0x1bba Middlewares/ST/STM32_USB_Host_Library/Class/HID/Src/usbh_hid.o
 .debug_info    0x000000000000ca61     0x18cd Middlewares/ST/STM32_USB_Host_Library/Class/HID/Src/usbh_hid_keybd.o
 .debug_info    0x000000000000e32e     0x1815 Middlewares/ST/STM32_USB_Host_Library/Core/Src/usbh_core.o
 .debug_info    0x000000000000fb43     0x18e6 Middlewares/ST/STM32_USB_Host_Library/Core/Src/usbh_ctlreq.o
 .debug_info    0x0000000000011429     0x162f Middlewares/ST/STM32_USB_Host_Library/Core/Src/usbh_ioreq.o
 .debug_info    0x0000000000012a58     0x1457 Middlewares/ST/STM32_USB_Host_Library/Core/Src/usbh_pipes.o
 .debug_info    0x0000000000013eaf     0x1ba5 Printer_Driver_Files/usbh_hid_test.o
 .debug_info    0x0000000000015a54     0x1865 USB_HOST/App/usb_host.o
 .debug_info    0x00000000000172b9     0x2400 USB_HOST/Target/usbh_conf.o

.debug_abbrev   0x0000000000000000     0x37b0
 .debug_abbrev  0x0000000000000000      0x331 Core/Src/main.o
 .debug_abbrev  0x0000000000000331      0x1ac Core/Src/stm32f4xx_hal_msp.o
 .debug_abbrev  0x00000000000004dd      0x1b4 Core/Src/stm32f4xx_it.o
 .debug_abbrev  0x0000000000000691      0x1bf Core/Src/sysmem.o
 .debug_abbrev  0x0000000000000850      0x145 Core/Src/system_stm32f4xx.o
 .debug_abbrev  0x0000000000000995       0x12 Core/Startup/startup_stm32f405rgtx.o
 .debug_abbrev  0x00000000000009a7      0x1ed Drivers/STM32F4xx_HAL_Driver/Src/stm32f4xx_hal.o
 .debug_abbrev  0x0000000000000b94      0x33c Drivers/STM32F4xx_HAL_Driver/Src/stm32f4xx_hal_cortex.o
 .debug_abbrev  0x0000000000000ed0      0x1f1 Drivers/STM32F4xx_HAL_Driver/Src/stm32f4xx_hal_gpio.o
 .debug_abbrev  0x00000000000010c1      0x28d Drivers/STM32F4xx_HAL_Driver/Src/stm32f4xx_hal_hcd.o
 .debug_abbrev  0x000000000000134e      0x275 Drivers/STM32F4xx_HAL_Driver/Src/stm32f4xx_hal_rcc.o
 .debug_abbrev  0x00000000000015c3      0x28b Drivers/STM32F4xx_HAL_Driver/Src/stm32f4xx_hal_uart.o
 .debug_abbrev  0x000000000000184e      0x2a7 Drivers/STM32F4xx_HAL_Driver/Src/stm32f4xx_ll_usb.o
 .debug_abbrev  0x0000000000001af5      0x3a1 Middlewares/ST/STM32_USB_Host_Library/Class/HID/Src/usbh_hid.o
 .debug_abbrev  0x0000000000001e96      0x306 Middlewares/ST/STM32_USB_Host_Library/Class/HID/Src/usbh_hid_keybd.o
 .debug_abbrev  0x000000000000219c      0x3b4 Middlewares/ST/STM32_USB_Host_Library/Core/Src/usbh_core.o
 .debug_abbrev  0x0000000000002550      0x367 Middlewares/ST/STM32_USB_Host_Library/Core/Src/usbh_ctlreq.o
 .debug_abbrev  0x00000000000028b7      0x2b5 Middlewares/ST/STM32_USB_Host_Library/Core/Src/usbh_ioreq.o
 .debug_abbrev  0x0000000000002b6c      0x2f3 Middlewares/ST/STM32_USB_Host_Library/Core/Src/usbh_pipes.o
 .debug_abbrev  0x0000000000002e5f      0x316 Printer_Driver_Files/usbh_hid_test.o
 .debug_abbrev  0x0000000000003175      0x2a4 USB_HOST/App/usb_host.o
 .debug_abbrev  0x0000000000003419      0x397 USB_HOST/Target/usbh_conf.o

.debug_aranges  0x0000000000000000      0xd08
 .debug_aranges
                0x0000000000000000       0x48 Core/Src/main.o
 .debug_aranges
                0x0000000000000048       0x30 Core/Src/stm32f4xx_hal_msp.o
 .debug_aranges
                0x0000000000000078       0x68 Core/Src/stm32f4xx_it.o
 .debug_aranges
                0x00000000000000e0       0x20 Core/Src/sysmem.o
 .debug_aranges
                0x0000000000000100       0x28 Core/Src/system_stm32f4xx.o
 .debug_aranges
                0x0000000000000128       0x28 Core/Startup/startup_stm32f405rgtx.o
 .debug_aranges
                0x0000000000000150       0xf0 Drivers/STM32F4xx_HAL_Driver/Src/stm32f4xx_hal.o
 .debug_aranges
                0x0000000000000240      0x118 Drivers/STM32F4xx_HAL_Driver/Src/stm32f4xx_hal_cortex.o
 .debug_aranges
                0x0000000000000358       0x58 Drivers/STM32F4xx_HAL_Driver/Src/stm32f4xx_hal_gpio.o
 .debug_aranges
                0x00000000000003b0       0xf8 Drivers/STM32F4xx_HAL_Driver/Src/stm32f4xx_hal_hcd.o
 .debug_aranges
                0x00000000000004a8       0x88 Drivers/STM32F4xx_HAL_Driver/Src/stm32f4xx_hal_rcc.o
 .debug_aranges
                0x0000000000000530      0x200 Drivers/STM32F4xx_HAL_Driver/Src/stm32f4xx_hal_uart.o
 .debug_aranges
                0x0000000000000730      0x198 Drivers/STM32F4xx_HAL_Driver/Src/stm32f4xx_ll_usb.o
 .debug_aranges
                0x00000000000008c8       0xa8 Middlewares/ST/STM32_USB_Host_Library/Class/HID/Src/usbh_hid.o
 .debug_aranges
                0x0000000000000970       0x38 Middlewares/ST/STM32_USB_Host_Library/Class/HID/Src/usbh_hid_keybd.o
 .debug_aranges
                0x00000000000009a8       0xc0 Middlewares/ST/STM32_USB_Host_Library/Core/Src/usbh_core.o
 .debug_aranges
                0x0000000000000a68       0xa0 Middlewares/ST/STM32_USB_Host_Library/Core/Src/usbh_ctlreq.o
 .debug_aranges
                0x0000000000000b08       0x60 Middlewares/ST/STM32_USB_Host_Library/Core/Src/usbh_ioreq.o
 .debug_aranges
                0x0000000000000b68       0x40 Middlewares/ST/STM32_USB_Host_Library/Core/Src/usbh_pipes.o
 .debug_aranges
                0x0000000000000ba8       0x58 Printer_Driver_Files/usbh_hid_test.o
 .debug_aranges
                0x0000000000000c00       0x30 USB_HOST/App/usb_host.o
 .debug_aranges
                0x0000000000000c30       0xd8 USB_HOST/Target/usbh_conf.o

.debug_ranges   0x0000000000000000      0xbe0
 .debug_ranges  0x0000000000000000       0x38 Core/Src/main.o
 .debug_ranges  0x0000000000000038       0x20 Core/Src/stm32f4xx_hal_msp.o
 .debug_ranges  0x0000000000000058       0x58 Core/Src/stm32f4xx_it.o
 .debug_ranges  0x00000000000000b0       0x10 Core/Src/sysmem.o
 .debug_ranges  0x00000000000000c0       0x18 Core/Src/system_stm32f4xx.o
 .debug_ranges  0x00000000000000d8       0x20 Core/Startup/startup_stm32f405rgtx.o
 .debug_ranges  0x00000000000000f8       0xe0 Drivers/STM32F4xx_HAL_Driver/Src/stm32f4xx_hal.o
 .debug_ranges  0x00000000000001d8      0x108 Drivers/STM32F4xx_HAL_Driver/Src/stm32f4xx_hal_cortex.o
 .debug_ranges  0x00000000000002e0       0x48 Drivers/STM32F4xx_HAL_Driver/Src/stm32f4xx_hal_gpio.o
 .debug_ranges  0x0000000000000328       0xe8 Drivers/STM32F4xx_HAL_Driver/Src/stm32f4xx_hal_hcd.o
 .debug_ranges  0x0000000000000410       0x78 Drivers/STM32F4xx_HAL_Driver/Src/stm32f4xx_hal_rcc.o
 .debug_ranges  0x0000000000000488      0x220 Drivers/STM32F4xx_HAL_Driver/Src/stm32f4xx_hal_uart.o
 .debug_ranges  0x00000000000006a8      0x188 Drivers/STM32F4xx_HAL_Driver/Src/stm32f4xx_ll_usb.o
 .debug_ranges  0x0000000000000830       0x98 Middlewares/ST/STM32_USB_Host_Library/Class/HID/Src/usbh_hid.o
 .debug_ranges  0x00000000000008c8       0x28 Middlewares/ST/STM32_USB_Host_Library/Class/HID/Src/usbh_hid_keybd.o
 .debug_ranges  0x00000000000008f0       0xb0 Middlewares/ST/STM32_USB_Host_Library/Core/Src/usbh_core.o
 .debug_ranges  0x00000000000009a0       0x90 Middlewares/ST/STM32_USB_Host_Library/Core/Src/usbh_ctlreq.o
 .debug_ranges  0x0000000000000a30       0x50 Middlewares/ST/STM32_USB_Host_Library/Core/Src/usbh_ioreq.o
 .debug_ranges  0x0000000000000a80       0x30 Middlewares/ST/STM32_USB_Host_Library/Core/Src/usbh_pipes.o
 .debug_ranges  0x0000000000000ab0       0x48 Printer_Driver_Files/usbh_hid_test.o
 .debug_ranges  0x0000000000000af8       0x20 USB_HOST/App/usb_host.o
 .debug_ranges  0x0000000000000b18       0xc8 USB_HOST/Target/usbh_conf.o

.debug_macro    0x0000000000000000    0x22090
 .debug_macro   0x0000000000000000      0x44e Core/Src/main.o
 .debug_macro   0x000000000000044e      0xaa8 Core/Src/main.o
 .debug_macro   0x0000000000000ef6      0x29b Core/Src/main.o
 .debug_macro   0x0000000000001191       0x2e Core/Src/main.o
 .debug_macro   0x00000000000011bf       0x2f Core/Src/main.o
 .debug_macro   0x00000000000011ee       0x22 Core/Src/main.o
 .debug_macro   0x0000000000001210       0x8e Core/Src/main.o
 .debug_macro   0x000000000000129e       0x51 Core/Src/main.o
 .debug_macro   0x00000000000012ef      0x103 Core/Src/main.o
 .debug_macro   0x00000000000013f2       0x6a Core/Src/main.o
 .debug_macro   0x000000000000145c      0x1df Core/Src/main.o
 .debug_macro   0x000000000000163b       0x1c Core/Src/main.o
 .debug_macro   0x0000000000001657       0x22 Core/Src/main.o
 .debug_macro   0x0000000000001679       0xdf Core/Src/main.o
 .debug_macro   0x0000000000001758     0x102d Core/Src/main.o
 .debug_macro   0x0000000000002785      0x11f Core/Src/main.o
 .debug_macro   0x00000000000028a4    0x14251 Core/Src/main.o
 .debug_macro   0x0000000000016af5       0x43 Core/Src/main.o
 .debug_macro   0x0000000000016b38     0x3659 Core/Src/main.o
 .debug_macro   0x000000000001a191      0x174 Core/Src/main.o
 .debug_macro   0x000000000001a305       0x5c Core/Src/main.o
 .debug_macro   0x000000000001a361      0x8a7 Core/Src/main.o
 .debug_macro   0x000000000001ac08      0x9fe Core/Src/main.o
 .debug_macro   0x000000000001b606      0x117 Core/Src/main.o
 .debug_macro   0x000000000001b71d      0x130 Core/Src/main.o
 .debug_macro   0x000000000001b84d       0x82 Core/Src/main.o
 .debug_macro   0x000000000001b8cf      0x174 Core/Src/main.o
 .debug_macro   0x000000000001ba43      0x287 Core/Src/main.o
 .debug_macro   0x000000000001bcca       0x5f Core/Src/main.o
 .debug_macro   0x000000000001bd29      0x236 Core/Src/main.o
 .debug_macro   0x000000000001bf5f      0x12c Core/Src/main.o
 .debug_macro   0x000000000001c08b      0x21e Core/Src/main.o
 .debug_macro   0x000000000001c2a9       0x2e Core/Src/main.o
 .debug_macro   0x000000000001c2d7      0x11a Core/Src/main.o
 .debug_macro   0x000000000001c3f1       0x7e Core/Src/main.o
 .debug_macro   0x000000000001c46f       0x89 Core/Src/main.o
 .debug_macro   0x000000000001c4f8      0x295 Core/Src/main.o
 .debug_macro   0x000000000001c78d      0x21e Core/Src/main.o
 .debug_macro   0x000000000001c9ab       0x7a Core/Src/main.o
 .debug_macro   0x000000000001ca25      0x12d Core/Src/main.o
 .debug_macro   0x000000000001cb52       0x52 Core/Src/main.o
 .debug_macro   0x000000000001cba4       0x18 Core/Src/main.o
 .debug_macro   0x000000000001cbbc       0x3c Core/Src/main.o
 .debug_macro   0x000000000001cbf8       0x34 Core/Src/main.o
 .debug_macro   0x000000000001cc2c       0x16 Core/Src/main.o
 .debug_macro   0x000000000001cc42       0x35 Core/Src/main.o
 .debug_macro   0x000000000001cc77      0x333 Core/Src/main.o
 .debug_macro   0x000000000001cfaa       0x10 Core/Src/main.o
 .debug_macro   0x000000000001cfba       0x16 Core/Src/main.o
 .debug_macro   0x000000000001cfd0       0x43 Core/Src/main.o
 .debug_macro   0x000000000001d013       0x34 Core/Src/main.o
 .debug_macro   0x000000000001d047       0x10 Core/Src/main.o
 .debug_macro   0x000000000001d057       0x58 Core/Src/main.o
 .debug_macro   0x000000000001d0af       0x71 Core/Src/main.o
 .debug_macro   0x000000000001d120       0x1c Core/Src/main.o
 .debug_macro   0x000000000001d13c      0x12a Core/Src/main.o
 .debug_macro   0x000000000001d266       0x10 Core/Src/main.o
 .debug_macro   0x000000000001d276       0x1c Core/Src/main.o
 .debug_macro   0x000000000001d292       0x52 Core/Src/main.o
 .debug_macro   0x000000000001d2e4       0x22 Core/Src/main.o
 .debug_macro   0x000000000001d306       0x10 Core/Src/main.o
 .debug_macro   0x000000000001d316       0x40 Core/Src/main.o
 .debug_macro   0x000000000001d356       0xd5 Core/Src/main.o
 .debug_macro   0x000000000001d42b       0x1c Core/Src/main.o
 .debug_macro   0x000000000001d447       0x3d Core/Src/main.o
 .debug_macro   0x000000000001d484       0x16 Core/Src/main.o
 .debug_macro   0x000000000001d49a      0x145 Core/Src/main.o
 .debug_macro   0x000000000001d5df       0x16 Core/Src/main.o
 .debug_macro   0x000000000001d5f5       0x16 Core/Src/main.o
 .debug_macro   0x000000000001d60b       0x29 Core/Src/main.o
 .debug_macro   0x000000000001d634       0x16 Core/Src/main.o
 .debug_macro   0x000000000001d64a       0x20 Core/Src/main.o
 .debug_macro   0x000000000001d66a       0x73 Core/Src/main.o
 .debug_macro   0x000000000001d6dd      0x218 Core/Src/main.o
 .debug_macro   0x000000000001d8f5       0x2e Core/Src/main.o
 .debug_macro   0x000000000001d923       0x2e Core/Src/main.o
 .debug_macro   0x000000000001d951       0x28 Core/Src/main.o
 .debug_macro   0x000000000001d979      0x5b6 Core/Src/main.o
 .debug_macro   0x000000000001df2f      0x12f Core/Src/main.o
 .debug_macro   0x000000000001e05e       0x10 Core/Src/main.o
 .debug_macro   0x000000000001e06e      0x1dd Core/Src/stm32f4xx_hal_msp.o
 .debug_macro   0x000000000001e24b      0x1e7 Core/Src/stm32f4xx_it.o
 .debug_macro   0x000000000001e432       0xff Core/Src/sysmem.o
 .debug_macro   0x000000000001e531      0x23b Core/Src/sysmem.o
 .debug_macro   0x000000000001e76c      0x1d3 Core/Src/system_stm32f4xx.o
 .debug_macro   0x000000000001e93f      0x233 Drivers/STM32F4xx_HAL_Driver/Src/stm32f4xx_hal.o
 .debug_macro   0x000000000001eb72      0x1d3 Drivers/STM32F4xx_HAL_Driver/Src/stm32f4xx_hal_cortex.o
 .debug_macro   0x000000000001ed45      0x1d9 Drivers/STM32F4xx_HAL_Driver/Src/stm32f4xx_hal_gpio.o
 .debug_macro   0x000000000001ef1e      0x1d3 Drivers/STM32F4xx_HAL_Driver/Src/stm32f4xx_hal_hcd.o
 .debug_macro   0x000000000001f0f1      0x1f7 Drivers/STM32F4xx_HAL_Driver/Src/stm32f4xx_hal_rcc.o
 .debug_macro   0x000000000001f2e8      0x1d4 Drivers/STM32F4xx_HAL_Driver/Src/stm32f4xx_hal_uart.o
 .debug_macro   0x000000000001f4bc      0x1d3 Drivers/STM32F4xx_HAL_Driver/Src/stm32f4xx_ll_usb.o
 .debug_macro   0x000000000001f68f      0x42a Middlewares/ST/STM32_USB_Host_Library/Class/HID/Src/usbh_hid.o
 .debug_macro   0x000000000001fab9       0x97 Middlewares/ST/STM32_USB_Host_Library/Class/HID/Src/usbh_hid.o
 .debug_macro   0x000000000001fb50       0xfd Middlewares/ST/STM32_USB_Host_Library/Class/HID/Src/usbh_hid.o
 .debug_macro   0x000000000001fc4d       0xd9 Middlewares/ST/STM32_USB_Host_Library/Class/HID/Src/usbh_hid.o
 .debug_macro   0x000000000001fd26       0x56 Middlewares/ST/STM32_USB_Host_Library/Class/HID/Src/usbh_hid.o
 .debug_macro   0x000000000001fd7c      0x256 Middlewares/ST/STM32_USB_Host_Library/Class/HID/Src/usbh_hid.o
 .debug_macro   0x000000000001ffd2      0x466 Middlewares/ST/STM32_USB_Host_Library/Class/HID/Src/usbh_hid_keybd.o
 .debug_macro   0x0000000000020438      0x3f9 Middlewares/ST/STM32_USB_Host_Library/Core/Src/usbh_core.o
 .debug_macro   0x0000000000020831      0x3f1 Middlewares/ST/STM32_USB_Host_Library/Core/Src/usbh_ctlreq.o
 .debug_macro   0x0000000000020c22       0x28 Middlewares/ST/STM32_USB_Host_Library/Core/Src/usbh_ctlreq.o
 .debug_macro   0x0000000000020c4a      0x3eb Middlewares/ST/STM32_USB_Host_Library/Core/Src/usbh_ioreq.o
 .debug_macro   0x0000000000021035      0x3eb Middlewares/ST/STM32_USB_Host_Library/Core/Src/usbh_pipes.o
 .debug_macro   0x0000000000021420      0x443 Printer_Driver_Files/usbh_hid_test.o
 .debug_macro   0x0000000000021863      0x446 USB_HOST/App/usb_host.o
 .debug_macro   0x0000000000021ca9      0x3e7 USB_HOST/Target/usbh_conf.o

.debug_line     0x0000000000000000    0x10f90
 .debug_line    0x0000000000000000      0xb8c Core/Src/main.o
 .debug_line    0x0000000000000b8c      0x710 Core/Src/stm32f4xx_hal_msp.o
 .debug_line    0x000000000000129c      0x79d Core/Src/stm32f4xx_it.o
 .debug_line    0x0000000000001a39      0x4f8 Core/Src/sysmem.o
 .debug_line    0x0000000000001f31      0x744 Core/Src/system_stm32f4xx.o
 .debug_line    0x0000000000002675       0x88 Core/Startup/startup_stm32f405rgtx.o
 .debug_line    0x00000000000026fd      0x9aa Drivers/STM32F4xx_HAL_Driver/Src/stm32f4xx_hal.o
 .debug_line    0x00000000000030a7      0xc59 Drivers/STM32F4xx_HAL_Driver/Src/stm32f4xx_hal_cortex.o
 .debug_line    0x0000000000003d00      0xb22 Drivers/STM32F4xx_HAL_Driver/Src/stm32f4xx_hal_gpio.o
 .debug_line    0x0000000000004822     0x11bf Drivers/STM32F4xx_HAL_Driver/Src/stm32f4xx_hal_hcd.o
 .debug_line    0x00000000000059e1      0xd26 Drivers/STM32F4xx_HAL_Driver/Src/stm32f4xx_hal_rcc.o
 .debug_line    0x0000000000006707     0x1a70 Drivers/STM32F4xx_HAL_Driver/Src/stm32f4xx_hal_uart.o
 .debug_line    0x0000000000008177     0x187b Drivers/STM32F4xx_HAL_Driver/Src/stm32f4xx_ll_usb.o
 .debug_line    0x00000000000099f2      0xffb Middlewares/ST/STM32_USB_Host_Library/Class/HID/Src/usbh_hid.o
 .debug_line    0x000000000000a9ed      0xbc0 Middlewares/ST/STM32_USB_Host_Library/Class/HID/Src/usbh_hid_keybd.o
 .debug_line    0x000000000000b5ad     0x1133 Middlewares/ST/STM32_USB_Host_Library/Core/Src/usbh_core.o
 .debug_line    0x000000000000c6e0      0xee7 Middlewares/ST/STM32_USB_Host_Library/Core/Src/usbh_ctlreq.o
 .debug_line    0x000000000000d5c7      0xab1 Middlewares/ST/STM32_USB_Host_Library/Core/Src/usbh_ioreq.o
 .debug_line    0x000000000000e078      0xa5b Middlewares/ST/STM32_USB_Host_Library/Core/Src/usbh_pipes.o
 .debug_line    0x000000000000ead3      0xcf7 Printer_Driver_Files/usbh_hid_test.o
 .debug_line    0x000000000000f7ca      0xaeb USB_HOST/App/usb_host.o
 .debug_line    0x00000000000102b5      0xcdb USB_HOST/Target/usbh_conf.o

.debug_str      0x0000000000000000    0xbe29f
 .debug_str     0x0000000000000000    0xb98dd Core/Src/main.o
                                      0xb9cf5 (size before relaxing)
 .debug_str     0x00000000000b98dd       0xb8 Core/Src/stm32f4xx_hal_msp.o
                                      0xb28eb (size before relaxing)
 .debug_str     0x00000000000b9995      0x382 Core/Src/stm32f4xx_it.o
                                      0xb2bc0 (size before relaxing)
 .debug_str     0x00000000000b9d17      0x4e9 Core/Src/sysmem.o
                                       0x62c1 (size before relaxing)
 .debug_str     0x00000000000ba200       0xaf Core/Src/system_stm32f4xx.o
                                      0xb2496 (size before relaxing)
 .debug_str     0x00000000000ba2af       0x36 Core/Startup/startup_stm32f405rgtx.o
                                         0x92 (size before relaxing)
 .debug_str     0x00000000000ba2e5      0xa3d Drivers/STM32F4xx_HAL_Driver/Src/stm32f4xx_hal.o
                                      0xb2f57 (size before relaxing)
 .debug_str     0x00000000000bad22      0x392 Drivers/STM32F4xx_HAL_Driver/Src/stm32f4xx_hal_cortex.o
                                      0xb2d46 (size before relaxing)
 .debug_str     0x00000000000bb0b4      0x17b Drivers/STM32F4xx_HAL_Driver/Src/stm32f4xx_hal_gpio.o
                                      0xb263d (size before relaxing)
 .debug_str     0x00000000000bb22f      0x3fb Drivers/STM32F4xx_HAL_Driver/Src/stm32f4xx_hal_hcd.o
                                      0xb2b47 (size before relaxing)
 .debug_str     0x00000000000bb62a      0x259 Drivers/STM32F4xx_HAL_Driver/Src/stm32f4xx_hal_rcc.o
                                      0xb2898 (size before relaxing)
 .debug_str     0x00000000000bb883      0x5ec Drivers/STM32F4xx_HAL_Driver/Src/stm32f4xx_hal_uart.o
                                      0xb2dfa (size before relaxing)
 .debug_str     0x00000000000bbe6f      0x638 Drivers/STM32F4xx_HAL_Driver/Src/stm32f4xx_ll_usb.o
                                      0xb2da1 (size before relaxing)
 .debug_str     0x00000000000bc4a7     0x1176 Middlewares/ST/STM32_USB_Host_Library/Class/HID/Src/usbh_hid.o
                                      0xba63a (size before relaxing)
 .debug_str     0x00000000000bd61d      0x281 Middlewares/ST/STM32_USB_Host_Library/Class/HID/Src/usbh_hid_keybd.o
                                      0xba619 (size before relaxing)
 .debug_str     0x00000000000bd89e      0x25c Middlewares/ST/STM32_USB_Host_Library/Core/Src/usbh_core.o
                                      0xb8088 (size before relaxing)
 .debug_str     0x00000000000bdafa      0x21e Middlewares/ST/STM32_USB_Host_Library/Core/Src/usbh_ctlreq.o
                                      0xb80ac (size before relaxing)
 .debug_str     0x00000000000bdd18       0xfe Middlewares/ST/STM32_USB_Host_Library/Core/Src/usbh_ioreq.o
                                      0xb7f27 (size before relaxing)
 .debug_str     0x00000000000bde16       0x8f Middlewares/ST/STM32_USB_Host_Library/Core/Src/usbh_pipes.o
                                      0xb7eac (size before relaxing)
 .debug_str     0x00000000000bdea5      0x1cd Printer_Driver_Files/usbh_hid_test.o
                                      0xb8518 (size before relaxing)
 .debug_str     0x00000000000be072       0xbc USB_HOST/App/usb_host.o
                                      0xb99db (size before relaxing)
 .debug_str     0x00000000000be12e      0x171 USB_HOST/Target/usbh_conf.o
                                      0xb8b9f (size before relaxing)

.comment        0x0000000000000000       0x53
 .comment       0x0000000000000000       0x53 Core/Src/main.o
                                         0x54 (size before relaxing)
 .comment       0x0000000000000053       0x54 Core/Src/stm32f4xx_hal_msp.o
 .comment       0x0000000000000053       0x54 Core/Src/stm32f4xx_it.o
 .comment       0x0000000000000053       0x54 Core/Src/sysmem.o
 .comment       0x0000000000000053       0x54 Core/Src/system_stm32f4xx.o
 .comment       0x0000000000000053       0x54 Drivers/STM32F4xx_HAL_Driver/Src/stm32f4xx_hal.o
 .comment       0x0000000000000053       0x54 Drivers/STM32F4xx_HAL_Driver/Src/stm32f4xx_hal_cortex.o
 .comment       0x0000000000000053       0x54 Drivers/STM32F4xx_HAL_Driver/Src/stm32f4xx_hal_gpio.o
 .comment       0x0000000000000053       0x54 Drivers/STM32F4xx_HAL_Driver/Src/stm32f4xx_hal_hcd.o
 .comment       0x0000000000000053       0x54 Drivers/STM32F4xx_HAL_Driver/Src/stm32f4xx_hal_rcc.o
 .comment       0x0000000000000053       0x54 Drivers/STM32F4xx_HAL_Driver/Src/stm32f4xx_hal_uart.o
 .comment       0x0000000000000053       0x54 Drivers/STM32F4xx_HAL_Driver/Src/stm32f4xx_ll_usb.o
 .comment       0x0000000000000053       0x54 Middlewares/ST/STM32_USB_Host_Library/Class/HID/Src/usbh_hid.o
 .comment       0x0000000000000053       0x54 Middlewares/ST/STM32_USB_Host_Library/Class/HID/Src/usbh_hid_keybd.o
 .comment       0x0000000000000053       0x54 Middlewares/ST/STM32_USB_Host_Library/Core/Src/usbh_core.o
 .comment       0x0000000000000053       0x54 Middlewares/ST/STM32_USB_Host_Library/Core/Src/usbh_ctlreq.o
 .comment       0x0000000000000053       0x54 Middlewares/ST/STM32_USB_Host_Library/Core/Src/usbh_ioreq.o
 .comment       0x0000000000000053       0x54 Middlewares/ST/STM32_USB_Host_Library/Core/Src/usbh_pipes.o
 .comment       0x0000000000000053       0x54 Printer_Driver_Files/usbh_hid_test.o
 .comment       0x0000000000000053       0x54 USB_HOST/App/usb_host.o
 .comment       0x0000000000000053       0x54 USB_HOST/Target/usbh_conf.o

.debug_frame    0x0000000000000000     0x36ac
 .debug_frame   0x0000000000000000       0xe0 Core/Src/main.o
 .debug_frame   0x00000000000000e0       0x80 Core/Src/stm32f4xx_hal_msp.o
 .debug_frame   0x0000000000000160      0x120 Core/Src/stm32f4xx_it.o
 .debug_frame   0x0000000000000280       0x34 Core/Src/sysmem.o
 .debug_frame   0x00000000000002b4       0x58 Core/Src/system_stm32f4xx.o
 .debug_frame   0x000000000000030c      0x374 Drivers/STM32F4xx_HAL_Driver/Src/stm32f4xx_hal.o
 .debug_frame   0x0000000000000680      0x498 Drivers/STM32F4xx_HAL_Driver/Src/stm32f4xx_hal_cortex.o
 .debug_frame   0x0000000000000b18      0x14c Drivers/STM32F4xx_HAL_Driver/Src/stm32f4xx_hal_gpio.o
 .debug_frame   0x0000000000000c64      0x44c Drivers/STM32F4xx_HAL_Driver/Src/stm32f4xx_hal_hcd.o
 .debug_frame   0x00000000000010b0      0x1f0 Drivers/STM32F4xx_HAL_Driver/Src/stm32f4xx_hal_rcc.o
 .debug_frame   0x00000000000012a0      0x924 Drivers/STM32F4xx_HAL_Driver/Src/stm32f4xx_hal_uart.o
 .debug_frame   0x0000000000001bc4      0x798 Drivers/STM32F4xx_HAL_Driver/Src/stm32f4xx_ll_usb.o
 .debug_frame   0x000000000000235c      0x2bc Middlewares/ST/STM32_USB_Host_Library/Class/HID/Src/usbh_hid.o
 .debug_frame   0x0000000000002618       0xa4 Middlewares/ST/STM32_USB_Host_Library/Class/HID/Src/usbh_hid_keybd.o
 .debug_frame   0x00000000000026bc      0x338 Middlewares/ST/STM32_USB_Host_Library/Core/Src/usbh_core.o
 .debug_frame   0x00000000000029f4      0x28c Middlewares/ST/STM32_USB_Host_Library/Core/Src/usbh_ctlreq.o
 .debug_frame   0x0000000000002c80      0x154 Middlewares/ST/STM32_USB_Host_Library/Core/Src/usbh_ioreq.o
 .debug_frame   0x0000000000002dd4       0xcc Middlewares/ST/STM32_USB_Host_Library/Core/Src/usbh_pipes.o
 .debug_frame   0x0000000000002ea0      0x148 Printer_Driver_Files/usbh_hid_test.o
 .debug_frame   0x0000000000002fe8       0x70 USB_HOST/App/usb_host.o
 .debug_frame   0x0000000000003058      0x388 USB_HOST/Target/usbh_conf.o
 .debug_frame   0x00000000000033e0       0x20 c:/st/stm32cubeide_1.6.0/stm32cubeide/plugins/com.st.stm32cube.ide.mcu.externaltools.gnu-tools-for-stm32.9-2020-q2-update.win32_1.5.0.202011040924/tools/bin/../lib/gcc/arm-none-eabi/9.3.1/../../../../arm-none-eabi/lib/thumb/v7e-m+fp/hard\libc_nano.a(lib_a-errno.o)
 .debug_frame   0x0000000000003400       0x2c c:/st/stm32cubeide_1.6.0/stm32cubeide/plugins/com.st.stm32cube.ide.mcu.externaltools.gnu-tools-for-stm32.9-2020-q2-update.win32_1.5.0.202011040924/tools/bin/../lib/gcc/arm-none-eabi/9.3.1/../../../../arm-none-eabi/lib/thumb/v7e-m+fp/hard\libc_nano.a(lib_a-init.o)
 .debug_frame   0x000000000000342c       0x30 c:/st/stm32cubeide_1.6.0/stm32cubeide/plugins/com.st.stm32cube.ide.mcu.externaltools.gnu-tools-for-stm32.9-2020-q2-update.win32_1.5.0.202011040924/tools/bin/../lib/gcc/arm-none-eabi/9.3.1/../../../../arm-none-eabi/lib/thumb/v7e-m+fp/hard\libc_nano.a(lib_a-malloc.o)
 .debug_frame   0x000000000000345c       0x20 c:/st/stm32cubeide_1.6.0/stm32cubeide/plugins/com.st.stm32cube.ide.mcu.externaltools.gnu-tools-for-stm32.9-2020-q2-update.win32_1.5.0.202011040924/tools/bin/../lib/gcc/arm-none-eabi/9.3.1/../../../../arm-none-eabi/lib/thumb/v7e-m+fp/hard\libc_nano.a(lib_a-memset.o)