stm32f4xx_hal_uart.c:317:19:HAL_UART_Init	16	static
stm32f4xx_hal_uart.c:394:19:HAL_HalfDuplex_Init	16	static
stm32f4xx_hal_uart.c:467:19:HAL_LIN_Init	16	static
stm32f4xx_hal_uart.c:548:19:HAL_MultiProcessor_Init	24	static
stm32f4xx_hal_uart.c:625:19:HAL_UART_DeInit	16	static
stm32f4xx_hal_uart.c:669:13:HAL_UART_MspInit	16	static
stm32f4xx_hal_uart.c:684:13:HAL_UART_MspDeInit	16	static
stm32f4xx_hal_uart.c:1024:19:HAL_UART_Transmit	40	static
stm32f4xx_hal_uart.c:1110:19:HAL_UART_Receive	40	static
stm32f4xx_hal_uart.c:1201:19:HAL_UART_Transmit_IT	24	static
stm32f4xx_hal_uart.c:1247:19:HAL_UART_Receive_IT	24	static
stm32f4xx_hal_uart.c:1298:19:HAL_UART_Transmit_DMA	32	static
stm32f4xx_hal_uart.c:1366:19:HAL_UART_Receive_DMA	32	static
stm32f4xx_hal_uart.c:1433:19:HAL_UART_DMAPause	24	static
stm32f4xx_hal_uart.c:1470:19:HAL_UART_DMAResume	24	static
stm32f4xx_hal_uart.c:1506:19:HAL_UART_DMAStop	24	static
stm32f4xx_hal_uart.c:1558:19:HAL_UART_Abort	16	static
stm32f4xx_hal_uart.c:1640:19:HAL_UART_AbortTransmit	16	static
stm32f4xx_hal_uart.c:1691:19:HAL_UART_AbortReceive	16	static
stm32f4xx_hal_uart.c:1745:19:HAL_UART_Abort_IT	24	static
stm32f4xx_hal_uart.c:1873:19:HAL_UART_AbortTransmit_IT	16	static
stm32f4xx_hal_uart.c:1950:19:HAL_UART_AbortReceive_IT	16	static
stm32f4xx_hal_uart.c:2020:6:HAL_UART_IRQHandler	40	static
stm32f4xx_hal_uart.c:2166:13:HAL_UART_TxCpltCallback	16	static
stm32f4xx_hal_uart.c:2181:13:HAL_UART_TxHalfCpltCallback	16	static
stm32f4xx_hal_uart.c:2196:13:HAL_UART_RxCpltCallback	16	static
stm32f4xx_hal_uart.c:2211:13:HAL_UART_RxHalfCpltCallback	16	static
stm32f4xx_hal_uart.c:2226:13:HAL_UART_ErrorCallback	16	static
stm32f4xx_hal_uart.c:2240:13:HAL_UART_AbortCpltCallback	16	static
stm32f4xx_hal_uart.c:2255:13:HAL_UART_AbortTransmitCpltCallback	16	static
stm32f4xx_hal_uart.c:2270:13:HAL_UART_AbortReceiveCpltCallback	16	static
stm32f4xx_hal_uart.c:2309:19:HAL_LIN_SendBreak	16	static
stm32f4xx_hal_uart.c:2336:19:HAL_MultiProcessor_EnterMuteMode	16	static
stm32f4xx_hal_uart.c:2363:19:HAL_MultiProcessor_ExitMuteMode	16	static
stm32f4xx_hal_uart.c:2390:19:HAL_HalfDuplex_EnableTransmitter	24	static
stm32f4xx_hal_uart.c:2425:19:HAL_HalfDuplex_EnableReceiver	24	static
stm32f4xx_hal_uart.c:2482:23:HAL_UART_GetState	24	static
stm32f4xx_hal_uart.c:2497:10:HAL_UART_GetError	16	static
stm32f4xx_hal_uart.c:2541:13:UART_DMATransmitCplt	24	static
stm32f4xx_hal_uart.c:2576:13:UART_DMATxHalfCplt	24	static
stm32f4xx_hal_uart.c:2595:13:UART_DMAReceiveCplt	24	static
stm32f4xx_hal_uart.c:2629:13:UART_DMARxHalfCplt	24	static
stm32f4xx_hal_uart.c:2648:13:UART_DMAError	24	static
stm32f4xx_hal_uart.c:2689:26:UART_WaitOnFlagUntilTimeout	24	static
stm32f4xx_hal_uart.c:2721:13:UART_EndTxTransfer	16	static
stm32f4xx_hal_uart.c:2735:13:UART_EndRxTransfer	16	static
stm32f4xx_hal_uart.c:2752:13:UART_DMAAbortOnError	24	static
stm32f4xx_hal_uart.c:2776:13:UART_DMATxAbortCallback	24	static
stm32f4xx_hal_uart.c:2821:13:UART_DMARxAbortCallback	24	static
stm32f4xx_hal_uart.c:2866:13:UART_DMATxOnlyAbortCallback	24	static
stm32f4xx_hal_uart.c:2894:13:UART_DMARxOnlyAbortCallback	24	static
stm32f4xx_hal_uart.c:2919:26:UART_Transmit_IT	24	static
stm32f4xx_hal_uart.c:2966:26:UART_EndTransmit_IT	16	static
stm32f4xx_hal_uart.c:2991:26:UART_Receive_IT	24	static
stm32f4xx_hal_uart.c:3062:13:UART_SetConfig	280	static
