12:22:27 **** Incremental Build of configuration Debug for project Port_405 ****
make -j4 all 
arm-none-eabi-gcc "../Core/Src/main.c" -mcpu=cortex-m4 -std=gnu11 -g3 -DDEBUG -DUSE_HAL_DRIVER -DSTM32F405xx -c -I../Core/Inc -I../Drivers/STM32F4xx_HAL_Driver/Inc -I../Drivers/STM32F4xx_HAL_Driver/Inc/Legacy -I../Drivers/CMSIS/Device/ST/STM32F4xx/Include -I../Drivers/CMSIS/Include -I../USB_HOST/App -I../USB_HOST/Target -I../Middlewares/ST/STM32_USB_Host_Library/Core/Inc -I../Middlewares/ST/STM32_USB_Host_Library/Class/HID/Inc -I"D:/Company_Projects_by_vivek/Axis_Company_Project/USB_HOST/Project_Code/TEST/Port_405/Printer_Driver_Files" -O0 -ffunction-sections -fdata-sections -Wall -fstack-usage -MMD -MP -MF"Core/Src/main.d" -MT"Core/Src/main.o" --specs=nano.specs -mfpu=fpv4-sp-d16 -mfloat-abi=hard -mthumb -o "Core/Src/main.o"
../Core/Src/main.c: In function 'USBH_HID_EventCallback':
../Core/Src/main.c:248:32: warning: passing argument 2 of 'USB_ReadPacket' from incompatible pointer type [-Wincompatible-pointer-types]
  248 |  data[0]= USB_ReadPacket(USBx, &dest,  len);
      |                                ^~~~~
      |                                |
      |                                uint8_t (*)[8] {aka unsigned char (*)[8]}
In file included from ../Drivers/STM32F4xx_HAL_Driver/Inc/stm32f4xx_hal_hcd.h:29,
                 from ../Core/Inc/stm32f4xx_hal_conf.h:430,
                 from ../Drivers/STM32F4xx_HAL_Driver/Inc/stm32f4xx_hal.h:30,
                 from ../Core/Inc/main.h:31,
                 from ../Core/Src/main.c:22:
../Drivers/STM32F4xx_HAL_Driver/Inc/stm32f4xx_ll_usb.h:451:19: note: expected 'uint8_t *' {aka 'unsigned char *'} but argument is of type 'uint8_t (*)[8]' {aka 'unsigned char (*)[8]'}
  451 | void             *USB_ReadPacket(USB_OTG_GlobalTypeDef *USBx, uint8_t *dest, uint16_t len);
      |                   ^~~~~~~~~~~~~~
../Core/Src/main.c:252:22: warning: variable 'temp4' set but not used [-Wunused-but-set-variable]
  252 |    uint32_t temp3=0, temp4=0;
      |                      ^~~~~
../Core/Src/main.c:252:13: warning: variable 'temp3' set but not used [-Wunused-but-set-variable]
  252 |    uint32_t temp3=0, temp4=0;
      |             ^~~~~
../Core/Src/main.c:243:18: warning: variable 'temp2' set but not used [-Wunused-but-set-variable]
  243 |  uint8_t *temp1, temp2=0;
      |                  ^~~~~
../Core/Src/main.c:243:11: warning: unused variable 'temp1' [-Wunused-variable]
  243 |  uint8_t *temp1, temp2=0;
      |           ^~~~~
../Core/Src/main.c:248:11: warning: 'USBx' is used uninitialized in this function [-Wuninitialized]
  248 |  data[0]= USB_ReadPacket(USBx, &dest,  len);
      |           ^~~~~~~~~~~~~~~~~~~~~~~~~~~~~~~~~
arm-none-eabi-gcc -o "Port_405.elf" @"objects.list"   -mcpu=cortex-m4 -T"D:\Company_Projects_by_vivek\Axis_Company_Project\USB_HOST\Project_Code\TEST\Port_405\STM32F405RGTX_FLASH.ld" --specs=nosys.specs -Wl,-Map="Port_405.map" -Wl,--gc-sections -static --specs=nano.specs -mfpu=fpv4-sp-d16 -mfloat-abi=hard -mthumb -Wl,--start-group -lc -lm -Wl,--end-group
Finished building target: Port_405.elf
 
arm-none-eabi-objdump -h -S  Port_405.elf  > "Port_405.list"
arm-none-eabi-objcopy  -O binary  Port_405.elf  "Port_405.bin"
arm-none-eabi-size   Port_405.elf 
   text	   data	    bss	    dec	    hex	filename
  28460	    152	   3464	  32076	   7d4c	Port_405.elf
Finished building: default.size.stdout
 
Finished building: Port_405.bin
 
Finished building: Port_405.list
 

12:22:29 Build Finished. 0 errors, 6 warnings. (took 1s.820ms)

